98.102.69.90 - - [25/Jul/2018:06:45:02 -0700] "GET /wp-includes/js/wp-embed.min.js?ver=4.9.7 HTTP/1.1" 200 1079 "http://www.aablueprint.com/" "Mozilla/5.0 (Windows NT 6.1; Win64; x64) AppleWebKit/537.36 (KHTML, like Gecko) Chrome/67.0.3396.99 Safari/537.36" 
98.102.69.90 - - [25/Jul/2018:06:45:02 -0700] "GET /wp-content/themes/aablueprint-v1.3/img/logo-aa_blueprint.gif HTTP/1.1" 200 4760 "http://www.aablueprint.com/wp-content/themes/aablueprint-v1.3/css/layout.css" "Mozilla/5.0 (Windows NT 6.1; Win64; x64) AppleWebKit/537.36 (KHTML, like Gecko) Chrome/67.0.3396.99 Safari/537.36" 
98.102.69.90 - - [25/Jul/2018:06:45:02 -0700] "GET /wp-content/themes/aablueprint-v1.3/img/photo-print-services.jpg HTTP/1.1" 200 13413 "http://www.aablueprint.com/wp-content/themes/aablueprint-v1.3/style.css" "Mozilla/5.0 (Windows NT 6.1; Win64; x64) AppleWebKit/537.36 (KHTML, like Gecko) Chrome/67.0.3396.99 Safari/537.36" 
98.102.69.90 - - [25/Jul/2018:06:45:02 -0700] "GET /wp-content/themes/aablueprint-v1.3/img/photo-equipment-sales.jpg HTTP/1.1" 200 11244 "http://www.aablueprint.com/wp-content/themes/aablueprint-v1.3/style.css" "Mozilla/5.0 (Windows NT 6.1; Win64; x64) AppleWebKit/537.36 (KHTML, like Gecko) Chrome/67.0.3396.99 Safari/537.36" 
98.102.69.90 - - [25/Jul/2018:06:45:02 -0700] "GET /wp-content/themes/aablueprint-v1.3/img/arrow-down-white.png HTTP/1.1" 200 832 "http://www.aablueprint.com/wp-content/themes/aablueprint-v1.3/style.css" "Mozilla/5.0 (Windows NT 6.1; Win64; x64) AppleWebKit/537.36 (KHTML, like Gecko) Chrome/67.0.3396.99 Safari/537.36" 
98.102.69.90 - - [25/Jul/2018:06:45:02 -0700] "GET /wp-content/themes/aablueprint-v1.3/img/arrow-right-white.png HTTP/1.1" 200 450 "http://www.aablueprint.com/wp-content/themes/aablueprint-v1.3/style.css" "Mozilla/5.0 (Windows NT 6.1; Win64; x64) AppleWebKit/537.36 (KHTML, like Gecko) Chrome/67.0.3396.99 Safari/537.36" 
98.102.69.90 - - [25/Jul/2018:06:45:03 -0700] "GET /wp-content/themes/aablueprint-v1.3/img/icon_facebook.jpg HTTP/1.1" 200 3491 "http://www.aablueprint.com/" "Mozilla/5.0 (Windows NT 6.1; Win64; x64) AppleWebKit/537.36 (KHTML, like Gecko) Chrome/67.0.3396.99 Safari/537.36" 
98.102.69.90 - - [25/Jul/2018:06:45:03 -0700] "GET /wp-content/themes/aablueprint-v1.3/img/logo_hp.jpg HTTP/1.1" 200 1852 "http://www.aablueprint.com/" "Mozilla/5.0 (Windows NT 6.1; Win64; x64) AppleWebKit/537.36 (KHTML, like Gecko) Chrome/67.0.3396.99 Safari/537.36" 
98.102.69.90 - - [25/Jul/2018:06:45:03 -0700] "GET /wp-content/themes/aablueprint-v1.3/img/logo_edge.jpg HTTP/1.1" 200 2756 "http://www.aablueprint.com/" "Mozilla/5.0 (Windows NT 6.1; Win64; x64) AppleWebKit/537.36 (KHTML, like Gecko) Chrome/67.0.3396.99 Safari/537.36" 
98.102.69.90 - - [25/Jul/2018:06:45:03 -0700] "GET /wp-content/uploads/2014/03/home-slide-5.jpg HTTP/1.1" 200 83953 "http://www.aablueprint.com/" "Mozilla/5.0 (Windows NT 6.1; Win64; x64) AppleWebKit/537.36 (KHTML, like Gecko) Chrome/67.0.3396.99 Safari/537.36" 
98.102.69.90 - - [25/Jul/2018:06:45:03 -0700] "GET /wp-content/themes/aablueprint-v1.3/img/logo_repromax.jpg HTTP/1.1" 200 2122 "http://www.aablueprint.com/" "Mozilla/5.0 (Windows NT 6.1; Win64; x64) AppleWebKit/537.36 (KHTML, like Gecko) Chrome/67.0.3396.99 Safari/537.36" 
98.102.69.90 - - [25/Jul/2018:06:45:03 -0700] "GET /wp-content/uploads/2014/04/home-slide-3_1.jpg HTTP/1.1" 200 84047 "http://www.aablueprint.com/" "Mozilla/5.0 (Windows NT 6.1; Win64; x64) AppleWebKit/537.36 (KHTML, like Gecko) Chrome/67.0.3396.99 Safari/537.36" 
98.102.69.90 - - [25/Jul/2018:06:45:03 -0700] "GET /wp-content/themes/aablueprint-v1.3/img/logo_canon.jpg HTTP/1.1" 200 2015 "http://www.aablueprint.com/" "Mozilla/5.0 (Windows NT 6.1; Win64; x64) AppleWebKit/537.36 (KHTML, like Gecko) Chrome/67.0.3396.99 Safari/537.36" 
98.102.69.90 - - [25/Jul/2018:06:45:03 -0700] "GET /wp-content/uploads/2014/03/home-slide-4.jpg HTTP/1.1" 200 92688 "http://www.aablueprint.com/" "Mozilla/5.0 (Windows NT 6.1; Win64; x64) AppleWebKit/537.36 (KHTML, like Gecko) Chrome/67.0.3396.99 Safari/537.36" 
98.102.69.90 - - [25/Jul/2018:06:45:03 -0700] "GET /wp-content/themes/aablueprint-v1.3/img/logo_epson.jpg HTTP/1.1" 200 2077 "http://www.aablueprint.com/" "Mozilla/5.0 (Windows NT 6.1; Win64; x64) AppleWebKit/537.36 (KHTML, like Gecko) Chrome/67.0.3396.99 Safari/537.36" 
98.102.69.90 - - [25/Jul/2018:06:45:03 -0700] "GET /wp-content/themes/aablueprint-v1.3/img/icon-menu-mobile.gif HTTP/1.1" 200 418 "http://www.aablueprint.com/wp-content/themes/aablueprint-v1.3/css/layout.css" "Mozilla/5.0 (Windows NT 6.1; Win64; x64) AppleWebKit/537.36 (KHTML, like Gecko) Chrome/67.0.3396.99 Safari/537.36" 
98.102.69.90 - - [25/Jul/2018:06:45:03 -0700] "GET /wp-includes/js/wp-emoji-release.min.js?ver=4.9.7 HTTP/1.1" 200 4595 "http://www.aablueprint.com/" "Mozilla/5.0 (Windows NT 6.1; Win64; x64) AppleWebKit/537.36 (KHTML, like Gecko) Chrome/67.0.3396.99 Safari/537.36" 
98.102.69.90 - - [25/Jul/2018:06:45:03 -0700] "GET /wp-content/uploads/2014/04/home-slide-2d.jpg HTTP/1.1" 200 155112 "http://www.aablueprint.com/" "Mozilla/5.0 (Windows NT 6.1; Win64; x64) AppleWebKit/537.36 (KHTML, like Gecko) Chrome/67.0.3396.99 Safari/537.36" 
98.102.69.90 - - [25/Jul/2018:06:45:03 -0700] "GET /wp-content/uploads/2014/05/AABlueprint_Slider_Wraps_Layout.png HTTP/1.1" 200 410002 "http://www.aablueprint.com/" "Mozilla/5.0 (Windows NT 6.1; Win64; x64) AppleWebKit/537.36 (KHTML, like Gecko) Chrome/67.0.3396.99 Safari/537.36" 
98.102.69.90 - - [25/Jul/2018:06:45:04 -0700] "GET /wp-content/themes/aablueprint-v1.3/favicon.ico HTTP/1.1" 200 11641 "http://www.aablueprint.com/" "Mozilla/5.0 (Windows NT 6.1; Win64; x64) AppleWebKit/537.36 (KHTML, like Gecko) Chrome/67.0.3396.99 Safari/537.36" 
208.113.153.204 - - [25/Jul/2018:06:47:19 -0700] "POST /wp-cron.php?doing_wp_cron=1532526438.9618039131164550781250 HTTP/1.1" 200 411 "http://www.aablueprint.com/wp-cron.php?doing_wp_cron=1532526438.9618039131164550781250" "WordPress/4.9.7; http://www.aablueprint.com" 
104.239.248.101 - - [25/Jul/2018:06:47:18 -0700] "GET /feed HTTP/1.1" 301 535 "-" "Mozilla/5.0 (Windows NT 6.1; WOW64; rv:38.0) Gecko/20100101 Firefox/38.0" 
104.239.248.101 - - [25/Jul/2018:06:47:19 -0700] "GET /feed/ HTTP/1.1" 200 1523 "-" "Mozilla/5.0 (Windows NT 6.1; WOW64; rv:38.0) Gecko/20100101 Firefox/38.0" 
104.154.198.228 - - [25/Jul/2018:06:47:19 -0700] "GET /brands/canon-imageprograf/feed/ HTTP/1.1" 200 9063 "-" "Java/1.8.0_121" 
104.154.198.228 - - [25/Jul/2018:06:54:33 -0700] "GET /brands/canon-imageprograf/feed/ HTTP/1.1" 200 9063 "-" "Java/1.8.0_121" 
208.113.153.204 - - [25/Jul/2018:06:54:34 -0700] "POST /wp-cron.php?doing_wp_cron=1532526874.1634509563446044921875 HTTP/1.1" 200 411 "http://www.aablueprint.com/wp-cron.php?doing_wp_cron=1532526874.1634509563446044921875" "WordPress/4.9.7; http://www.aablueprint.com" 
208.113.153.204 - - [25/Jul/2018:06:57:09 -0700] "POST /wp-cron.php?doing_wp_cron=1532527028.7616078853607177734375 HTTP/1.1" 200 409 "http://www.aablueprint.com/wp-cron.php?doing_wp_cron=1532527028.7616078853607177734375" "WordPress/4.9.7; http://www.aablueprint.com" 
64.191.166.26 - - [25/Jul/2018:06:57:08 -0700] "GET /wp-content/themes/delicate/thumb.php HTTP/1.1" 404 4580 "-" "Mozilla/5.0 (Macintosh; Intel Mac OS X 10_12_6) AppleWebKit/604.1.38 (KHTML, like Gecko) Version/11.0 Safari/604.1.38" 
64.191.166.26 - - [25/Jul/2018:06:57:09 -0700] "GET /wp-content/themes/delicate/timthumb.php HTTP/1.1" 404 4580 "-" "Mozilla/5.0 (Windows NT 10.0; Win64; x64; rv:56.0) Gecko/20100101 Firefox/56.0" 
192.243.55.95 - - [25/Jul/2018:06:58:05 -0700] "GET /home/feed/ HTTP/1.1" 200 1434 "-" "Mozilla/5.0 (compatible; SemrushBot/1.0~bm; +http://www.semrush.com/bot.html)" 
104.154.198.228 - - [25/Jul/2018:07:01:13 -0700] "GET /brands/canon-imageprograf/feed/ HTTP/1.1" 200 9063 "-" "Java/1.8.0_121" 
40.77.167.138 - - [25/Jul/2018:07:02:00 -0700] "GET /wp-content/uploads/2014/03/home-slide-4.jpg HTTP/1.1" 200 92689 "-" "Mozilla/5.0 (compatible; bingbot/2.0; +http://www.bing.com/bingbot.htm)" 
161.47.12.21 - - [25/Jul/2018:07:06:51 -0700] "GET /feed/atom HTTP/1.1" 301 545 "-" "Mozilla/5.0 (Windows NT 6.1; WOW64; rv:38.0) Gecko/20100101 Firefox/38.0" 
208.113.153.204 - - [25/Jul/2018:07:06:52 -0700] "POST /wp-cron.php?doing_wp_cron=1532527612.1010410785675048828125 HTTP/1.1" 200 411 "http://www.aablueprint.com/wp-cron.php?doing_wp_cron=1532527612.1010410785675048828125" "WordPress/4.9.7; http://www.aablueprint.com" 
161.47.12.21 - - [25/Jul/2018:07:06:53 -0700] "GET /feed/atom/ HTTP/1.1" 200 1280 "-" "Mozilla/5.0 (Windows NT 6.1; WOW64; rv:38.0) Gecko/20100101 Firefox/38.0" 
208.113.153.204 - - [25/Jul/2018:07:07:47 -0700] "POST /wp-cron.php?doing_wp_cron=1532527667.3104090690612792968750 HTTP/1.1" 200 409 "http://www.aablueprint.com/wp-cron.php?doing_wp_cron=1532527667.3104090690612792968750" "WordPress/4.9.7; http://www.aablueprint.com" 
104.154.198.228 - - [25/Jul/2018:07:07:46 -0700] "GET /brands/canon-imageprograf/feed/ HTTP/1.1" 200 9063 "-" "Java/1.8.0_121" 
109.237.93.138 - - [25/Jul/2018:07:08:26 -0700] "GET /plesk-stat/webstat/usage_201807.html HTTP/1.0" 301 541 "http://aablueprint.com/plesk-stat/webstat/usage_201807.html" "Mozilla/5.0 (Windows NT 5.1; rv:52.0) Gecko/20100101 Firefox/52.0" 
109.237.93.138 - - [25/Jul/2018:07:08:27 -0700] "GET /plesk-stat/webstat/usage_201807.html HTTP/1.0" 404 17826 "http://www.aablueprint.com/plesk-stat/webstat/usage_201807.html" "Mozilla/5.0 (Windows NT 8.1; rv:40.0) Gecko/20100101 Firefox/40.0" 
41.205.10.39 - - [25/Jul/2018:07:10:35 -0700] "GET / HTTP/1.1" 200 23039 "-" "Mozilla/5.0 (Windows NT 6.1; WOW64) AppleWebKit/537.36 (KHTML, like Gecko) Chrome/52.0.2743.116 Safari/537.36" 
208.113.153.204 - - [25/Jul/2018:07:13:38 -0700] "POST /wp-cron.php?doing_wp_cron=1532528018.6299660205841064453125 HTTP/1.1" 200 409 "http://www.aablueprint.com/wp-cron.php?doing_wp_cron=1532528018.6299660205841064453125" "WordPress/4.9.7; http://www.aablueprint.com" 
104.154.198.228 - - [25/Jul/2018:07:13:38 -0700] "GET /brands/canon-imageprograf/feed/ HTTP/1.1" 200 9063 "-" "Java/1.8.0_121" 
208.113.153.204 - - [25/Jul/2018:07:17:47 -0700] "POST /wp-cron.php?doing_wp_cron=1532528267.4512119293212890625000 HTTP/1.1" 200 409 "http://www.aablueprint.com/wp-cron.php?doing_wp_cron=1532528267.4512119293212890625000" "WordPress/4.9.7; http://www.aablueprint.com" 
98.103.161.194 - - [25/Jul/2018:07:17:46 -0700] "GET / HTTP/1.1" 200 5769 "https://www.google.com/" "Mozilla/5.0 (Windows NT 6.1; Win64; x64) AppleWebKit/537.36 (KHTML, like Gecko) Chrome/67.0.3396.99 Safari/537.36" 
98.103.161.194 - - [25/Jul/2018:07:17:48 -0700] "GET /wp-content/plugins/jetpack/modules/widgets/social-icons/social-icons.css?ver=20170506 HTTP/1.1" 304 188 "http://www.aablueprint.com/" "Mozilla/5.0 (Windows NT 6.1; Win64; x64) AppleWebKit/537.36 (KHTML, like Gecko) Chrome/67.0.3396.99 Safari/537.36" 
98.103.161.194 - - [25/Jul/2018:07:17:48 -0700] "GET /wp-content/plugins/contact-form-7/includes/css/styles.css?ver=5.0.3 HTTP/1.1" 304 187 "http://www.aablueprint.com/" "Mozilla/5.0 (Windows NT 6.1; Win64; x64) AppleWebKit/537.36 (KHTML, like Gecko) Chrome/67.0.3396.99 Safari/537.36" 
98.103.161.194 - - [25/Jul/2018:07:17:48 -0700] "GET /wp-content/plugins/jetpack/css/jetpack.css?ver=6.3.2 HTTP/1.1" 304 190 "http://www.aablueprint.com/" "Mozilla/5.0 (Windows NT 6.1; Win64; x64) AppleWebKit/537.36 (KHTML, like Gecko) Chrome/67.0.3396.99 Safari/537.36" 
98.103.161.194 - - [25/Jul/2018:07:17:48 -0700] "GET / HTTP/1.1" 200 5767 "https://www.google.com/" "Mozilla/5.0 (Windows NT 6.1; Win64; x64) AppleWebKit/537.36 (KHTML, like Gecko) Chrome/67.0.3396.99 Safari/537.36" 
98.103.161.194 - - [25/Jul/2018:07:17:49 -0700] "GET /wp-content/uploads/2018/07/50th_slide.png HTTP/1.1" 200 231905 "http://www.aablueprint.com/" "Mozilla/5.0 (Windows NT 6.1; Win64; x64) AppleWebKit/537.36 (KHTML, like Gecko) Chrome/67.0.3396.99 Safari/537.36" 
98.103.161.194 - - [25/Jul/2018:07:17:49 -0700] "GET /wp-content/plugins/contact-form-7/includes/js/scripts.js?ver=5.0.3 HTTP/1.1" 304 188 "http://www.aablueprint.com/" "Mozilla/5.0 (Windows NT 6.1; Win64; x64) AppleWebKit/537.36 (KHTML, like Gecko) Chrome/67.0.3396.99 Safari/537.36" 
98.103.161.194 - - [25/Jul/2018:07:17:49 -0700] "GET /wp-content/uploads/2018/07/HPPWXL8000.jpg HTTP/1.1" 200 322721 "http://www.aablueprint.com/" "Mozilla/5.0 (Windows NT 6.1; Win64; x64) AppleWebKit/537.36 (KHTML, like Gecko) Chrome/67.0.3396.99 Safari/537.36" 
98.103.161.194 - - [25/Jul/2018:07:17:49 -0700] "GET /wp-includes/js/wp-emoji-release.min.js?ver=4.9.7 HTTP/1.1" 304 188 "http://www.aablueprint.com/" "Mozilla/5.0 (Windows NT 6.1; Win64; x64) AppleWebKit/537.36 (KHTML, like Gecko) Chrome/67.0.3396.99 Safari/537.36" 
98.103.161.194 - - [25/Jul/2018:07:17:49 -0700] "GET /wp-content/themes/aablueprint-v1.3/favicon.ico HTTP/1.1" 200 11641 "http://www.aablueprint.com/" "Mozilla/5.0 (Windows NT 6.1; Win64; x64) AppleWebKit/537.36 (KHTML, like Gecko) Chrome/67.0.3396.99 Safari/537.36" 
104.154.198.228 - - [25/Jul/2018:07:19:13 -0700] "GET /brands/canon-imageprograf/feed/ HTTP/1.1" 200 9063 "-" "Java/1.8.0_121" 
98.103.59.152 - - [25/Jul/2018:07:20:04 -0700] "GET / HTTP/1.1" 200 5767 "https://www.bing.com/" "Mozilla/5.0 (Windows NT 6.1; WOW64; Trident/7.0; rv:11.0) like Gecko" 
98.103.59.152 - - [25/Jul/2018:07:20:04 -0700] "GET /wp-content/plugins/nivo-slider/scripts/nivo-slider/nivo-slider.css?ver=4.9.7 HTTP/1.1" 200 1126 "http://www.aablueprint.com/" "Mozilla/5.0 (Windows NT 6.1; WOW64; Trident/7.0; rv:11.0) like Gecko" 
98.103.59.152 - - [25/Jul/2018:07:20:04 -0700] "GET /wp-content/plugins/supercarousel/css/prettyPhoto.css?ver=4.9.7 HTTP/1.1" 200 3151 "http://www.aablueprint.com/" "Mozilla/5.0 (Windows NT 6.1; WOW64; Trident/7.0; rv:11.0) like Gecko" 
98.103.59.152 - - [25/Jul/2018:07:20:04 -0700] "GET /wp-content/plugins/supercarousel/css/supercarousel.css?ver=4.9.7 HTTP/1.1" 200 1214 "http://www.aablueprint.com/" "Mozilla/5.0 (Windows NT 6.1; WOW64; Trident/7.0; rv:11.0) like Gecko" 
98.103.59.152 - - [25/Jul/2018:07:20:04 -0700] "GET /wp-includes/js/jquery/jquery-migrate.min.js?ver=1.4.1 HTTP/1.1" 200 4376 "http://www.aablueprint.com/" "Mozilla/5.0 (Windows NT 6.1; WOW64; Trident/7.0; rv:11.0) like Gecko" 
98.103.59.152 - - [25/Jul/2018:07:20:04 -0700] "GET /wp-content/plugins/jetpack/modules/widgets/social-icons/social-icons.css?ver=20170506 HTTP/1.1" 200 877 "http://www.aablueprint.com/" "Mozilla/5.0 (Windows NT 6.1; WOW64; Trident/7.0; rv:11.0) like Gecko" 
98.103.59.152 - - [25/Jul/2018:07:20:04 -0700] "GET /wp-includes/js/jquery/jquery.js?ver=1.12.4 HTTP/1.1" 200 34659 "http://www.aablueprint.com/" "Mozilla/5.0 (Windows NT 6.1; WOW64; Trident/7.0; rv:11.0) like Gecko" 
98.103.59.152 - - [25/Jul/2018:07:20:04 -0700] "GET /wp-includes/css/dashicons.min.css?ver=4.9.7 HTTP/1.1" 200 29328 "http://www.aablueprint.com/" "Mozilla/5.0 (Windows NT 6.1; WOW64; Trident/7.0; rv:11.0) like Gecko" 
98.103.59.152 - - [25/Jul/2018:07:20:04 -0700] "GET /wp-content/plugins/contact-form-7/includes/css/styles.css?ver=5.0.3 HTTP/1.1" 200 986 "http://www.aablueprint.com/" "Mozilla/5.0 (Windows NT 6.1; WOW64; Trident/7.0; rv:11.0) like Gecko" 
98.103.59.152 - - [25/Jul/2018:07:20:04 -0700] "GET /wp-content/themes/aablueprint-v1.3/style.css HTTP/1.1" 200 4471 "http://www.aablueprint.com/" "Mozilla/5.0 (Windows NT 6.1; WOW64; Trident/7.0; rv:11.0) like Gecko" 
98.103.59.152 - - [25/Jul/2018:07:20:05 -0700] "GET /wp-content/plugins/jetpack/css/jetpack.css?ver=6.3.2 HTTP/1.1" 200 12708 "http://www.aablueprint.com/" "Mozilla/5.0 (Windows NT 6.1; WOW64; Trident/7.0; rv:11.0) like Gecko" 
98.103.59.152 - - [25/Jul/2018:07:20:05 -0700] "GET /wp-content/plugins/nivo-slider/scripts/nivo-slider/themes/bar/bar.css?ver=4.9.7 HTTP/1.1" 200 1423 "http://www.aablueprint.com/" "Mozilla/5.0 (Windows NT 6.1; WOW64; Trident/7.0; rv:11.0) like Gecko" 
98.103.59.152 - - [25/Jul/2018:07:20:05 -0700] "GET /wp-content/plugins/nivo-slider/scripts/nivo-slider/themes/dark/dark.css?ver=4.9.7 HTTP/1.1" 200 1062 "http://www.aablueprint.com/" "Mozilla/5.0 (Windows NT 6.1; WOW64; Trident/7.0; rv:11.0) like Gecko" 
98.103.59.152 - - [25/Jul/2018:07:20:05 -0700] "GET /wp-content/plugins/nivo-slider/scripts/nivo-slider/themes/light/light.css?ver=4.9.7 HTTP/1.1" 200 1056 "http://www.aablueprint.com/" "Mozilla/5.0 (Windows NT 6.1; WOW64; Trident/7.0; rv:11.0) like Gecko" 
98.103.59.152 - - [25/Jul/2018:07:20:05 -0700] "GET /wp-content/plugins/nivo-slider/scripts/nivo-slider/themes/default/default.css?ver=4.9.7 HTTP/1.1" 200 1038 "http://www.aablueprint.com/" "Mozilla/5.0 (Windows NT 6.1; WOW64; Trident/7.0; rv:11.0) like Gecko" 
98.103.59.152 - - [25/Jul/2018:07:20:05 -0700] "GET /wp-content/plugins/supercarousel/js/jquery.supercarousel.min.js?ver=4.9.7 HTTP/1.1" 200 2601 "http://www.aablueprint.com/" "Mozilla/5.0 (Windows NT 6.1; WOW64; Trident/7.0; rv:11.0) like Gecko" 
98.103.59.152 - - [25/Jul/2018:07:20:05 -0700] "GET /wp-content/plugins/supercarousel/js/jquery.imagesloaded.min.js?ver=4.9.7 HTTP/1.1" 200 926 "http://www.aablueprint.com/" "Mozilla/5.0 (Windows NT 6.1; WOW64; Trident/7.0; rv:11.0) like Gecko" 
98.103.59.152 - - [25/Jul/2018:07:20:05 -0700] "GET /wp-content/plugins/supercarousel/js/jquery.ismouseover.js?ver=4.9.7 HTTP/1.1" 200 714 "http://www.aablueprint.com/" "Mozilla/5.0 (Windows NT 6.1; WOW64; Trident/7.0; rv:11.0) like Gecko" 
98.103.59.152 - - [25/Jul/2018:07:20:05 -0700] "GET /wp-content/plugins/supercarousel/js/jquery.easing.compatibility.js?ver=4.9.7 HTTP/1.1" 200 727 "http://www.aablueprint.com/" "Mozilla/5.0 (Windows NT 6.1; WOW64; Trident/7.0; rv:11.0) like Gecko" 
98.103.59.152 - - [25/Jul/2018:07:20:05 -0700] "GET /wp-content/plugins/supercarousel/js/jquery.mousewheel.js?ver=4.9.7 HTTP/1.1" 200 1280 "http://www.aablueprint.com/" "Mozilla/5.0 (Windows NT 6.1; WOW64; Trident/7.0; rv:11.0) like Gecko" 
98.103.59.152 - - [25/Jul/2018:07:20:05 -0700] "GET /wp-content/plugins/supercarousel/js/jquery.touchSwipe.min.js?ver=4.9.7 HTTP/1.1" 200 2221 "http://www.aablueprint.com/" "Mozilla/5.0 (Windows NT 6.1; WOW64; Trident/7.0; rv:11.0) like Gecko" 
98.103.59.152 - - [25/Jul/2018:07:20:05 -0700] "GET /wp-content/plugins/supercarousel/js/jquery.watch.js?ver=4.9.7 HTTP/1.1" 200 1627 "http://www.aablueprint.com/" "Mozilla/5.0 (Windows NT 6.1; WOW64; Trident/7.0; rv:11.0) like Gecko" 
98.103.59.152 - - [25/Jul/2018:07:20:05 -0700] "GET /wp-content/plugins/supercarousel/js/jquery.prettyPhoto.js?ver=4.9.7 HTTP/1.1" 200 6387 "http://www.aablueprint.com/" "Mozilla/5.0 (Windows NT 6.1; WOW64; Trident/7.0; rv:11.0) like Gecko" 
98.103.59.152 - - [25/Jul/2018:07:20:05 -0700] "GET /wp-content/plugins/nivo-slider/scripts/nivo-slider/jquery.nivo.slider.pack.js?ver=4.9.7 HTTP/1.1" 200 3437 "http://www.aablueprint.com/" "Mozilla/5.0 (Windows NT 6.1; WOW64; Trident/7.0; rv:11.0) like Gecko" 
98.103.59.152 - - [25/Jul/2018:07:20:05 -0700] "GET /wp-content/plugins/contact-form-7/includes/js/scripts.js?ver=5.0.3 HTTP/1.1" 200 4449 "http://www.aablueprint.com/" "Mozilla/5.0 (Windows NT 6.1; WOW64; Trident/7.0; rv:11.0) like Gecko" 
98.103.59.152 - - [25/Jul/2018:07:20:05 -0700] "GET /wp-content/plugins/jetpack/modules/wpgroho.js?ver=4.9.7 HTTP/1.1" 200 817 "http://www.aablueprint.com/" "Mozilla/5.0 (Windows NT 6.1; WOW64; Trident/7.0; rv:11.0) like Gecko" 
98.103.59.152 - - [25/Jul/2018:07:20:05 -0700] "GET /wp-includes/js/wp-embed.min.js?ver=4.9.7 HTTP/1.1" 200 1079 "http://www.aablueprint.com/" "Mozilla/5.0 (Windows NT 6.1; WOW64; Trident/7.0; rv:11.0) like Gecko" 
98.103.59.152 - - [25/Jul/2018:07:20:05 -0700] "GET /wp-content/themes/aablueprint-v1.3/css/reset.css HTTP/1.1" 200 909 "http://www.aablueprint.com/" "Mozilla/5.0 (Windows NT 6.1; WOW64; Trident/7.0; rv:11.0) like Gecko" 
98.103.59.152 - - [25/Jul/2018:07:20:05 -0700] "GET /wp-content/themes/aablueprint-v1.3/css/base.css HTTP/1.1" 200 495 "http://www.aablueprint.com/" "Mozilla/5.0 (Windows NT 6.1; WOW64; Trident/7.0; rv:11.0) like Gecko" 
98.103.59.152 - - [25/Jul/2018:07:20:05 -0700] "GET /wp-content/themes/aablueprint-v1.3/css/layout.css HTTP/1.1" 200 2767 "http://www.aablueprint.com/" "Mozilla/5.0 (Windows NT 6.1; WOW64; Trident/7.0; rv:11.0) like Gecko" 
98.103.59.152 - - [25/Jul/2018:07:20:05 -0700] "GET /wp-content/themes/aablueprint-v1.3/css/core.css HTTP/1.1" 200 706 "http://www.aablueprint.com/" "Mozilla/5.0 (Windows NT 6.1; WOW64; Trident/7.0; rv:11.0) like Gecko" 
98.103.59.152 - - [25/Jul/2018:07:20:05 -0700] "GET /wp-content/plugins/supercarousel/js/jquery.easing.min.js?ver=4.9.7 HTTP/1.1" 200 2189 "http://www.aablueprint.com/" "Mozilla/5.0 (Windows NT 6.1; WOW64; Trident/7.0; rv:11.0) like Gecko" 
98.103.59.152 - - [25/Jul/2018:07:20:05 -0700] "GET /wp-content/uploads/2018/07/50th_slide.png HTTP/1.1" 200 231905 "http://www.aablueprint.com/" "Mozilla/5.0 (Windows NT 6.1; WOW64; Trident/7.0; rv:11.0) like Gecko" 
98.103.59.152 - - [25/Jul/2018:07:20:05 -0700] "GET /wp-content/uploads/2014/03/home-slide-4.jpg HTTP/1.1" 200 92688 "http://www.aablueprint.com/" "Mozilla/5.0 (Windows NT 6.1; WOW64; Trident/7.0; rv:11.0) like Gecko" 
98.103.59.152 - - [25/Jul/2018:07:20:05 -0700] "GET /wp-content/themes/aablueprint-v1.3/img/logo_repromax.jpg HTTP/1.1" 200 2122 "http://www.aablueprint.com/" "Mozilla/5.0 (Windows NT 6.1; WOW64; Trident/7.0; rv:11.0) like Gecko" 
98.103.59.152 - - [25/Jul/2018:07:20:05 -0700] "GET /wp-content/uploads/2018/07/HPPWXL8000.jpg HTTP/1.1" 200 322721 "http://www.aablueprint.com/" "Mozilla/5.0 (Windows NT 6.1; WOW64; Trident/7.0; rv:11.0) like Gecko" 
98.103.59.152 - - [25/Jul/2018:07:20:05 -0700] "GET /wp-content/uploads/2014/05/AABlueprint_Slider_Wraps_Layout.png HTTP/1.1" 200 410002 "http://www.aablueprint.com/" "Mozilla/5.0 (Windows NT 6.1; WOW64; Trident/7.0; rv:11.0) like Gecko" 
98.103.59.152 - - [25/Jul/2018:07:20:05 -0700] "GET /wp-content/uploads/2014/03/home-slide-5.jpg HTTP/1.1" 200 83953 "http://www.aablueprint.com/" "Mozilla/5.0 (Windows NT 6.1; WOW64; Trident/7.0; rv:11.0) like Gecko" 
98.103.59.152 - - [25/Jul/2018:07:20:05 -0700] "GET /wp-content/themes/aablueprint-v1.3/img/logo_epson.jpg HTTP/1.1" 200 2077 "http://www.aablueprint.com/" "Mozilla/5.0 (Windows NT 6.1; WOW64; Trident/7.0; rv:11.0) like Gecko" 
98.103.59.152 - - [25/Jul/2018:07:20:05 -0700] "GET /wp-content/uploads/2014/04/home-slide-3_1.jpg HTTP/1.1" 200 84047 "http://www.aablueprint.com/" "Mozilla/5.0 (Windows NT 6.1; WOW64; Trident/7.0; rv:11.0) like Gecko" 
98.103.59.152 - - [25/Jul/2018:07:20:05 -0700] "GET /wp-includes/js/wp-emoji-release.min.js?ver=4.9.7 HTTP/1.1" 200 4595 "http://www.aablueprint.com/" "Mozilla/5.0 (Windows NT 6.1; WOW64; Trident/7.0; rv:11.0) like Gecko" 
98.103.59.152 - - [25/Jul/2018:07:20:05 -0700] "GET /wp-content/themes/aablueprint-v1.3/img/logo_canon.jpg HTTP/1.1" 200 2015 "http://www.aablueprint.com/" "Mozilla/5.0 (Windows NT 6.1; WOW64; Trident/7.0; rv:11.0) like Gecko" 
98.103.59.152 - - [25/Jul/2018:07:20:05 -0700] "GET /wp-content/themes/aablueprint-v1.3/img/logo_hp.jpg HTTP/1.1" 200 1852 "http://www.aablueprint.com/" "Mozilla/5.0 (Windows NT 6.1; WOW64; Trident/7.0; rv:11.0) like Gecko" 
98.103.59.152 - - [25/Jul/2018:07:20:05 -0700] "GET /wp-content/themes/aablueprint-v1.3/img/logo_edge.jpg HTTP/1.1" 200 2756 "http://www.aablueprint.com/" "Mozilla/5.0 (Windows NT 6.1; WOW64; Trident/7.0; rv:11.0) like Gecko" 
98.103.59.152 - - [25/Jul/2018:07:20:05 -0700] "GET /wp-content/themes/aablueprint-v1.3/img/logo-aa_blueprint.gif HTTP/1.1" 200 4760 "http://www.aablueprint.com/" "Mozilla/5.0 (Windows NT 6.1; WOW64; Trident/7.0; rv:11.0) like Gecko" 
98.103.59.152 - - [25/Jul/2018:07:20:05 -0700] "GET /wp-content/themes/aablueprint-v1.3/img/icon-menu-mobile.gif HTTP/1.1" 200 418 "http://www.aablueprint.com/" "Mozilla/5.0 (Windows NT 6.1; WOW64; Trident/7.0; rv:11.0) like Gecko" 
98.103.59.152 - - [25/Jul/2018:07:20:05 -0700] "GET /wp-content/themes/aablueprint-v1.3/img/arrow-right-white.png HTTP/1.1" 200 450 "http://www.aablueprint.com/" "Mozilla/5.0 (Windows NT 6.1; WOW64; Trident/7.0; rv:11.0) like Gecko" 
98.103.59.152 - - [25/Jul/2018:07:20:05 -0700] "GET /wp-content/themes/aablueprint-v1.3/img/photo-print-services.jpg HTTP/1.1" 200 13413 "http://www.aablueprint.com/" "Mozilla/5.0 (Windows NT 6.1; WOW64; Trident/7.0; rv:11.0) like Gecko" 
98.103.59.152 - - [25/Jul/2018:07:20:05 -0700] "GET /wp-content/themes/aablueprint-v1.3/img/photo-equipment-sales.jpg HTTP/1.1" 200 11244 "http://www.aablueprint.com/" "Mozilla/5.0 (Windows NT 6.1; WOW64; Trident/7.0; rv:11.0) like Gecko" 
98.103.59.152 - - [25/Jul/2018:07:20:05 -0700] "GET /wp-content/themes/aablueprint-v1.3/img/arrow-down-white.png HTTP/1.1" 200 832 "http://www.aablueprint.com/" "Mozilla/5.0 (Windows NT 6.1; WOW64; Trident/7.0; rv:11.0) like Gecko" 
98.103.59.152 - - [25/Jul/2018:07:20:05 -0700] "GET /wp-content/themes/aablueprint-v1.3/img/icon_facebook.jpg HTTP/1.1" 200 3491 "http://www.aablueprint.com/" "Mozilla/5.0 (Windows NT 6.1; WOW64; Trident/7.0; rv:11.0) like Gecko" 
98.103.59.152 - - [25/Jul/2018:07:20:05 -0700] "GET /wp-content/uploads/2014/04/home-slide-2d.jpg HTTP/1.1" 200 155112 "http://www.aablueprint.com/" "Mozilla/5.0 (Windows NT 6.1; WOW64; Trident/7.0; rv:11.0) like Gecko" 
98.103.59.152 - - [25/Jul/2018:07:20:06 -0700] "GET /wp-content/themes/aablueprint-v1.3/favicon.ico HTTP/1.1" 200 11641 "-" "Mozilla/5.0 (Windows NT 6.1; WOW64; Trident/7.0; rv:11.0) like Gecko" 
70.61.234.2 - - [25/Jul/2018:07:23:21 -0700] "GET / HTTP/1.1" 200 5769 "-" "Mozilla/5.0 (Windows NT 10.0; Win64; x64) AppleWebKit/537.36 (KHTML, like Gecko) Chrome/67.0.3396.99 Safari/537.36" 
70.61.234.2 - - [25/Jul/2018:07:23:24 -0700] "GET /wp-content/plugins/contact-form-7/includes/css/styles.css?ver=5.0.3 HTTP/1.1" 304 187 "http://www.aablueprint.com/" "Mozilla/5.0 (Windows NT 10.0; Win64; x64) AppleWebKit/537.36 (KHTML, like Gecko) Chrome/67.0.3396.99 Safari/537.36" 
70.61.234.2 - - [25/Jul/2018:07:23:24 -0700] "GET /wp-content/plugins/jetpack/modules/widgets/social-icons/social-icons.css?ver=20170506 HTTP/1.1" 304 188 "http://www.aablueprint.com/" "Mozilla/5.0 (Windows NT 10.0; Win64; x64) AppleWebKit/537.36 (KHTML, like Gecko) Chrome/67.0.3396.99 Safari/537.36" 
70.61.234.2 - - [25/Jul/2018:07:23:24 -0700] "GET /wp-content/plugins/jetpack/css/jetpack.css?ver=6.3.2 HTTP/1.1" 304 190 "http://www.aablueprint.com/" "Mozilla/5.0 (Windows NT 10.0; Win64; x64) AppleWebKit/537.36 (KHTML, like Gecko) Chrome/67.0.3396.99 Safari/537.36" 
70.61.234.2 - - [25/Jul/2018:07:23:24 -0700] "GET /wp-content/plugins/contact-form-7/includes/js/scripts.js?ver=5.0.3 HTTP/1.1" 304 188 "http://www.aablueprint.com/" "Mozilla/5.0 (Windows NT 10.0; Win64; x64) AppleWebKit/537.36 (KHTML, like Gecko) Chrome/67.0.3396.99 Safari/537.36" 
70.61.234.2 - - [25/Jul/2018:07:23:24 -0700] "GET /wp-content/uploads/2018/07/50th_slide.png HTTP/1.1" 200 231905 "http://www.aablueprint.com/" "Mozilla/5.0 (Windows NT 10.0; Win64; x64) AppleWebKit/537.36 (KHTML, like Gecko) Chrome/67.0.3396.99 Safari/537.36" 
70.61.234.2 - - [25/Jul/2018:07:23:24 -0700] "GET /wp-content/uploads/2018/07/HPPWXL8000.jpg HTTP/1.1" 200 322722 "http://www.aablueprint.com/" "Mozilla/5.0 (Windows NT 10.0; Win64; x64) AppleWebKit/537.36 (KHTML, like Gecko) Chrome/67.0.3396.99 Safari/537.36" 
208.113.153.204 - - [25/Jul/2018:07:23:22 -0700] "POST /wp-cron.php?doing_wp_cron=1532528602.1153590679168701171875 HTTP/1.1" 200 411 "http://www.aablueprint.com/wp-cron.php?doing_wp_cron=1532528602.1153590679168701171875" "WordPress/4.9.7; http://www.aablueprint.com" 
104.154.198.228 - - [25/Jul/2018:07:24:36 -0700] "GET /brands/canon-imageprograf/feed/ HTTP/1.1" 200 9063 "-" "Java/1.8.0_121" 
66.249.70.12 - - [25/Jul/2018:07:27:52 -0700] "GET /contact-us/ HTTP/1.1" 200 5995 "-" "Mozilla/5.0 (compatible; Googlebot/2.1; +http://www.google.com/bot.html)" 
66.249.70.12 - - [25/Jul/2018:07:27:52 -0700] "GET /robots.txt HTTP/1.1" 200 611 "-" "Mozilla/5.0 (compatible; Googlebot/2.1; +http://www.google.com/bot.html)" 
208.113.153.204 - - [25/Jul/2018:07:27:52 -0700] "POST /wp-cron.php?doing_wp_cron=1532528872.7151010036468505859375 HTTP/1.1" 200 411 "http://www.aablueprint.com/wp-cron.php?doing_wp_cron=1532528872.7151010036468505859375" "WordPress/4.9.7; http://www.aablueprint.com" 
104.154.198.228 - - [25/Jul/2018:07:29:28 -0700] "GET /brands/canon-imageprograf/feed/ HTTP/1.1" 200 9063 "-" "Java/1.8.0_121" 
151.138.13.244 - - [25/Jul/2018:07:30:15 -0700] "GET / HTTP/1.1" 206 23050 "-" "SuperPagesUrlVerifyBot/1.0" 
208.113.153.204 - - [25/Jul/2018:07:33:13 -0700] "POST /wp-cron.php?doing_wp_cron=1532529192.9245669841766357421875 HTTP/1.1" 200 409 "http://www.aablueprint.com/wp-cron.php?doing_wp_cron=1532529192.9245669841766357421875" "WordPress/4.9.7; http://www.aablueprint.com" 
104.239.197.207 - - [25/Jul/2018:07:33:12 -0700] "GET /home/feed HTTP/1.1" 301 591 "-" "Mozilla/5.0 (Windows NT 6.1; WOW64; rv:38.0) Gecko/20100101 Firefox/38.0" 
104.239.197.207 - - [25/Jul/2018:07:33:13 -0700] "GET /home/feed/ HTTP/1.1" 200 1434 "-" "Mozilla/5.0 (Windows NT 6.1; WOW64; rv:38.0) Gecko/20100101 Firefox/38.0" 
104.154.198.228 - - [25/Jul/2018:07:35:29 -0700] "GET /brands/canon-imageprograf/feed/ HTTP/1.1" 200 9063 "-" "Java/1.8.0_121" 
149.126.17.94 - - [25/Jul/2018:07:36:16 -0700] "GET / HTTP/1.1" 200 23039 "-" "Mozilla/5.0 (Windows NT 6.1; WOW64) AppleWebKit/537.36 (KHTML, like Gecko) Chrome/51.0.2704.103 Safari/537.36" 
104.154.198.228 - - [25/Jul/2018:07:40:54 -0700] "GET /brands/canon-imageprograf/feed/ HTTP/1.1" 200 9063 "-" "Java/1.8.0_121" 
192.0.102.45 - - [25/Jul/2018:07:40:59 -0700] "POST /xmlrpc.php?for=jetpack&token=%40%23LVdt%25m%40x%231%408W6e%28mOt%28kWqTR4Wc%29Q%3A1%3A0&timestamp=1532529659&nonce=h3uu8nPeAy&body-hash=PXWcGYUDVNYaEOMdjlPu5M%2BLpVE%3D&signature=0xwMiOml07WEfOKaij3fVlbFAjI%3D HTTP/1.1" 200 928 "http://www.aablueprint.com/xmlrpc.php?for=jetpack&token=%40%23LVdt%25m%40x%231%408W6e%28mOt%28kWqTR4Wc%29Q%3A1%3A0&timestamp=1532529659&nonce=h3uu8nPeAy&body-hash=PXWcGYUDVNYaEOMdjlPu5M%2BLpVE%3D&signature=0xwMiOml07WEfOKaij3fVlbFAjI%3D" "Jetpack by WordPress.com" 
208.113.153.204 - - [25/Jul/2018:07:40:55 -0700] "POST /wp-cron.php?doing_wp_cron=1532529655.1571710109710693359375 HTTP/1.1" 200 411 "http://www.aablueprint.com/wp-cron.php?doing_wp_cron=1532529655.1571710109710693359375" "WordPress/4.9.7; http://www.aablueprint.com" 
111.17.139.224 - - [25/Jul/2018:07:41:07 -0700] "GET /wp-login.php HTTP/1.1" 418 736 "-" "Mozilla/5.0 (Windows NT 6.1; WOW64; rv:40.0) Gecko/20100101 Firefox/40.1" 
111.17.139.224 - - [25/Jul/2018:07:41:08 -0700] "GET / HTTP/1.1" 418 736 "-" "Mozilla/5.0 (Windows NT 6.1; WOW64; rv:40.0) Gecko/20100101 Firefox/40.1" 
208.113.153.204 - - [25/Jul/2018:07:45:51 -0700] "POST /wp-cron.php?doing_wp_cron=1532529951.1522250175476074218750 HTTP/1.1" 200 409 "http://www.aablueprint.com/wp-cron.php?doing_wp_cron=1532529951.1522250175476074218750" "WordPress/4.9.7; http://www.aablueprint.com" 
104.154.198.228 - - [25/Jul/2018:07:45:50 -0700] "GET /brands/canon-imageprograf/feed/ HTTP/1.1" 200 9065 "-" "Java/1.8.0_121" 
216.244.66.230 - - [25/Jul/2018:07:46:10 -0700] "GET /robots.txt HTTP/1.1" 200 553 "-" "Mozilla/5.0 (compatible; DotBot/1.1; http://www.opensiteexplorer.org/dotbot, help@moz.com)" 
66.249.64.10 - - [25/Jul/2018:07:48:13 -0700] "GET /robots.txt HTTP/1.1" 301 508 "-" "Mozilla/5.0 (compatible; Googlebot/2.1; +http://www.google.com/bot.html)" 
66.249.64.10 - - [25/Jul/2018:07:48:13 -0700] "GET / HTTP/1.1" 301 488 "-" "Mozilla/5.0 (Linux; Android 6.0.1; Nexus 5X Build/MMB29P) AppleWebKit/537.36 (KHTML, like Gecko) Chrome/41.0.2272.96 Mobile Safari/537.36 (compatible; Googlebot/2.1; +http://www.google.com/bot.html)" 
208.113.153.204 - - [25/Jul/2018:07:48:15 -0700] "POST /wp-cron.php?doing_wp_cron=1532530094.9138340950012207031250 HTTP/1.1" 200 409 "http://www.aablueprint.com/wp-cron.php?doing_wp_cron=1532530094.9138340950012207031250" "WordPress/4.9.7; http://www.aablueprint.com" 
66.249.70.12 - - [25/Jul/2018:07:48:14 -0700] "GET / HTTP/1.1" 200 5767 "-" "Mozilla/5.0 (Linux; Android 6.0.1; Nexus 5X Build/MMB29P) AppleWebKit/537.36 (KHTML, like Gecko) Chrome/41.0.2272.96 Mobile Safari/537.36 (compatible; Googlebot/2.1; +http://www.google.com/bot.html)" 
65.154.132.170 - - [25/Jul/2018:07:49:13 -0700] "GET / HTTP/1.1" 200 5767 "https://www.bing.com/" "Mozilla/5.0 (Windows NT 10.0; Win64; x64) AppleWebKit/537.36 (KHTML, like Gecko) Chrome/52.0.2743.116 Safari/537.36 Edge/15.15063" 
65.154.132.170 - - [25/Jul/2018:07:49:13 -0700] "GET /wp-content/plugins/nivo-slider/scripts/nivo-slider/nivo-slider.css?ver=4.9.7 HTTP/1.1" 200 1126 "http://www.aablueprint.com/" "Mozilla/5.0 (Windows NT 10.0; Win64; x64) AppleWebKit/537.36 (KHTML, like Gecko) Chrome/52.0.2743.116 Safari/537.36 Edge/15.15063" 
65.154.132.170 - - [25/Jul/2018:07:49:13 -0700] "GET /wp-content/themes/aablueprint-v1.3/style.css HTTP/1.1" 200 4471 "http://www.aablueprint.com/" "Mozilla/5.0 (Windows NT 10.0; Win64; x64) AppleWebKit/537.36 (KHTML, like Gecko) Chrome/52.0.2743.116 Safari/537.36 Edge/15.15063" 
65.154.132.170 - - [25/Jul/2018:07:49:13 -0700] "GET /wp-content/plugins/contact-form-7/includes/css/styles.css?ver=5.0.3 HTTP/1.1" 200 987 "http://www.aablueprint.com/" "Mozilla/5.0 (Windows NT 10.0; Win64; x64) AppleWebKit/537.36 (KHTML, like Gecko) Chrome/52.0.2743.116 Safari/537.36 Edge/15.15063" 
65.154.132.170 - - [25/Jul/2018:07:49:13 -0700] "GET /wp-content/plugins/supercarousel/css/supercarousel.css?ver=4.9.7 HTTP/1.1" 200 1214 "http://www.aablueprint.com/" "Mozilla/5.0 (Windows NT 10.0; Win64; x64) AppleWebKit/537.36 (KHTML, like Gecko) Chrome/52.0.2743.116 Safari/537.36 Edge/15.15063" 
65.154.132.170 - - [25/Jul/2018:07:49:13 -0700] "GET /wp-content/plugins/supercarousel/css/prettyPhoto.css?ver=4.9.7 HTTP/1.1" 200 3150 "http://www.aablueprint.com/" "Mozilla/5.0 (Windows NT 10.0; Win64; x64) AppleWebKit/537.36 (KHTML, like Gecko) Chrome/52.0.2743.116 Safari/537.36 Edge/15.15063" 
65.154.132.170 - - [25/Jul/2018:07:49:13 -0700] "GET /wp-content/plugins/jetpack/modules/widgets/social-icons/social-icons.css?ver=20170506 HTTP/1.1" 200 878 "http://www.aablueprint.com/" "Mozilla/5.0 (Windows NT 10.0; Win64; x64) AppleWebKit/537.36 (KHTML, like Gecko) Chrome/52.0.2743.116 Safari/537.36 Edge/15.15063" 
65.154.132.170 - - [25/Jul/2018:07:49:13 -0700] "GET /wp-includes/css/dashicons.min.css?ver=4.9.7 HTTP/1.1" 200 29328 "http://www.aablueprint.com/" "Mozilla/5.0 (Windows NT 10.0; Win64; x64) AppleWebKit/537.36 (KHTML, like Gecko) Chrome/52.0.2743.116 Safari/537.36 Edge/15.15063" 
65.154.132.170 - - [25/Jul/2018:07:49:13 -0700] "GET /wp-content/plugins/jetpack/css/jetpack.css?ver=6.3.2 HTTP/1.1" 200 12709 "http://www.aablueprint.com/" "Mozilla/5.0 (Windows NT 10.0; Win64; x64) AppleWebKit/537.36 (KHTML, like Gecko) Chrome/52.0.2743.116 Safari/537.36 Edge/15.15063" 
65.154.132.170 - - [25/Jul/2018:07:49:14 -0700] "GET /wp-content/plugins/nivo-slider/scripts/nivo-slider/themes/bar/bar.css?ver=4.9.7 HTTP/1.1" 200 1423 "http://www.aablueprint.com/" "Mozilla/5.0 (Windows NT 10.0; Win64; x64) AppleWebKit/537.36 (KHTML, like Gecko) Chrome/52.0.2743.116 Safari/537.36 Edge/15.15063" 
65.154.132.170 - - [25/Jul/2018:07:49:14 -0700] "GET /wp-content/plugins/nivo-slider/scripts/nivo-slider/themes/default/default.css?ver=4.9.7 HTTP/1.1" 200 1038 "http://www.aablueprint.com/" "Mozilla/5.0 (Windows NT 10.0; Win64; x64) AppleWebKit/537.36 (KHTML, like Gecko) Chrome/52.0.2743.116 Safari/537.36 Edge/15.15063" 
65.154.132.170 - - [25/Jul/2018:07:49:14 -0700] "GET /wp-content/plugins/nivo-slider/scripts/nivo-slider/themes/dark/dark.css?ver=4.9.7 HTTP/1.1" 200 1062 "http://www.aablueprint.com/" "Mozilla/5.0 (Windows NT 10.0; Win64; x64) AppleWebKit/537.36 (KHTML, like Gecko) Chrome/52.0.2743.116 Safari/537.36 Edge/15.15063" 
65.154.132.170 - - [25/Jul/2018:07:49:14 -0700] "GET /wp-content/plugins/nivo-slider/scripts/nivo-slider/themes/light/light.css?ver=4.9.7 HTTP/1.1" 200 1056 "http://www.aablueprint.com/" "Mozilla/5.0 (Windows NT 10.0; Win64; x64) AppleWebKit/537.36 (KHTML, like Gecko) Chrome/52.0.2743.116 Safari/537.36 Edge/15.15063" 
65.154.132.170 - - [25/Jul/2018:07:49:14 -0700] "GET /wp-content/themes/aablueprint-v1.3/css/reset.css HTTP/1.1" 200 909 "http://www.aablueprint.com/" "Mozilla/5.0 (Windows NT 10.0; Win64; x64) AppleWebKit/537.36 (KHTML, like Gecko) Chrome/52.0.2743.116 Safari/537.36 Edge/15.15063" 
65.154.132.170 - - [25/Jul/2018:07:49:14 -0700] "GET /wp-content/themes/aablueprint-v1.3/css/base.css HTTP/1.1" 200 495 "http://www.aablueprint.com/" "Mozilla/5.0 (Windows NT 10.0; Win64; x64) AppleWebKit/537.36 (KHTML, like Gecko) Chrome/52.0.2743.116 Safari/537.36 Edge/15.15063" 
65.154.132.170 - - [25/Jul/2018:07:49:14 -0700] "GET /wp-content/themes/aablueprint-v1.3/css/core.css HTTP/1.1" 200 706 "http://www.aablueprint.com/" "Mozilla/5.0 (Windows NT 10.0; Win64; x64) AppleWebKit/537.36 (KHTML, like Gecko) Chrome/52.0.2743.116 Safari/537.36 Edge/15.15063" 
65.154.132.170 - - [25/Jul/2018:07:49:14 -0700] "GET /wp-content/themes/aablueprint-v1.3/css/layout.css HTTP/1.1" 200 2767 "http://www.aablueprint.com/" "Mozilla/5.0 (Windows NT 10.0; Win64; x64) AppleWebKit/537.36 (KHTML, like Gecko) Chrome/52.0.2743.116 Safari/537.36 Edge/15.15063" 
65.154.132.170 - - [25/Jul/2018:07:49:14 -0700] "GET /wp-includes/js/jquery/jquery-migrate.min.js?ver=1.4.1 HTTP/1.1" 200 4375 "http://www.aablueprint.com/" "Mozilla/5.0 (Windows NT 10.0; Win64; x64) AppleWebKit/537.36 (KHTML, like Gecko) Chrome/52.0.2743.116 Safari/537.36 Edge/15.15063" 
65.154.132.170 - - [25/Jul/2018:07:49:14 -0700] "GET /wp-includes/js/jquery/jquery.js?ver=1.12.4 HTTP/1.1" 200 34658 "http://www.aablueprint.com/" "Mozilla/5.0 (Windows NT 10.0; Win64; x64) AppleWebKit/537.36 (KHTML, like Gecko) Chrome/52.0.2743.116 Safari/537.36 Edge/15.15063" 
65.154.132.170 - - [25/Jul/2018:07:49:14 -0700] "GET /wp-content/plugins/supercarousel/js/jquery.supercarousel.min.js?ver=4.9.7 HTTP/1.1" 200 2601 "http://www.aablueprint.com/" "Mozilla/5.0 (Windows NT 10.0; Win64; x64) AppleWebKit/537.36 (KHTML, like Gecko) Chrome/52.0.2743.116 Safari/537.36 Edge/15.15063" 
65.154.132.170 - - [25/Jul/2018:07:49:14 -0700] "GET /wp-content/plugins/supercarousel/js/jquery.imagesloaded.min.js?ver=4.9.7 HTTP/1.1" 200 926 "http://www.aablueprint.com/" "Mozilla/5.0 (Windows NT 10.0; Win64; x64) AppleWebKit/537.36 (KHTML, like Gecko) Chrome/52.0.2743.116 Safari/537.36 Edge/15.15063" 
65.154.132.170 - - [25/Jul/2018:07:49:14 -0700] "GET /wp-content/plugins/supercarousel/js/jquery.ismouseover.js?ver=4.9.7 HTTP/1.1" 200 714 "http://www.aablueprint.com/" "Mozilla/5.0 (Windows NT 10.0; Win64; x64) AppleWebKit/537.36 (KHTML, like Gecko) Chrome/52.0.2743.116 Safari/537.36 Edge/15.15063" 
65.154.132.170 - - [25/Jul/2018:07:49:14 -0700] "GET /wp-content/plugins/supercarousel/js/jquery.easing.min.js?ver=4.9.7 HTTP/1.1" 200 2189 "http://www.aablueprint.com/" "Mozilla/5.0 (Windows NT 10.0; Win64; x64) AppleWebKit/537.36 (KHTML, like Gecko) Chrome/52.0.2743.116 Safari/537.36 Edge/15.15063" 
65.154.132.170 - - [25/Jul/2018:07:49:14 -0700] "GET /wp-content/plugins/supercarousel/js/jquery.easing.compatibility.js?ver=4.9.7 HTTP/1.1" 200 727 "http://www.aablueprint.com/" "Mozilla/5.0 (Windows NT 10.0; Win64; x64) AppleWebKit/537.36 (KHTML, like Gecko) Chrome/52.0.2743.116 Safari/537.36 Edge/15.15063" 
65.154.132.170 - - [25/Jul/2018:07:49:14 -0700] "GET /wp-content/plugins/supercarousel/js/jquery.mousewheel.js?ver=4.9.7 HTTP/1.1" 200 1280 "http://www.aablueprint.com/" "Mozilla/5.0 (Windows NT 10.0; Win64; x64) AppleWebKit/537.36 (KHTML, like Gecko) Chrome/52.0.2743.116 Safari/537.36 Edge/15.15063" 
65.154.132.170 - - [25/Jul/2018:07:49:14 -0700] "GET /wp-content/plugins/supercarousel/js/jquery.touchSwipe.min.js?ver=4.9.7 HTTP/1.1" 200 2221 "http://www.aablueprint.com/" "Mozilla/5.0 (Windows NT 10.0; Win64; x64) AppleWebKit/537.36 (KHTML, like Gecko) Chrome/52.0.2743.116 Safari/537.36 Edge/15.15063" 
65.154.132.170 - - [25/Jul/2018:07:49:14 -0700] "GET /wp-content/plugins/supercarousel/js/jquery.prettyPhoto.js?ver=4.9.7 HTTP/1.1" 200 6387 "http://www.aablueprint.com/" "Mozilla/5.0 (Windows NT 10.0; Win64; x64) AppleWebKit/537.36 (KHTML, like Gecko) Chrome/52.0.2743.116 Safari/537.36 Edge/15.15063" 
65.154.132.170 - - [25/Jul/2018:07:49:14 -0700] "GET /wp-includes/js/wp-emoji-release.min.js?ver=4.9.7 HTTP/1.1" 200 4595 "http://www.aablueprint.com/" "Mozilla/5.0 (Windows NT 10.0; Win64; x64) AppleWebKit/537.36 (KHTML, like Gecko) Chrome/52.0.2743.116 Safari/537.36 Edge/15.15063" 
65.154.132.170 - - [25/Jul/2018:07:49:14 -0700] "GET /wp-content/plugins/supercarousel/js/jquery.watch.js?ver=4.9.7 HTTP/1.1" 200 1627 "http://www.aablueprint.com/" "Mozilla/5.0 (Windows NT 10.0; Win64; x64) AppleWebKit/537.36 (KHTML, like Gecko) Chrome/52.0.2743.116 Safari/537.36 Edge/15.15063" 
65.154.132.170 - - [25/Jul/2018:07:49:14 -0700] "GET /wp-content/plugins/nivo-slider/scripts/nivo-slider/jquery.nivo.slider.pack.js?ver=4.9.7 HTTP/1.1" 200 3437 "http://www.aablueprint.com/" "Mozilla/5.0 (Windows NT 10.0; Win64; x64) AppleWebKit/537.36 (KHTML, like Gecko) Chrome/52.0.2743.116 Safari/537.36 Edge/15.15063" 
65.154.132.170 - - [25/Jul/2018:07:49:14 -0700] "GET /wp-content/plugins/contact-form-7/includes/js/scripts.js?ver=5.0.3 HTTP/1.1" 200 4449 "http://www.aablueprint.com/" "Mozilla/5.0 (Windows NT 10.0; Win64; x64) AppleWebKit/537.36 (KHTML, like Gecko) Chrome/52.0.2743.116 Safari/537.36 Edge/15.15063" 
65.154.132.170 - - [25/Jul/2018:07:49:14 -0700] "GET /wp-includes/js/wp-embed.min.js?ver=4.9.7 HTTP/1.1" 200 1079 "http://www.aablueprint.com/" "Mozilla/5.0 (Windows NT 10.0; Win64; x64) AppleWebKit/537.36 (KHTML, like Gecko) Chrome/52.0.2743.116 Safari/537.36 Edge/15.15063" 
65.154.132.170 - - [25/Jul/2018:07:49:14 -0700] "GET /wp-content/plugins/jetpack/modules/wpgroho.js?ver=4.9.7 HTTP/1.1" 200 817 "http://www.aablueprint.com/" "Mozilla/5.0 (Windows NT 10.0; Win64; x64) AppleWebKit/537.36 (KHTML, like Gecko) Chrome/52.0.2743.116 Safari/537.36 Edge/15.15063" 
65.154.132.170 - - [25/Jul/2018:07:49:14 -0700] "GET /wp-content/uploads/2014/04/home-slide-3_1.jpg HTTP/1.1" 200 84047 "http://www.aablueprint.com/" "Mozilla/5.0 (Windows NT 10.0; Win64; x64) AppleWebKit/537.36 (KHTML, like Gecko) Chrome/52.0.2743.116 Safari/537.36 Edge/15.15063" 
65.154.132.170 - - [25/Jul/2018:07:49:14 -0700] "GET /wp-content/uploads/2014/03/home-slide-4.jpg HTTP/1.1" 200 92688 "http://www.aablueprint.com/" "Mozilla/5.0 (Windows NT 10.0; Win64; x64) AppleWebKit/537.36 (KHTML, like Gecko) Chrome/52.0.2743.116 Safari/537.36 Edge/15.15063" 
65.154.132.170 - - [25/Jul/2018:07:49:14 -0700] "GET /wp-content/uploads/2014/03/home-slide-5.jpg HTTP/1.1" 200 83953 "http://www.aablueprint.com/" "Mozilla/5.0 (Windows NT 10.0; Win64; x64) AppleWebKit/537.36 (KHTML, like Gecko) Chrome/52.0.2743.116 Safari/537.36 Edge/15.15063" 
65.154.132.170 - - [25/Jul/2018:07:49:14 -0700] "GET /wp-content/uploads/2018/07/50th_slide.png HTTP/1.1" 200 231905 "http://www.aablueprint.com/" "Mozilla/5.0 (Windows NT 10.0; Win64; x64) AppleWebKit/537.36 (KHTML, like Gecko) Chrome/52.0.2743.116 Safari/537.36 Edge/15.15063" 
65.154.132.170 - - [25/Jul/2018:07:49:14 -0700] "GET /wp-content/uploads/2018/07/HPPWXL8000.jpg HTTP/1.1" 200 322721 "http://www.aablueprint.com/" "Mozilla/5.0 (Windows NT 10.0; Win64; x64) AppleWebKit/537.36 (KHTML, like Gecko) Chrome/52.0.2743.116 Safari/537.36 Edge/15.15063" 
65.154.132.170 - - [25/Jul/2018:07:49:14 -0700] "GET /wp-content/themes/aablueprint-v1.3/img/arrow-right-white.png HTTP/1.1" 200 450 "http://www.aablueprint.com/" "Mozilla/5.0 (Windows NT 10.0; Win64; x64) AppleWebKit/537.36 (KHTML, like Gecko) Chrome/52.0.2743.116 Safari/537.36 Edge/15.15063" 
65.154.132.170 - - [25/Jul/2018:07:49:14 -0700] "GET /wp-content/themes/aablueprint-v1.3/favicon.ico HTTP/1.1" 200 11642 "-" "Mozilla/5.0 (Windows NT 10.0; Win64; x64) AppleWebKit/537.36 (KHTML, like Gecko) Chrome/52.0.2743.116 Safari/537.36 Edge/15.15063" 
65.154.132.170 - - [25/Jul/2018:07:49:14 -0700] "GET /wp-content/themes/aablueprint-v1.3/img/arrow-down-white.png HTTP/1.1" 200 832 "http://www.aablueprint.com/" "Mozilla/5.0 (Windows NT 10.0; Win64; x64) AppleWebKit/537.36 (KHTML, like Gecko) Chrome/52.0.2743.116 Safari/537.36 Edge/15.15063" 
65.154.132.170 - - [25/Jul/2018:07:49:14 -0700] "GET /wp-content/uploads/2014/05/AABlueprint_Slider_Wraps_Layout.png HTTP/1.1" 200 410002 "http://www.aablueprint.com/" "Mozilla/5.0 (Windows NT 10.0; Win64; x64) AppleWebKit/537.36 (KHTML, like Gecko) Chrome/52.0.2743.116 Safari/537.36 Edge/15.15063" 
65.154.132.170 - - [25/Jul/2018:07:49:14 -0700] "GET /wp-content/themes/aablueprint-v1.3/img/photo-print-services.jpg HTTP/1.1" 200 13413 "http://www.aablueprint.com/" "Mozilla/5.0 (Windows NT 10.0; Win64; x64) AppleWebKit/537.36 (KHTML, like Gecko) Chrome/52.0.2743.116 Safari/537.36 Edge/15.15063" 
65.154.132.170 - - [25/Jul/2018:07:49:14 -0700] "GET /wp-content/themes/aablueprint-v1.3/img/logo-aa_blueprint.gif HTTP/1.1" 200 4760 "http://www.aablueprint.com/" "Mozilla/5.0 (Windows NT 10.0; Win64; x64) AppleWebKit/537.36 (KHTML, like Gecko) Chrome/52.0.2743.116 Safari/537.36 Edge/15.15063" 
65.154.132.170 - - [25/Jul/2018:07:49:14 -0700] "GET /wp-content/themes/aablueprint-v1.3/img/photo-equipment-sales.jpg HTTP/1.1" 200 11244 "http://www.aablueprint.com/" "Mozilla/5.0 (Windows NT 10.0; Win64; x64) AppleWebKit/537.36 (KHTML, like Gecko) Chrome/52.0.2743.116 Safari/537.36 Edge/15.15063" 
65.154.132.170 - - [25/Jul/2018:07:49:14 -0700] "GET /wp-content/themes/aablueprint-v1.3/img/icon-menu-mobile.gif HTTP/1.1" 200 418 "http://www.aablueprint.com/" "Mozilla/5.0 (Windows NT 10.0; Win64; x64) AppleWebKit/537.36 (KHTML, like Gecko) Chrome/52.0.2743.116 Safari/537.36 Edge/15.15063" 
65.154.132.170 - - [25/Jul/2018:07:49:14 -0700] "GET /wp-content/themes/aablueprint-v1.3/img/logo_repromax.jpg HTTP/1.1" 200 2122 "http://www.aablueprint.com/" "Mozilla/5.0 (Windows NT 10.0; Win64; x64) AppleWebKit/537.36 (KHTML, like Gecko) Chrome/52.0.2743.116 Safari/537.36 Edge/15.15063" 
65.154.132.170 - - [25/Jul/2018:07:49:14 -0700] "GET /wp-content/themes/aablueprint-v1.3/img/logo_epson.jpg HTTP/1.1" 200 2077 "http://www.aablueprint.com/" "Mozilla/5.0 (Windows NT 10.0; Win64; x64) AppleWebKit/537.36 (KHTML, like Gecko) Chrome/52.0.2743.116 Safari/537.36 Edge/15.15063" 
65.154.132.170 - - [25/Jul/2018:07:49:14 -0700] "GET /wp-content/themes/aablueprint-v1.3/img/logo_canon.jpg HTTP/1.1" 200 2015 "http://www.aablueprint.com/" "Mozilla/5.0 (Windows NT 10.0; Win64; x64) AppleWebKit/537.36 (KHTML, like Gecko) Chrome/52.0.2743.116 Safari/537.36 Edge/15.15063" 
65.154.132.170 - - [25/Jul/2018:07:49:14 -0700] "GET /wp-content/themes/aablueprint-v1.3/img/logo_hp.jpg HTTP/1.1" 200 1852 "http://www.aablueprint.com/" "Mozilla/5.0 (Windows NT 10.0; Win64; x64) AppleWebKit/537.36 (KHTML, like Gecko) Chrome/52.0.2743.116 Safari/537.36 Edge/15.15063" 
65.154.132.170 - - [25/Jul/2018:07:49:14 -0700] "GET /wp-content/themes/aablueprint-v1.3/img/logo_edge.jpg HTTP/1.1" 200 2756 "http://www.aablueprint.com/" "Mozilla/5.0 (Windows NT 10.0; Win64; x64) AppleWebKit/537.36 (KHTML, like Gecko) Chrome/52.0.2743.116 Safari/537.36 Edge/15.15063" 
65.154.132.170 - - [25/Jul/2018:07:49:14 -0700] "GET /wp-content/themes/aablueprint-v1.3/img/icon_facebook.jpg HTTP/1.1" 200 3491 "http://www.aablueprint.com/" "Mozilla/5.0 (Windows NT 10.0; Win64; x64) AppleWebKit/537.36 (KHTML, like Gecko) Chrome/52.0.2743.116 Safari/537.36 Edge/15.15063" 
65.154.132.170 - - [25/Jul/2018:07:49:14 -0700] "GET /wp-content/uploads/2014/04/home-slide-2d.jpg HTTP/1.1" 200 155112 "http://www.aablueprint.com/" "Mozilla/5.0 (Windows NT 10.0; Win64; x64) AppleWebKit/537.36 (KHTML, like Gecko) Chrome/52.0.2743.116 Safari/537.36 Edge/15.15063" 
65.154.132.170 - - [25/Jul/2018:07:49:55 -0700] "-" 408 0 "-" "-" 
173.252.115.192 - - [25/Jul/2018:07:50:16 -0700] "GET / HTTP/1.1" 206 5779 "-" "facebookexternalhit/1.1 (+http://www.facebook.com/externalhit_uatext.php)" 
104.154.198.228 - - [25/Jul/2018:07:51:02 -0700] "GET /brands/canon-imageprograf/feed/ HTTP/1.1" 200 9063 "-" "Java/1.8.0_121" 
208.113.153.204 - - [25/Jul/2018:07:52:33 -0700] "POST /wp-cron.php?doing_wp_cron=1532530352.8698089122772216796875 HTTP/1.1" 200 409 "http://www.aablueprint.com/wp-cron.php?doing_wp_cron=1532530352.8698089122772216796875" "WordPress/4.9.7; http://www.aablueprint.com" 
88.237.37.112 - - [25/Jul/2018:07:52:32 -0700] "GET / HTTP/1.1" 200 23039 "-" "Mozilla/5.0 (Windows NT 10.0; WOW64) AppleWebKit/537.36 (KHTML, like Gecko) Chrome/52.0.2743.116 Safari/537.36" 
208.113.153.204 - - [25/Jul/2018:07:54:58 -0700] "POST /wp-cron.php?doing_wp_cron=1532530497.8381938934326171875000 HTTP/1.1" 200 411 "http://www.aablueprint.com/wp-cron.php?doing_wp_cron=1532530497.8381938934326171875000" "WordPress/4.9.7; http://www.aablueprint.com" 
216.244.66.230 - - [25/Jul/2018:07:54:57 -0700] "GET /equipment_sales/imageprograf-ipf780-mfp-m40/feed/ HTTP/1.1" 404 17865 "-" "Mozilla/5.0 (compatible; DotBot/1.1; http://www.opensiteexplorer.org/dotbot, help@moz.com)" 
178.137.88.27 - - [25/Jul/2018:07:56:02 -0700] "GET / HTTP/1.1" 301 506 "-" "Mozilla/5.0 (Windows NT 10.0; Win64; x64) AppleWebKit/537.36 (KHTML, like Gecko) Chrome/63.0.3239.132 Safari/537.36" 
178.137.88.27 - - [25/Jul/2018:07:56:03 -0700] "POST //connectors/system/phpthumb.php HTTP/1.1" 404 17906 "-" "Mozilla/5.0 (Windows NT 10.0; Win64; x64) AppleWebKit/537.36 (KHTML, like Gecko) Chrome/63.0.3239.132 Safari/537.36" 
178.137.88.27 - - [25/Jul/2018:07:56:04 -0700] "GET //dbs.php HTTP/1.1" 301 381 "-" "Mozilla/5.0 (Windows NT 10.0; Win64; x64) AppleWebKit/537.36 (KHTML, like Gecko) Chrome/63.0.3239.132 Safari/537.36" 
212.86.109.31 - - [25/Jul/2018:07:57:21 -0700] "HEAD / HTTP/1.1" 200 547 "https://chopperdom.ru/shop/id/44-sedla" "Mozilla/3.0 (compatible; MSIE7.00; Windows 2004)" 
